Archive member included to satisfy reference by file (symbol)

c:/program files (x86)/atmel/studio/7.0/toolchain/avr8/avr8-gnu-toolchain/bin/../lib/gcc/avr/5.4.0/../../../../avr/lib/avrxmega6\libm.a(addsf3.o)
                              src/adc_example1_gfx.o (__addsf3)
c:/program files (x86)/atmel/studio/7.0/toolchain/avr8/avr8-gnu-toolchain/bin/../lib/gcc/avr/5.4.0/../../../../avr/lib/avrxmega6\libm.a(addsf3x.o)
                              c:/program files (x86)/atmel/studio/7.0/toolchain/avr8/avr8-gnu-toolchain/bin/../lib/gcc/avr/5.4.0/../../../../avr/lib/avrxmega6\libm.a(addsf3.o) (__addsf3x)
c:/program files (x86)/atmel/studio/7.0/toolchain/avr8/avr8-gnu-toolchain/bin/../lib/gcc/avr/5.4.0/../../../../avr/lib/avrxmega6\libm.a(fixsfsi.o)
                              src/adc_example1_gfx.o (__fixsfsi)
c:/program files (x86)/atmel/studio/7.0/toolchain/avr8/avr8-gnu-toolchain/bin/../lib/gcc/avr/5.4.0/../../../../avr/lib/avrxmega6\libm.a(fixunssfsi.o)
                              c:/program files (x86)/atmel/studio/7.0/toolchain/avr8/avr8-gnu-toolchain/bin/../lib/gcc/avr/5.4.0/../../../../avr/lib/avrxmega6\libm.a(fixsfsi.o) (__fixunssfsi)
c:/program files (x86)/atmel/studio/7.0/toolchain/avr8/avr8-gnu-toolchain/bin/../lib/gcc/avr/5.4.0/../../../../avr/lib/avrxmega6\libm.a(floatsisf.o)
                              src/adc_example1_gfx.o (__floatunsisf)
c:/program files (x86)/atmel/studio/7.0/toolchain/avr8/avr8-gnu-toolchain/bin/../lib/gcc/avr/5.4.0/../../../../avr/lib/avrxmega6\libm.a(fp_inf.o)
                              c:/program files (x86)/atmel/studio/7.0/toolchain/avr8/avr8-gnu-toolchain/bin/../lib/gcc/avr/5.4.0/../../../../avr/lib/avrxmega6\libm.a(addsf3x.o) (__fp_inf)
c:/program files (x86)/atmel/studio/7.0/toolchain/avr8/avr8-gnu-toolchain/bin/../lib/gcc/avr/5.4.0/../../../../avr/lib/avrxmega6\libm.a(fp_nan.o)
                              c:/program files (x86)/atmel/studio/7.0/toolchain/avr8/avr8-gnu-toolchain/bin/../lib/gcc/avr/5.4.0/../../../../avr/lib/avrxmega6\libm.a(addsf3x.o) (__fp_nan)
c:/program files (x86)/atmel/studio/7.0/toolchain/avr8/avr8-gnu-toolchain/bin/../lib/gcc/avr/5.4.0/../../../../avr/lib/avrxmega6\libm.a(fp_pscA.o)
                              c:/program files (x86)/atmel/studio/7.0/toolchain/avr8/avr8-gnu-toolchain/bin/../lib/gcc/avr/5.4.0/../../../../avr/lib/avrxmega6\libm.a(addsf3x.o) (__fp_pscA)
c:/program files (x86)/atmel/studio/7.0/toolchain/avr8/avr8-gnu-toolchain/bin/../lib/gcc/avr/5.4.0/../../../../avr/lib/avrxmega6\libm.a(fp_pscB.o)
                              c:/program files (x86)/atmel/studio/7.0/toolchain/avr8/avr8-gnu-toolchain/bin/../lib/gcc/avr/5.4.0/../../../../avr/lib/avrxmega6\libm.a(addsf3x.o) (__fp_pscB)
c:/program files (x86)/atmel/studio/7.0/toolchain/avr8/avr8-gnu-toolchain/bin/../lib/gcc/avr/5.4.0/../../../../avr/lib/avrxmega6\libm.a(fp_round.o)
                              c:/program files (x86)/atmel/studio/7.0/toolchain/avr8/avr8-gnu-toolchain/bin/../lib/gcc/avr/5.4.0/../../../../avr/lib/avrxmega6\libm.a(addsf3.o) (__fp_round)
c:/program files (x86)/atmel/studio/7.0/toolchain/avr8/avr8-gnu-toolchain/bin/../lib/gcc/avr/5.4.0/../../../../avr/lib/avrxmega6\libm.a(fp_split3.o)
                              c:/program files (x86)/atmel/studio/7.0/toolchain/avr8/avr8-gnu-toolchain/bin/../lib/gcc/avr/5.4.0/../../../../avr/lib/avrxmega6\libm.a(addsf3x.o) (__fp_split3)
c:/program files (x86)/atmel/studio/7.0/toolchain/avr8/avr8-gnu-toolchain/bin/../lib/gcc/avr/5.4.0/../../../../avr/lib/avrxmega6\libm.a(fp_zero.o)
                              c:/program files (x86)/atmel/studio/7.0/toolchain/avr8/avr8-gnu-toolchain/bin/../lib/gcc/avr/5.4.0/../../../../avr/lib/avrxmega6\libm.a(addsf3x.o) (__fp_zero)
c:/program files (x86)/atmel/studio/7.0/toolchain/avr8/avr8-gnu-toolchain/bin/../lib/gcc/avr/5.4.0/../../../../avr/lib/avrxmega6\libm.a(mulsf3.o)
                              src/adc_example1_gfx.o (__mulsf3)
c:/program files (x86)/atmel/studio/7.0/toolchain/avr8/avr8-gnu-toolchain/bin/../lib/gcc/avr/5.4.0/../../../../avr/lib/avrxmega6\libm.a(mulsf3x.o)
                              c:/program files (x86)/atmel/studio/7.0/toolchain/avr8/avr8-gnu-toolchain/bin/../lib/gcc/avr/5.4.0/../../../../avr/lib/avrxmega6\libm.a(mulsf3.o) (__mulsf3x)
c:/program files (x86)/atmel/studio/7.0/toolchain/avr8/avr8-gnu-toolchain/bin/../lib/gcc/avr/5.4.0/avrxmega6\libgcc.a(_udivmodsi4.o)
                              src/ASF/xmega/drivers/usart/usart.o (__udivmodsi4)
c:/program files (x86)/atmel/studio/7.0/toolchain/avr8/avr8-gnu-toolchain/bin/../lib/gcc/avr/5.4.0/avrxmega6\libgcc.a(_exit.o)
                              C:/Program Files (x86)/Atmel/Studio/7.0/Packs/atmel/XMEGAA_DFP/1.1.68/gcc/dev/atxmega256a3bu/avrxmega6/crtatxmega256a3bu.o (exit)
c:/program files (x86)/atmel/studio/7.0/toolchain/avr8/avr8-gnu-toolchain/bin/../lib/gcc/avr/5.4.0/avrxmega6\libgcc.a(_copy_data.o)
                              src/adc_example1_gfx.o (__do_copy_data)
[...]
Memory Configuration

Name             Origin             Length             Attributes
text             0x00000000         0x00100000         xr
data             0x00802000         0x0000ffa0         rw !x
eeprom           0x00810000         0x00010000         rw !x
fuse             0x00820000         0x00000006         rw !x
lock             0x00830000         0x00000400         rw !x
signature        0x00840000         0x00000400         rw !x
user_signatures  0x00850000         0x00000400         rw !x
*default*        0x00000000         0xffffffff

Linker script and memory map

LOAD C:/Program Files (x86)/Atmel/Studio/7.0/Packs/atmel/XMEGAA_DFP/1.1.68/gcc/dev/atxmega256a3bu/avrxmega6/crtatxmega256a3bu.o
LOAD src/adc_example1_gfx.o
LOAD src/ASF/common/components/display/st7565r/st7565r.o
LOAD src/ASF/common/services/clock/xmega/sysclk.o
LOAD src/ASF/common/services/gfx_mono/gfx_mono_c12832_a1z.o
LOAD src/ASF/common/services/gfx_mono/gfx_mono_framebuffer.o
LOAD src/ASF/common/services/gfx_mono/gfx_mono_generic.o
LOAD src/ASF/common/services/gfx_mono/gfx_mono_text.o
LOAD src/ASF/common/services/gfx_mono/sysfont.o
LOAD src/ASF/common/services/ioport/xmega/ioport_compat.o
LOAD src/ASF/common/services/sleepmgr/xmega/sleepmgr.o
LOAD src/ASF/common/services/spi/xmega_usart_spi/usart_spi.o
LOAD src/ASF/xmega/boards/xmega_a3bu_xplained/init.o
LOAD src/ASF/xmega/drivers/adc/adc.o
LOAD src/ASF/xmega/drivers/adc/xmega_aau/adc_aau.o
LOAD src/ASF/xmega/drivers/cpu/ccp.o
LOAD src/ASF/xmega/drivers/nvm/nvm.o
LOAD src/ASF/xmega/drivers/nvm/nvm_asm.o
LOAD src/ASF/xmega/drivers/usart/usart.o
START GROUP
LOAD c:/program files (x86)/atmel/studio/7.0/toolchain/avr8/avr8-gnu-toolchain/bin/../lib/gcc/avr/5.4.0/../../../../avr/lib/avrxmega6\libm.a
END GROUP
Address of section .BOOT set to 0x40000
START GROUP
LOAD c:/program files (x86)/atmel/studio/7.0/toolchain/avr8/avr8-gnu-toolchain/bin/../lib/gcc/avr/5.4.0/avrxmega6\libgcc.a
LOAD c:/program files (x86)/atmel/studio/7.0/toolchain/avr8/avr8-gnu-toolchain/bin/../lib/gcc/avr/5.4.0/../../../../avr/lib/avrxmega6\libm.a
LOAD c:/program files (x86)/atmel/studio/7.0/toolchain/avr8/avr8-gnu-toolchain/bin/../lib/gcc/avr/5.4.0/../../../../avr/lib/avrxmega6\libc.a
LOAD C:/Program Files (x86)/Atmel/Studio/7.0/Packs/atmel/XMEGAA_DFP/1.1.68/gcc/dev/atxmega256a3bu/avrxmega6\libatxmega256a3bu.a
END GROUP
                0x00100000                __TEXT_REGION_LENGTH__ = DEFINED (__TEXT_REGION_LENGTH__)?__TEXT_REGION_LENGTH__:0x100000
                0x0000ffa0                __DATA_REGION_LENGTH__ = DEFINED (__DATA_REGION_LENGTH__)?__DATA_REGION_LENGTH__:0xffa0
                0x00010000                __EEPROM_REGION_LENGTH__ = DEFINED (__EEPROM_REGION_LENGTH__)?__EEPROM_REGION_LENGTH__:0x10000
                [0x00000006]                __FUSE_REGION_LENGTH__ = DEFINED (__FUSE_REGION_LENGTH__)?__FUSE_REGION_LENGTH__:0x400
                0x00000400                __LOCK_REGION_LENGTH__ = DEFINED (__LOCK_REGION_LENGTH__)?__LOCK_REGION_LENGTH__:0x400
                0x00000400                __SIGNATURE_REGION_LENGTH__ = DEFINED (__SIGNATURE_REGION_LENGTH__)?__SIGNATURE_REGION_LENGTH__:0x400
                0x00000400                __USER_SIGNATURE_REGION_LENGTH__ = DEFINED (__USER_SIGNATURE_REGION_LENGTH__)?__USER_SIGNATURE_REGION_LENGTH__:0x400

.hash
 *(.hash)

.dynsym
 *(.dynsym)

.dynstr
 *(.dynstr)

.gnu.version
 *(.gnu.version)

.gnu.version_d
 *(.gnu.version_d)

.gnu.version_r
 *(.gnu.version_r)

.rel.init
 *(.rel.init)

.rela.init
 *(.rela.init)

.rel.text
 *(.rel.text)
 *(.rel.text.*)
 *(.rel.gnu.linkonce.t*)

.rela.text
 *(.rela.text)
 *(.rela.text.*)
 *(.rela.gnu.linkonce.t*)

.rel.fini
 *(.rel.fini)

.rela.fini
 *(.rela.fini)

.rel.rodata
 *(.rel.rodata)
 *(.rel.rodata.*)
 *(.rel.gnu.linkonce.r*)

.rela.rodata
 *(.rela.rodata)
 *(.rela.rodata.*)
 *(.rela.gnu.linkonce.r*)

.rel.data
 *(.rel.data)
 *(.rel.data.*)
 *(.rel.gnu.linkonce.d*)

.rela.data
 *(.rela.data)
 *(.rela.data.*)
 *(.rela.gnu.linkonce.d*)

.rel.ctors
 *(.rel.ctors)

.rela.ctors
 *(.rela.ctors)

.rel.dtors
 *(.rel.dtors)

.rela.dtors
 *(.rela.dtors)

.rel.got
 *(.rel.got)

.rela.got
 *(.rela.got)

.rel.bss
 *(.rel.bss)

.rela.bss
 *(.rela.bss)

.rel.plt
 *(.rel.plt)

.rela.plt
 *(.rela.plt)

.text           0x00000000     0x2abc
 *(.vectors)
 .vectors       0x00000000      0x1fc C:/Program Files (x86)/Atmel/Studio/7.0/Packs/atmel/XMEGAA_DFP/1.1.68/gcc/dev/atxmega256a3bu/avrxmega6/crtatxmega256a3bu.o
                0x00000000                __vector_default
                0x00000000                __vectors
 *(.vectors)
 *(.progmem.gcc*)
                0x000001fc                . = ALIGN (0x2)
                0x000001fc                __trampolines_start = .
 *(.trampolines)
 .trampolines   0x000001fc        0x0 linker stubs
 *(.trampolines*)
                0x000001fc                __trampolines_end = .
 *libprintf_flt.a:*(.progmem.data)
 *libc.a:*(.progmem.data)
 *(.progmem*)
 .progmem.data.sysfont_glyphs
                0x000001fc      0x292 src/ASF/common/services/gfx_mono/sysfont.o
                0x0000048e                . = ALIGN (0x2)
 *(.jumptables)
 *(.jumptables*)
 *(.lowtext)
 *(.lowtext*)
                0x0000048e                __ctors_start = .
 *(.ctors)
                0x0000048e                __ctors_end = .
                0x0000048e                __dtors_start = .
 *(.dtors)
                0x0000048e                __dtors_end = .
 SORT(*)(.ctors)
 SORT(*)(.dtors)
 *(.init0)
 .init0         0x0000048e        0x0 C:/Program Files (x86)/Atmel/Studio/7.0/Packs/atmel/XMEGAA_DFP/1.1.68/gcc/dev/atxmega256a3bu/avrxmega6/crtatxmega256a3bu.o
                0x0000048e                __init
 *(.init0)
 *(.init1)
 *(.init1)
 *(.init2)
 .init2         0x0000048e       0x10 C:/Program Files (x86)/Atmel/Studio/7.0/Packs/atmel/XMEGAA_DFP/1.1.68/gcc/dev/atxmega256a3bu/avrxmega6/crtatxmega256a3bu.o
 *(.init2)
 *(.init3)
 *(.init3)
 *(.init4)
 .init4         0x0000049e       0x1a c:/program files (x86)/atmel/studio/7.0/toolchain/avr8/avr8-gnu-toolchain/bin/../lib/gcc/avr/5.4.0/avrxmega6\libgcc.a(_copy_data.o)
                0x0000049e                __do_copy_data
 .init4         0x000004b8       0x10 c:/program files (x86)/atmel/studio/7.0/toolchain/avr8/avr8-gnu-toolchain/bin/../lib/gcc/avr/5.4.0/avrxmega6\libgcc.a(_clear_bss.o)
                0x000004b8                __do_clear_bss
 *(.init4)
 *(.init5)
 *(.init5)
 *(.init6)
 *(.init6)
 *(.init7)
 *(.init7)
 *(.init8)
 *(.init8)
 *(.init9)
 .init9         0x000004c8        0x6 C:/Program Files (x86)/Atmel/Studio/7.0/Packs/atmel/XMEGAA_DFP/1.1.68/gcc/dev/atxmega256a3bu/avrxmega6/crtatxmega256a3bu.o
 *(.init9)
 *(.text)
 .text          0x000004ce        0x2 C:/Program Files (x86)/Atmel/Studio/7.0/Packs/atmel/XMEGAA_DFP/1.1.68/gcc/dev/atxmega256a3bu/avrxmega6/crtatxmega256a3bu.o
                0x000004ce                __vector_38
                0x000004ce                __vector_104
                0x000004ce                __vector_22
                0x000004ce                __vector_63
                0x000004ce                __vector_28
                0x000004ce                __vector_67
                0x000004ce                __vector_1
                0x000004ce                __vector_119
                0x000004ce                __vector_32
                0x000004ce                __vector_75
                0x000004ce                __vector_91
                0x000004ce                __vector_34
                0x000004ce                __vector_62
                0x000004ce                __vector_77
                0x000004ce                __vector_102
                0x000004ce                __vector_24
                0x000004ce                __vector_12
                0x000004ce                __vector_55
                0x000004ce                __vector_69
                0x000004ce                __vector_81
                0x000004ce                __vector_90
                0x000004ce                __vector_46
                0x000004ce                __bad_interrupt
                0x000004ce                __vector_122
                0x000004ce                __vector_114
                0x000004ce                __vector_6
                0x000004ce                __vector_110
                0x000004ce                __vector_31
                0x000004ce                __vector_92
                0x000004ce                __vector_35
                0x000004ce                __vector_78
                0x000004ce                __vector_117
                0x000004ce                __vector_107
                0x000004ce                __vector_3
                0x000004ce                __vector_105
                0x000004ce                __vector_98
                0x000004ce                __vector_23
                0x000004ce                __vector_68
                0x000004ce                __vector_30
                0x000004ce                __vector_45
                0x000004ce                __vector_25
                0x000004ce                __vector_93
                0x000004ce                __vector_61
                0x000004ce                __vector_11
                0x000004ce                __vector_54
                0x000004ce                __vector_99
                0x000004ce                __vector_13
                0x000004ce                __vector_17
                0x000004ce                __vector_19
                0x000004ce                __vector_56
                0x000004ce                __vector_7
                0x000004ce                __vector_125
                0x000004ce                __vector_49
                0x000004ce                __vector_123
                0x000004ce                __vector_86
                0x000004ce                __vector_100
                0x000004ce                __vector_101
                0x000004ce                __vector_64
                0x000004ce                __vector_88
                0x000004ce                __vector_109
                0x000004ce                __vector_43
                0x000004ce                __vector_27
                0x000004ce                __vector_5
                0x000004ce                __vector_113
                0x000004ce                __vector_33
                0x000004ce                __vector_76
                0x000004ce                __vector_115
                0x000004ce                __vector_47
                0x000004ce                __vector_52
                0x000004ce                __vector_37
                0x000004ce                __vector_95
                0x000004ce                __vector_103
                0x000004ce                __vector_96
                0x000004ce                __vector_89
                0x000004ce                __vector_108
                0x000004ce                __vector_4
                0x000004ce                __vector_44
                0x000004ce                __vector_82
                0x000004ce                __vector_106
                0x000004ce                __vector_118
                0x000004ce                __vector_51
                0x000004ce                __vector_9
                0x000004ce                __vector_2
                0x000004ce                __vector_21
                0x000004ce                __vector_15
                0x000004ce                __vector_66
                0x000004ce                __vector_36
                0x000004ce                __vector_79
                0x000004ce                __vector_58
                0x000004ce                __vector_70
                0x000004ce                __vector_83
                0x000004ce                __vector_29
                0x000004ce                __vector_60
                0x000004ce                __vector_121
                0x000004ce                __vector_85
                0x000004ce                __vector_94
                0x000004ce                __vector_126
                0x000004ce                __vector_8
                0x000004ce                __vector_26
                0x000004ce                __vector_48
                0x000004ce                __vector_124
                0x000004ce                __vector_116
                0x000004ce                __vector_112
                0x000004ce                __vector_111
                0x000004ce                __vector_80
                0x000004ce                __vector_14
                0x000004ce                __vector_84
                0x000004ce                __vector_57
                0x000004ce                __vector_53
                0x000004ce                __vector_10
                0x000004ce                __vector_50
                0x000004ce                __vector_16
                0x000004ce                __vector_59
                0x000004ce                __vector_18
                0x000004ce                __vector_97
                0x000004ce                __vector_20
                0x000004ce                __vector_87
                0x000004ce                __vector_65
                0x000004ce                __vector_120
                0x000004d0                . = ALIGN (0x2)
 *(.text.*)
 .text.adc_handler
                0x000004d0      0x166 src/adc_example1_gfx.o
 .text.main     0x00000636       0xc4 src/adc_example1_gfx.o
                0x00000636                main
 .text.__portable_avr_delay_cycles
                0x000006fa       0x16 src/ASF/common/components/display/st7565r/st7565r.o
 .text.st7565r_init
                0x00000710      0x388 src/ASF/common/components/display/st7565r/st7565r.o
                0x00000710                st7565r_init
 .text.sysclk_init
                0x00000a98       0x72 src/ASF/common/services/clock/xmega/sysclk.o
                0x00000a98                sysclk_init
 .text.sysclk_enable_module
                0x00000b0a       0x2c src/ASF/common/services/clock/xmega/sysclk.o
                0x00000b0a                sysclk_enable_module
 .text.sysclk_disable_module
                0x00000b36       0x2a src/ASF/common/services/clock/xmega/sysclk.o
                0x00000b36                sysclk_disable_module
 .text.gfx_mono_st7565r_put_byte
                0x00000b60      0x14e src/ASF/common/services/gfx_mono/gfx_mono_c12832_a1z.o
                0x00000b60                gfx_mono_st7565r_put_byte
 .text.gfx_mono_st7565r_init
                0x00000cae       0x84 src/ASF/common/services/gfx_mono/gfx_mono_c12832_a1z.o
                0x00000cae                gfx_mono_st7565r_init
 .text.gfx_mono_st7565r_draw_pixel
                0x00000d32       0x6c src/ASF/common/services/gfx_mono/gfx_mono_c12832_a1z.o
                0x00000d32                gfx_mono_st7565r_draw_pixel
 .text.gfx_mono_st7565r_get_byte
                0x00000d9e        0x4 src/ASF/common/services/gfx_mono/gfx_mono_c12832_a1z.o
                0x00000d9e                gfx_mono_st7565r_get_byte
 .text.gfx_mono_set_framebuffer
                0x00000da2        0xa src/ASF/common/services/gfx_mono/gfx_mono_framebuffer.o
                0x00000da2                gfx_mono_set_framebuffer
 .text.gfx_mono_framebuffer_put_byte
                0x00000dac       0x1c src/ASF/common/services/gfx_mono/gfx_mono_framebuffer.o
                0x00000dac                gfx_mono_framebuffer_put_byte
 .text.gfx_mono_framebuffer_get_byte
                0x00000dc8       0x1c src/ASF/common/services/gfx_mono/gfx_mono_framebuffer.o
                0x00000dc8                gfx_mono_framebuffer_get_byte
 .text.gfx_mono_generic_draw_horizontal_line
                0x00000de4       0xc4 src/ASF/common/services/gfx_mono/gfx_mono_generic.o
                0x00000de4                gfx_mono_generic_draw_horizontal_line
 .text.gfx_mono_generic_draw_filled_rect
                0x00000ea8       0x34 src/ASF/common/services/gfx_mono/gfx_mono_generic.o
                0x00000ea8                gfx_mono_generic_draw_filled_rect
 .text.gfx_mono_draw_char
                0x00000edc       0xba src/ASF/common/services/gfx_mono/gfx_mono_text.o
                0x00000edc                gfx_mono_draw_char
 .text.gfx_mono_draw_string
                0x00000f96       0x52 src/ASF/common/services/gfx_mono/gfx_mono_text.o
                0x00000f96                gfx_mono_draw_string
 .text.ioport_configure_port_pin
                0x00000fe8       0x4e src/ASF/common/services/ioport/xmega/ioport_compat.o
                0x00000fe8                ioport_configure_port_pin
 .text.usart_spi_init
                0x00001036       0x5e src/ASF/common/services/spi/xmega_usart_spi/usart_spi.o
                0x00001036                usart_spi_init
 .text.usart_spi_setup_device
                0x00001094       0x34 src/ASF/common/services/spi/xmega_usart_spi/usart_spi.o
                0x00001094                usart_spi_setup_device
 .text.usart_spi_select_device
                0x000010c8       0x2c src/ASF/common/services/spi/xmega_usart_spi/usart_spi.o
                0x000010c8                usart_spi_select_device
 .text.usart_spi_deselect_device
                0x000010f4       0x2c src/ASF/common/services/spi/xmega_usart_spi/usart_spi.o
                0x000010f4                usart_spi_deselect_device
 .text.board_init
                0x00001120       0x9e src/ASF/xmega/boards/xmega_a3bu_xplained/init.o
                0x00001120                board_init
 .text.adc_set_callback
                0x000011be       0x40 src/ASF/xmega/drivers/adc/adc.o
                0x000011be                adc_set_callback
 .text.adc_enable_clock
                0x000011fe       0x3e src/ASF/xmega/drivers/adc/adc.o
                0x000011fe                adc_enable_clock
 .text.adc_disable_clock
                0x0000123c       0x3a src/ASF/xmega/drivers/adc/adc.o
                0x0000123c                adc_disable_clock
 .text.adc_enable
                0x00001276       0x58 src/ASF/xmega/drivers/adc/adc.o
                0x00001276                adc_enable
 .text.__vector_71
                0x000012ce       0x64 src/ASF/xmega/drivers/adc/xmega_aau/adc_aau.o
                0x000012ce                __vector_71
 .text.__vector_72
                0x00001332       0x64 src/ASF/xmega/drivers/adc/xmega_aau/adc_aau.o
                0x00001332                __vector_72
 .text.__vector_73
                0x00001396       0x64 src/ASF/xmega/drivers/adc/xmega_aau/adc_aau.o
                0x00001396                __vector_73
 .text.__vector_74
                0x000013fa       0x64 src/ASF/xmega/drivers/adc/xmega_aau/adc_aau.o
                0x000013fa                __vector_74
 .text.__vector_39
                0x0000145e       0x64 src/ASF/xmega/drivers/adc/xmega_aau/adc_aau.o
                0x0000145e                __vector_39
 .text.__vector_40
                0x000014c2       0x64 src/ASF/xmega/drivers/adc/xmega_aau/adc_aau.o
                0x000014c2                __vector_40
 .text.__vector_41
                0x00001526       0x64 src/ASF/xmega/drivers/adc/xmega_aau/adc_aau.o
                0x00001526                __vector_41
 .text.__vector_42
                0x0000158a       0x64 src/ASF/xmega/drivers/adc/xmega_aau/adc_aau.o
                0x0000158a                __vector_42
 .text.adc_write_configuration
                0x000015ee       0xcc src/ASF/xmega/drivers/adc/xmega_aau/adc_aau.o
                0x000015ee                adc_write_configuration
 .text.adc_read_configuration
                0x000016ba       0x72 src/ASF/xmega/drivers/adc/xmega_aau/adc_aau.o
                0x000016ba                adc_read_configuration
 .text.adcch_write_configuration
                0x0000172c       0x96 src/ASF/xmega/drivers/adc/xmega_aau/adc_aau.o
                0x0000172c                adcch_write_configuration
 .text.adcch_read_configuration
                0x000017c2       0x96 src/ASF/xmega/drivers/adc/xmega_aau/adc_aau.o
                0x000017c2                adcch_read_configuration
 .text.ccp_write_io
                0x00001858        0xc src/ASF/xmega/drivers/cpu/ccp.o
                0x00001858                ccp_write_io
 .text.nvm_read_byte
                0x00001864       0x14 src/ASF/xmega/drivers/nvm/nvm_asm.o
                0x00001864                nvm_read_byte
 .text.usart_putchar
                0x00001878       0x10 src/ASF/xmega/drivers/usart/usart.o
                0x00001878                usart_putchar
 .text.usart_set_baudrate
                0x00001888      0x21e src/ASF/xmega/drivers/usart/usart.o
                0x00001888                usart_set_baudrate
 .text.usart_init_rs232
                0x00001aa6      0x252 src/ASF/xmega/drivers/usart/usart.o
                0x00001aa6                usart_init_rs232
 .text.usart_spi_set_baudrate
                0x00001cf8       0x62 src/ASF/xmega/drivers/usart/usart.o
                0x00001cf8                usart_spi_set_baudrate
 .text.usart_init_spi
                0x00001d5a      0x402 src/ASF/xmega/drivers/usart/usart.o
                0x00001d5a                usart_init_spi
 .text.avr-libc.fplib
                0x0000215c        0xa c:/program files (x86)/atmel/studio/7.0/toolchain/avr8/avr8-gnu-toolchain/bin/../lib/gcc/avr/5.4.0/../../../../avr/lib/avrxmega6\libm.a(addsf3.o)
                0x0000215c                __subsf3
                0x0000215e                __addsf3
 .text.avr-libc.fplib
                0x00002166       0xc0 c:/program files (x86)/atmel/studio/7.0/toolchain/avr8/avr8-gnu-toolchain/bin/../lib/gcc/avr/5.4.0/../../../../avr/lib/avrxmega6\libm.a(addsf3x.o)
                0x00002180                __addsf3x
 .text.avr-libc.fplib
                0x00002226        0xa c:/program files (x86)/atmel/studio/7.0/toolchain/avr8/avr8-gnu-toolchain/bin/../lib/gcc/avr/5.4.0/../../../../avr/lib/avrxmega6\libm.a(fixsfsi.o)
                0x00002226                __fixsfsi
 .text.avr-libc.fplib
                0x00002230       0x58 c:/program files (x86)/atmel/studio/7.0/toolchain/avr8/avr8-gnu-toolchain/bin/../lib/gcc/avr/5.4.0/../../../../avr/lib/avrxmega6\libm.a(fixunssfsi.o)
                0x00002230                __fixunssfsi
 .text.avr-libc.fplib
                0x00002288       0x7a c:/program files (x86)/atmel/studio/7.0/toolchain/avr8/avr8-gnu-toolchain/bin/../lib/gcc/avr/5.4.0/../../../../avr/lib/avrxmega6\libm.a(floatsisf.o)
                0x00002288                __floatunsisf
                0x0000228c                __floatsisf
 .text.avr-libc.fplib
                0x00002302        0xc c:/program files (x86)/atmel/studio/7.0/toolchain/avr8/avr8-gnu-toolchain/bin/../lib/gcc/avr/5.4.0/../../../../avr/lib/avrxmega6\libm.a(fp_inf.o)
                0x00002302                __fp_inf
 .text.avr-libc.fplib
                0x0000230e        0x6 c:/program files (x86)/atmel/studio/7.0/toolchain/avr8/avr8-gnu-toolchain/bin/../lib/gcc/avr/5.4.0/../../../../avr/lib/avrxmega6\libm.a(fp_nan.o)
                0x0000230e                __fp_nan
 .text.avr-libc.fplib
                0x00002314        0xe c:/program files (x86)/atmel/studio/7.0/toolchain/avr8/avr8-gnu-toolchain/bin/../lib/gcc/avr/5.4.0/../../../../avr/lib/avrxmega6\libm.a(fp_pscA.o)
                0x00002314                __fp_pscA
 .text.avr-libc.fplib
                0x00002322        0xe c:/program files (x86)/atmel/studio/7.0/toolchain/avr8/avr8-gnu-toolchain/bin/../lib/gcc/avr/5.4.0/../../../../avr/lib/avrxmega6\libm.a(fp_pscB.o)
                0x00002322                __fp_pscB
 .text.avr-libc.fplib
                0x00002330       0x22 c:/program files (x86)/atmel/studio/7.0/toolchain/avr8/avr8-gnu-toolchain/bin/../lib/gcc/avr/5.4.0/../../../../avr/lib/avrxmega6\libm.a(fp_round.o)
                0x00002330                __fp_round
 .text.avr-libc.fplib
                0x00002352       0x44 c:/program files (x86)/atmel/studio/7.0/toolchain/avr8/avr8-gnu-toolchain/bin/../lib/gcc/avr/5.4.0/../../../../avr/lib/avrxmega6\libm.a(fp_split3.o)
                0x00002352                __fp_split3
                0x00002362                __fp_splitA
 .text.avr-libc.fplib
                0x00002396        0xe c:/program files (x86)/atmel/studio/7.0/toolchain/avr8/avr8-gnu-toolchain/bin/../lib/gcc/avr/5.4.0/../../../../avr/lib/avrxmega6\libm.a(fp_zero.o)
                0x00002396                __fp_zero
                0x00002398                __fp_szero
 .text.avr-libc.fplib
                0x000023a4        0x4 c:/program files (x86)/atmel/studio/7.0/toolchain/avr8/avr8-gnu-toolchain/bin/../lib/gcc/avr/5.4.0/../../../../avr/lib/avrxmega6\libm.a(mulsf3.o)
                0x000023a4                __mulsf3
 .text.avr-libc.fplib
                0x000023a8       0xc2 c:/program files (x86)/atmel/studio/7.0/toolchain/avr8/avr8-gnu-toolchain/bin/../lib/gcc/avr/5.4.0/../../../../avr/lib/avrxmega6\libm.a(mulsf3x.o)
                0x000023bc                __mulsf3x
                0x000023c0                __mulsf3_pse
 .text.libgcc.div
                0x0000246a       0x44 c:/program files (x86)/atmel/studio/7.0/toolchain/avr8/avr8-gnu-toolchain/bin/../lib/gcc/avr/5.4.0/avrxmega6\libgcc.a(_udivmodsi4.o)
                0x0000246a                __udivmodsi4
 .text.avr-libc
                0x000024ae       0x6c c:/program files (x86)/atmel/studio/7.0/toolchain/avr8/avr8-gnu-toolchain/bin/../lib/gcc/avr/5.4.0/../../../../avr/lib/avrxmega6\libc.a(snprintf.o)
                0x000024ae                snprintf
 .text.avr-libc
                0x0000251a       0x50 c:/program files (x86)/atmel/studio/7.0/toolchain/avr8/avr8-gnu-toolchain/bin/../lib/gcc/avr/5.4.0/../../../../avr/lib/avrxmega6\libc.a(sprintf.o)
                0x0000251a                sprintf
 .text.avr-libc
                0x0000256a      0x3ee c:/program files (x86)/atmel/studio/7.0/toolchain/avr8/avr8-gnu-toolchain/bin/../lib/gcc/avr/5.4.0/../../../../avr/lib/avrxmega6\libc.a(vfprintf_std.o)
                0x0000256a                vfprintf
 .text.avr-libc
                0x00002958       0x16 c:/program files (x86)/atmel/studio/7.0/toolchain/avr8/avr8-gnu-toolchain/bin/../lib/gcc/avr/5.4.0/../../../../avr/lib/avrxmega6\libc.a(strnlen_P.o)
                0x00002958                strnlen_P
 .text.avr-libc
                0x0000296e       0x16 c:/program files (x86)/atmel/studio/7.0/toolchain/avr8/avr8-gnu-toolchain/bin/../lib/gcc/avr/5.4.0/../../../../avr/lib/avrxmega6\libc.a(strnlen.o)
                0x0000296e                strnlen
 .text.avr-libc
                0x00002984       0x78 c:/program files (x86)/atmel/studio/7.0/toolchain/avr8/avr8-gnu-toolchain/bin/../lib/gcc/avr/5.4.0/../../../../avr/lib/avrxmega6\libc.a(fputc.o)
                0x00002984                fputc
 .text.avr-libc
                0x000029fc       0xbc c:/program files (x86)/atmel/studio/7.0/toolchain/avr8/avr8-gnu-toolchain/bin/../lib/gcc/avr/5.4.0/../../../../avr/lib/avrxmega6\libc.a(ultoa_invert.o)
                0x000029fc                __ultoa_invert
                0x00002ab8                . = ALIGN (0x2)
 *(.fini9)
 .fini9         0x00002ab8        0x0 c:/program files (x86)/atmel/studio/7.0/toolchain/avr8/avr8-gnu-toolchain/bin/../lib/gcc/avr/5.4.0/avrxmega6\libgcc.a(_exit.o)
                0x00002ab8                _exit
                0x00002ab8                exit
 *(.fini9)
 *(.fini8)
 *(.fini8)
 *(.fini7)
 *(.fini7)
 *(.fini6)
 *(.fini6)
 *(.fini5)
 *(.fini5)
 *(.fini4)
 *(.fini4)
 *(.fini3)
 *(.fini3)
 *(.fini2)
 *(.fini2)
 *(.fini1)
 *(.fini1)
 *(.fini0)
 .fini0         0x00002ab8        0x4 c:/program files (x86)/atmel/studio/7.0/toolchain/avr8/avr8-gnu-toolchain/bin/../lib/gcc/avr/5.4.0/avrxmega6\libgcc.a(_exit.o)
 *(.fini0)
                0x00002abc                _etext = .

.data           0x00802000       0x24 load address 0x00002abc
                0x00802000                PROVIDE (__data_start, .)
 *(.data)
 *(.data*)
 .data.USART_SERIAL_OPTIONS.5994
                0x00802000        0x7 src/adc_example1_gfx.o
 .data.sysfont  0x00802007        0x7 src/ASF/common/services/gfx_mono/sysfont.o
                0x00802007                sysfont
 *(.gnu.linkonce.d*)
 *(.rodata)
 *(.rodata*)
 .rodata.str1.1
                0x0080200e       0x16 src/adc_example1_gfx.o
 *(.gnu.linkonce.r*)
                0x00802024                . = ALIGN (0x2)
                0x00802024                _edata = .
                0x00802024                PROVIDE (__data_end, .)

.bss            0x00802024      0x212
                0x00802024                PROVIDE (__bss_start, .)
 *(.bss)
 *(.bss*)
 .bss.last_temperaturef
                0x00802024        0x2 src/adc_example1_gfx.o
 .bss.last_temperaturec
                0x00802026        0x2 src/adc_example1_gfx.o
 .bss.framebuffer
                0x00802028      0x200 src/ASF/common/services/gfx_mono/gfx_mono_c12832_a1z.o
 .bss.fbpointer
                0x00802228        0x2 src/ASF/common/services/gfx_mono/gfx_mono_framebuffer.o
 .bss.adcb_enable_count
                0x0080222a        0x1 src/ASF/xmega/drivers/adc/adc.o
 .bss.adca_enable_count
                0x0080222b        0x1 src/ASF/xmega/drivers/adc/adc.o
 *(COMMON)
 COMMON         0x0080222c        0x6 src/ASF/common/services/sleepmgr/xmega/sleepmgr.o
                0x0080222c                sleepmgr_locks
 COMMON         0x00802232        0x4 src/ASF/xmega/drivers/adc/adc.o
                0x00802232                adcb_callback
                0x00802234                adca_callback
                0x00802236                PROVIDE (__bss_end, .)
                0x00002abc                __data_load_start = LOADADDR (.data)
                0x00002ae0                __data_load_end = (__data_load_start + SIZEOF (.data))

.noinit         0x00802236        0x0
                [!provide]                PROVIDE (__noinit_start, .)
 *(.noinit*)
                [!provide]                PROVIDE (__noinit_end, .)
                0x00802236                _end = .
                [!provide]                PROVIDE (__heap_start, .)

.eeprom         0x00810000        0x0
 *(.eeprom*)
                0x00810000                __eeprom_end = .

.fuse
 *(.fuse)
 *(.lfuse)
 *(.hfuse)
 *(.efuse)

.lock
 *(.lock*)

.signature
 *(.signature*)

.user_signatures
 *(.user_signatures*)

.stab
 *(.stab)

.stabstr
 *(.stabstr)

.stab.excl
 *(.stab.excl)

.stab.exclstr
 *(.stab.exclstr)

.stab.index
 *(.stab.index)

.stab.indexstr
 *(.stab.indexstr)

.comment        0x00000000       0x5c
 *(.comment)
 .comment       0x00000000       0x30 src/adc_example1_gfx.o
                                 0x31 (size before relaxing)
 .comment       0x00000030       0x31 src/ASF/common/components/display/st7565r/st7565r.o
 .comment       0x00000030       0x31 src/ASF/common/services/clock/xmega/sysclk.o
 .comment       0x00000030       0x31 src/ASF/common/services/gfx_mono/gfx_mono_c12832_a1z.o
 .comment       0x00000030       0x31 src/ASF/common/services/gfx_mono/gfx_mono_framebuffer.o
 .comment       0x00000030       0x31 src/ASF/common/services/gfx_mono/gfx_mono_generic.o
 .comment       0x00000030       0x31 src/ASF/common/services/gfx_mono/gfx_mono_text.o
 .comment       0x00000030       0x31 src/ASF/common/services/gfx_mono/sysfont.o
 .comment       0x00000030       0x31 src/ASF/common/services/ioport/xmega/ioport_compat.o
 .comment       0x00000030       0x31 src/ASF/common/services/sleepmgr/xmega/sleepmgr.o
 .comment       0x00000030       0x31 src/ASF/common/services/spi/xmega_usart_spi/usart_spi.o
 .comment       0x00000030       0x31 src/ASF/xmega/boards/xmega_a3bu_xplained/init.o
 .comment       0x00000030       0x31 src/ASF/xmega/drivers/adc/adc.o
 .comment       0x00000030       0x31 src/ASF/xmega/drivers/adc/xmega_aau/adc_aau.o
 .comment       0x00000030       0x31 src/ASF/xmega/drivers/usart/usart.o
 .comment       0x00000030       0x31 c:/program files (x86)/atmel/studio/7.0/toolchain/avr8/avr8-gnu-toolchain/bin/../lib/gcc/avr/5.4.0/../../../../avr/lib/avrxmega6\libc.a(snprintf.o)
 .comment       0x00000030       0x31 c:/program files (x86)/atmel/studio/7.0/toolchain/avr8/avr8-gnu-toolchain/bin/../lib/gcc/avr/5.4.0/../../../../avr/lib/avrxmega6\libc.a(sprintf.o)
 .comment       0x00000030       0x2c c:/program files (x86)/atmel/studio/7.0/toolchain/avr8/avr8-gnu-toolchain/bin/../lib/gcc/avr/5.4.0/../../../../avr/lib/avrxmega6\libc.a(vfprintf_std.o)
                                 0x2d (size before relaxing)
 .comment       0x0000005c       0x31 c:/program files (x86)/atmel/studio/7.0/toolchain/avr8/avr8-gnu-toolchain/bin/../lib/gcc/avr/5.4.0/../../../../avr/lib/avrxmega6\libc.a(fputc.o)

.note.gnu.avr.deviceinfo
                0x00000000       0x44
 .note.gnu.avr.deviceinfo
                0x00000000       0x44 C:/Program Files (x86)/Atmel/Studio/7.0/Packs/atmel/XMEGAA_DFP/1.1.68/gcc/dev/atxmega256a3bu/avrxmega6/crtatxmega256a3bu.o

.note.gnu.build-id
 *(.note.gnu.build-id)

.debug
 *(.debug)

.line
 *(.line)

.debug_srcinfo
 *(.debug_srcinfo)

.debug_sfnames
 *(.debug_sfnames)

.debug_aranges  0x00000000      0x3f8
 *(.debug_aranges)
 .debug_aranges
                0x00000000       0x28 src/adc_example1_gfx.o
 .debug_aranges
                0x00000028       0x28 src/ASF/common/components/display/st7565r/st7565r.o
 .debug_aranges
                0x00000050       0x40 src/ASF/common/services/clock/xmega/sysclk.o
 .debug_aranges
                0x00000090       0x60 src/ASF/common/services/gfx_mono/gfx_mono_c12832_a1z.o
 .debug_aranges
                0x000000f0       0x58 src/ASF/common/services/gfx_mono/gfx_mono_framebuffer.o
 .debug_aranges
                0x00000148       0x58 src/ASF/common/services/gfx_mono/gfx_mono_generic.o
 .debug_aranges
                0x000001a0       0x40 src/ASF/common/services/gfx_mono/gfx_mono_text.o
 .debug_aranges
                0x000001e0       0x18 src/ASF/common/services/gfx_mono/sysfont.o
 .debug_aranges
                0x000001f8       0x20 src/ASF/common/services/ioport/xmega/ioport_compat.o
 .debug_aranges
                0x00000218       0x18 src/ASF/common/services/sleepmgr/xmega/sleepmgr.o
 .debug_aranges
                0x00000230       0x48 src/ASF/common/services/spi/xmega_usart_spi/usart_spi.o
 .debug_aranges
                0x00000278       0x20 src/ASF/xmega/boards/xmega_a3bu_xplained/init.o
 .debug_aranges
                0x00000298       0x48 src/ASF/xmega/drivers/adc/adc.o
 .debug_aranges
                0x000002e0       0x78 src/ASF/xmega/drivers/adc/xmega_aau/adc_aau.o
 .debug_aranges
                0x00000358       0x20 src/ASF/xmega/drivers/cpu/ccp.o
 .debug_aranges
                0x00000378       0x28 src/ASF/xmega/drivers/nvm/nvm_asm.o
 .debug_aranges
                0x000003a0       0x58 src/ASF/xmega/drivers/usart/usart.o

.debug_pubnames
 *(.debug_pubnames)

.debug_info     0x00000000    0x10090
 *(.debug_info .gnu.linkonce.wi.*)
 .debug_info    0x00000000     0x3379 C:/Program Files (x86)/Atmel/Studio/7.0/Packs/atmel/XMEGAA_DFP/1.1.68/gcc/dev/atxmega256a3bu/avrxmega6/crtatxmega256a3bu.o
 .debug_info    0x00003379     0x17b1 src/adc_example1_gfx.o
 .debug_info    0x00004b2a     0x1945 src/ASF/common/components/display/st7565r/st7565r.o
 .debug_info    0x0000646f      0x8ad src/ASF/common/services/clock/xmega/sysclk.o
 .debug_info    0x00006d1c     0x1de2 src/ASF/common/services/gfx_mono/gfx_mono_c12832_a1z.o
 .debug_info    0x00008afe      0x487 src/ASF/common/services/gfx_mono/gfx_mono_framebuffer.o
 .debug_info    0x00008f85      0xc10 src/ASF/common/services/gfx_mono/gfx_mono_generic.o
 .debug_info    0x00009b95      0x71b src/ASF/common/services/gfx_mono/gfx_mono_text.o
 .debug_info    0x0000a2b0      0x1af src/ASF/common/services/gfx_mono/sysfont.o
 .debug_info    0x0000a45f      0x121 src/ASF/common/services/ioport/xmega/ioport_compat.o
 .debug_info    0x0000a580      0x129 src/ASF/common/services/sleepmgr/xmega/sleepmgr.o
 .debug_info    0x0000a6a9      0xb7e src/ASF/common/services/spi/xmega_usart_spi/usart_spi.o
 .debug_info    0x0000b227      0x71c src/ASF/xmega/boards/xmega_a3bu_xplained/init.o
 .debug_info    0x0000b943      0xa91 src/ASF/xmega/drivers/adc/adc.o
 .debug_info    0x0000c3d4      0xe99 src/ASF/xmega/drivers/adc/xmega_aau/adc_aau.o
 .debug_info    0x0000d26d       0x9f src/ASF/xmega/drivers/cpu/ccp.o
 .debug_info    0x0000d30c       0x9f src/ASF/xmega/drivers/nvm/nvm_asm.o
 .debug_info    0x0000d3ab     0x2ce5 src/ASF/xmega/drivers/usart/usart.o

.debug_abbrev   0x00000000     0x525a
 *(.debug_abbrev)
 .debug_abbrev  0x00000000     0x30c4 C:/Program Files (x86)/Atmel/Studio/7.0/Packs/atmel/XMEGAA_DFP/1.1.68/gcc/dev/atxmega256a3bu/avrxmega6/crtatxmega256a3bu.o
 .debug_abbrev  0x000030c4      0x3bd src/adc_example1_gfx.o
 .debug_abbrev  0x00003481      0x2a0 src/ASF/common/components/display/st7565r/st7565r.o
 .debug_abbrev  0x00003721      0x24e src/ASF/common/services/clock/xmega/sysclk.o
 .debug_abbrev  0x0000396f      0x385 src/ASF/common/services/gfx_mono/gfx_mono_c12832_a1z.o
 .debug_abbrev  0x00003cf4      0x174 src/ASF/common/services/gfx_mono/gfx_mono_framebuffer.o
 .debug_abbrev  0x00003e68      0x1ac src/ASF/common/services/gfx_mono/gfx_mono_generic.o
 .debug_abbrev  0x00004014      0x21c src/ASF/common/services/gfx_mono/gfx_mono_text.o
 .debug_abbrev  0x00004230       0xe2 src/ASF/common/services/gfx_mono/sysfont.o
 .debug_abbrev  0x00004312       0x95 src/ASF/common/services/ioport/xmega/ioport_compat.o
 .debug_abbrev  0x000043a7       0x84 src/ASF/common/services/sleepmgr/xmega/sleepmgr.o
 .debug_abbrev  0x0000442b      0x2d8 src/ASF/common/services/spi/xmega_usart_spi/usart_spi.o
 .debug_abbrev  0x00004703      0x14a src/ASF/xmega/boards/xmega_a3bu_xplained/init.o
 .debug_abbrev  0x0000484d      0x2d2 src/ASF/xmega/drivers/adc/adc.o
 .debug_abbrev  0x00004b1f      0x320 src/ASF/xmega/drivers/adc/xmega_aau/adc_aau.o
 .debug_abbrev  0x00004e3f       0x14 src/ASF/xmega/drivers/cpu/ccp.o
 .debug_abbrev  0x00004e53       0x12 src/ASF/xmega/drivers/nvm/nvm_asm.o
 .debug_abbrev  0x00004e65      0x3f5 src/ASF/xmega/drivers/usart/usart.o

.debug_line     0x00000000     0x8986
 *(.debug_line .debug_line.* .debug_line_end)
 .debug_line    0x00000000      0x39d C:/Program Files (x86)/Atmel/Studio/7.0/Packs/atmel/XMEGAA_DFP/1.1.68/gcc/dev/atxmega256a3bu/avrxmega6/crtatxmega256a3bu.o
 .debug_line    0x0000039d      0xb26 src/adc_example1_gfx.o
 .debug_line    0x00000ec3      0xac3 src/ASF/common/components/display/st7565r/st7565r.o
 .debug_line    0x00001986      0x6b4 src/ASF/common/services/clock/xmega/sysclk.o
 .debug_line    0x0000203a      0xda7 src/ASF/common/services/gfx_mono/gfx_mono_c12832_a1z.o
 .debug_line    0x00002de1      0x918 src/ASF/common/services/gfx_mono/gfx_mono_framebuffer.o
 .debug_line    0x000036f9      0xc05 src/ASF/common/services/gfx_mono/gfx_mono_generic.o
 .debug_line    0x000042fe      0x9a2 src/ASF/common/services/gfx_mono/gfx_mono_text.o
 .debug_line    0x00004ca0      0x7c2 src/ASF/common/services/gfx_mono/sysfont.o
 .debug_line    0x00005462      0x4b4 src/ASF/common/services/ioport/xmega/ioport_compat.o
 .debug_line    0x00005916      0x457 src/ASF/common/services/sleepmgr/xmega/sleepmgr.o
 .debug_line    0x00005d6d      0x7d6 src/ASF/common/services/spi/xmega_usart_spi/usart_spi.o
 .debug_line    0x00006543      0x4df src/ASF/xmega/boards/xmega_a3bu_xplained/init.o
 .debug_line    0x00006a22      0x7c5 src/ASF/xmega/drivers/adc/adc.o
 .debug_line    0x000071e7      0x975 src/ASF/xmega/drivers/adc/xmega_aau/adc_aau.o
 .debug_line    0x00007b5c       0x6e src/ASF/xmega/drivers/cpu/ccp.o
 .debug_line    0x00007bca      0x11f src/ASF/xmega/drivers/nvm/nvm_asm.o
 .debug_line    0x00007ce9      0xc9d src/ASF/xmega/drivers/usart/usart.o

.debug_frame    0x00000000      0xdec
 *(.debug_frame)
 .debug_frame   0x00000000       0x78 src/adc_example1_gfx.o
 .debug_frame   0x00000078       0x68 src/ASF/common/components/display/st7565r/st7565r.o
 .debug_frame   0x000000e0       0xa4 src/ASF/common/services/clock/xmega/sysclk.o
 .debug_frame   0x00000184      0x1b4 src/ASF/common/services/gfx_mono/gfx_mono_c12832_a1z.o
 .debug_frame   0x00000338       0xd0 src/ASF/common/services/gfx_mono/gfx_mono_framebuffer.o
 .debug_frame   0x00000408      0x214 src/ASF/common/services/gfx_mono/gfx_mono_generic.o
 .debug_frame   0x0000061c      0x100 src/ASF/common/services/gfx_mono/gfx_mono_text.o
 .debug_frame   0x0000071c       0x30 src/ASF/common/services/ioport/xmega/ioport_compat.o
 .debug_frame   0x0000074c       0x90 src/ASF/common/services/spi/xmega_usart_spi/usart_spi.o
 .debug_frame   0x000007dc       0x24 src/ASF/xmega/boards/xmega_a3bu_xplained/init.o
 .debug_frame   0x00000800       0xbc src/ASF/xmega/drivers/adc/adc.o
 .debug_frame   0x000008bc      0x3e4 src/ASF/xmega/drivers/adc/xmega_aau/adc_aau.o
 .debug_frame   0x00000ca0      0x14c src/ASF/xmega/drivers/usart/usart.o

.debug_str      0x00000000    0x3324f
 *(.debug_str)
 .debug_str     0x00000000     0x21e4 C:/Program Files (x86)/Atmel/Studio/7.0/Packs/atmel/XMEGAA_DFP/1.1.68/gcc/dev/atxmega256a3bu/avrxmega6/crtatxmega256a3bu.o
 .debug_str     0x000021e4    0x2f1c4 src/adc_example1_gfx.o
                              0x2fb10 (size before relaxing)
 .debug_str     0x000313a8      0x20d src/ASF/common/components/display/st7565r/st7565r.o
                              0x2c0a7 (size before relaxing)
 .debug_str     0x000315b5      0x2e9 src/ASF/common/services/clock/xmega/sysclk.o
                              0x2aeb4 (size before relaxing)
 .debug_str     0x0003189e      0x2a9 src/ASF/common/services/gfx_mono/gfx_mono_c12832_a1z.o
                              0x2c9a8 (size before relaxing)
 .debug_str     0x00031b47       0xba src/ASF/common/services/gfx_mono/gfx_mono_framebuffer.o
                              0x2c5c3 (size before relaxing)
 .debug_str     0x00031c01      0x225 src/ASF/common/services/gfx_mono/gfx_mono_generic.o
                              0x2c706 (size before relaxing)
 .debug_str     0x00031e26      0x1cf src/ASF/common/services/gfx_mono/gfx_mono_text.o
                              0x2c69a (size before relaxing)
 .debug_str     0x00031ff5       0x3d src/ASF/common/services/gfx_mono/sysfont.o
                              0x2d4f7 (size before relaxing)
 .debug_str     0x00032032       0xab src/ASF/common/services/ioport/xmega/ioport_compat.o
                              0x28b8b (size before relaxing)
 .debug_str     0x000320dd       0x35 src/ASF/common/services/sleepmgr/xmega/sleepmgr.o
                              0x288d4 (size before relaxing)
 .debug_str     0x00032112      0x1d1 src/ASF/common/services/spi/xmega_usart_spi/usart_spi.o
                              0x2b67c (size before relaxing)
 .debug_str     0x000322e3       0x48 src/ASF/xmega/boards/xmega_a3bu_xplained/init.o
                              0x2a73c (size before relaxing)
 .debug_str     0x0003232b      0x257 src/ASF/xmega/drivers/adc/adc.o
                              0x2b8a2 (size before relaxing)
 .debug_str     0x00032582      0x4fa src/ASF/xmega/drivers/adc/xmega_aau/adc_aau.o
                              0x2bb35 (size before relaxing)
 .debug_str     0x00032a7c      0x7d3 src/ASF/xmega/drivers/usart/usart.o
                              0x2c1c4 (size before relaxing)

.debug_loc      0x00000000     0x69dc
 *(.debug_loc)
 .debug_loc     0x00000000      0x40c src/adc_example1_gfx.o
 .debug_loc     0x0000040c      0x7ca src/ASF/common/components/display/st7565r/st7565r.o
 .debug_loc     0x00000bd6      0x329 src/ASF/common/services/clock/xmega/sysclk.o
 .debug_loc     0x00000eff     0x1382 src/ASF/common/services/gfx_mono/gfx_mono_c12832_a1z.o
 .debug_loc     0x00002281      0x61c src/ASF/common/services/gfx_mono/gfx_mono_framebuffer.o
 .debug_loc     0x0000289d     0x11c5 src/ASF/common/services/gfx_mono/gfx_mono_generic.o
 .debug_loc     0x00003a62      0x9a2 src/ASF/common/services/gfx_mono/gfx_mono_text.o
 .debug_loc     0x00004404       0x66 src/ASF/common/services/ioport/xmega/ioport_compat.o
 .debug_loc     0x0000446a      0x56c src/ASF/common/services/spi/xmega_usart_spi/usart_spi.o
 .debug_loc     0x000049d6      0x203 src/ASF/xmega/boards/xmega_a3bu_xplained/init.o
 .debug_loc     0x00004bd9      0x2b3 src/ASF/xmega/drivers/adc/adc.o
 .debug_loc     0x00004e8c      0xd3c src/ASF/xmega/drivers/adc/xmega_aau/adc_aau.o
 .debug_loc     0x00005bc8      0xe14 src/ASF/xmega/drivers/usart/usart.o

.debug_macinfo
 *(.debug_macinfo)

.debug_weaknames
 *(.debug_weaknames)

.debug_funcnames
 *(.debug_funcnames)

.debug_typenames
 *(.debug_typenames)

.debug_varnames
 *(.debug_varnames)

.debug_pubtypes
 *(.debug_pubtypes)

.debug_ranges   0x00000000      0x4a0
 *(.debug_ranges)
 .debug_ranges  0x00000000       0x18 src/adc_example1_gfx.o
 .debug_ranges  0x00000018       0x18 src/ASF/common/components/display/st7565r/st7565r.o
 .debug_ranges  0x00000030       0x30 src/ASF/common/services/clock/xmega/sysclk.o
 .debug_ranges  0x00000060      0x188 src/ASF/common/services/gfx_mono/gfx_mono_c12832_a1z.o
 .debug_ranges  0x000001e8       0x48 src/ASF/common/services/gfx_mono/gfx_mono_framebuffer.o
 .debug_ranges  0x00000230       0x48 src/ASF/common/services/gfx_mono/gfx_mono_generic.o
 .debug_ranges  0x00000278       0x30 src/ASF/common/services/gfx_mono/gfx_mono_text.o
 .debug_ranges  0x000002a8       0x10 src/ASF/common/services/ioport/xmega/ioport_compat.o
 .debug_ranges  0x000002b8       0x98 src/ASF/common/services/spi/xmega_usart_spi/usart_spi.o
 .debug_ranges  0x00000350       0x10 src/ASF/xmega/boards/xmega_a3bu_xplained/init.o
 .debug_ranges  0x00000360       0x38 src/ASF/xmega/drivers/adc/adc.o
 .debug_ranges  0x00000398       0x68 src/ASF/xmega/drivers/adc/xmega_aau/adc_aau.o
 .debug_ranges  0x00000400       0x20 src/ASF/xmega/drivers/nvm/nvm_asm.o
 .debug_ranges  0x00000420       0x80 src/ASF/xmega/drivers/usart/usart.o

.debug_macro    0x00000000     0xc564
 *(.debug_macro)
 .debug_macro   0x00000000      0x3b4 src/adc_example1_gfx.o
 .debug_macro   0x000003b4      0xa9c src/adc_example1_gfx.o
 .debug_macro   0x00000e50       0x10 src/adc_example1_gfx.o
 .debug_macro   0x00000e60      0x1c9 src/adc_example1_gfx.o
 .debug_macro   0x00001029      0x2fc src/adc_example1_gfx.o
 .debug_macro   0x00001325       0x9e src/adc_example1_gfx.o
 .debug_macro   0x000013c3     0x6271 src/adc_example1_gfx.o
 .debug_macro   0x00007634       0x9a src/adc_example1_gfx.o
 .debug_macro   0x000076ce       0xf1 src/adc_example1_gfx.o
 .debug_macro   0x000077bf       0x34 src/adc_example1_gfx.o
 .debug_macro   0x000077f3       0x16 src/adc_example1_gfx.o
 .debug_macro   0x00007809       0x18 src/adc_example1_gfx.o
 .debug_macro   0x00007821       0x5e src/adc_example1_gfx.o
 .debug_macro   0x0000787f       0x10 src/adc_example1_gfx.o
 .debug_macro   0x0000788f       0x22 src/adc_example1_gfx.o
 .debug_macro   0x000078b1      0x16d src/adc_example1_gfx.o
 .debug_macro   0x00007a1e       0x1c src/adc_example1_gfx.o
 .debug_macro   0x00007a3a       0x35 src/adc_example1_gfx.o
 .debug_macro   0x00007a6f       0x66 src/adc_example1_gfx.o
 .debug_macro   0x00007ad5      0x64b src/adc_example1_gfx.o
 .debug_macro   0x00008120       0x97 src/adc_example1_gfx.o
 .debug_macro   0x000081b7       0x17 src/adc_example1_gfx.o
 .debug_macro   0x000081ce      0x250 src/adc_example1_gfx.o
 .debug_macro   0x0000841e       0x76 src/adc_example1_gfx.o
 .debug_macro   0x00008494       0x16 src/adc_example1_gfx.o
 .debug_macro   0x000084aa      0x6e3 src/adc_example1_gfx.o
 .debug_macro   0x00008b8d       0x10 src/adc_example1_gfx.o
 .debug_macro   0x00008b9d      0x175 src/adc_example1_gfx.o
 .debug_macro   0x00008d12       0x40 src/adc_example1_gfx.o
 .debug_macro   0x00008d52       0x69 src/adc_example1_gfx.o
 .debug_macro   0x00008dbb       0x32 src/adc_example1_gfx.o
 .debug_macro   0x00008ded       0xe4 src/adc_example1_gfx.o
 .debug_macro   0x00008ed1       0x10 src/adc_example1_gfx.o
 .debug_macro   0x00008ee1       0x20 src/adc_example1_gfx.o
 .debug_macro   0x00008f01       0x10 src/adc_example1_gfx.o
 .debug_macro   0x00008f11       0x42 src/adc_example1_gfx.o
 .debug_macro   0x00008f53       0x1c src/adc_example1_gfx.o
 .debug_macro   0x00008f6f      0x2c6 src/adc_example1_gfx.o
 .debug_macro   0x00009235      0x303 src/adc_example1_gfx.o
 .debug_macro   0x00009538       0x7d src/adc_example1_gfx.o
 .debug_macro   0x000095b5       0x2f src/adc_example1_gfx.o
 .debug_macro   0x000095e4      0x15b src/adc_example1_gfx.o
 .debug_macro   0x0000973f       0xe3 src/adc_example1_gfx.o
 .debug_macro   0x00009822       0x34 src/adc_example1_gfx.o
 .debug_macro   0x00009856       0x28 src/adc_example1_gfx.o
 .debug_macro   0x0000987e       0x23 src/adc_example1_gfx.o
 .debug_macro   0x000098a1       0x82 src/adc_example1_gfx.o
 .debug_macro   0x00009923      0x109 src/adc_example1_gfx.o
 .debug_macro   0x00009a2c       0x3a src/adc_example1_gfx.o
 .debug_macro   0x00009a66      0x100 src/adc_example1_gfx.o
 .debug_macro   0x00009b66       0x34 src/adc_example1_gfx.o
 .debug_macro   0x00009b9a       0x2e src/adc_example1_gfx.o
 .debug_macro   0x00009bc8       0x89 src/adc_example1_gfx.o
 .debug_macro   0x00009c51       0x7a src/adc_example1_gfx.o
 .debug_macro   0x00009ccb       0x3a src/adc_example1_gfx.o
 .debug_macro   0x00009d05       0x46 src/adc_example1_gfx.o
 .debug_macro   0x00009d4b       0x1c src/adc_example1_gfx.o
 .debug_macro   0x00009d67       0x58 src/adc_example1_gfx.o
 .debug_macro   0x00009dbf       0x10 src/adc_example1_gfx.o
 .debug_macro   0x00009dcf       0xf2 src/adc_example1_gfx.o
 .debug_macro   0x00009ec1       0x16 src/adc_example1_gfx.o
 .debug_macro   0x00009ed7       0x10 src/adc_example1_gfx.o
 .debug_macro   0x00009ee7       0x22 src/adc_example1_gfx.o
 .debug_macro   0x00009f09      0x278 src/ASF/common/components/display/st7565r/st7565r.o
 .debug_macro   0x0000a181      0x1db src/ASF/common/services/clock/xmega/sysclk.o
 .debug_macro   0x0000a35c       0x26 src/ASF/common/services/clock/xmega/sysclk.o
 .debug_macro   0x0000a382      0x2bc src/ASF/common/services/gfx_mono/gfx_mono_c12832_a1z.o
 .debug_macro   0x0000a63e      0x2b0 src/ASF/common/services/gfx_mono/gfx_mono_framebuffer.o
 .debug_macro   0x0000a8ee      0x302 src/ASF/common/services/gfx_mono/gfx_mono_framebuffer.o
 .debug_macro   0x0000abf0      0x2b0 src/ASF/common/services/gfx_mono/gfx_mono_generic.o
 .debug_macro   0x0000aea0      0x2d7 src/ASF/common/services/gfx_mono/gfx_mono_text.o
 .debug_macro   0x0000b177       0xaa src/ASF/common/services/gfx_mono/gfx_mono_text.o
 .debug_macro   0x0000b221      0x2dd src/ASF/common/services/gfx_mono/sysfont.o
 .debug_macro   0x0000b4fe      0x195 src/ASF/common/services/ioport/xmega/ioport_compat.o
 .debug_macro   0x0000b693      0x1a3 src/ASF/common/services/sleepmgr/xmega/sleepmgr.o
 .debug_macro   0x0000b836      0x236 src/ASF/common/services/spi/xmega_usart_spi/usart_spi.o
 .debug_macro   0x0000ba6c      0x1b7 src/ASF/xmega/boards/xmega_a3bu_xplained/init.o
 .debug_macro   0x0000bc23      0x2c0 src/ASF/xmega/boards/xmega_a3bu_xplained/init.o
 .debug_macro   0x0000bee3      0x22f src/ASF/xmega/drivers/adc/adc.o
 .debug_macro   0x0000c112      0x22f src/ASF/xmega/drivers/adc/xmega_aau/adc_aau.o
 .debug_macro   0x0000c341      0x223 src/ASF/xmega/drivers/usart/usart.o
OUTPUT(ADC_EXAMPLE1_GFX4.elf elf32-avr)
LOAD linker stubs

.BOOT           0x00040000        0x0
