Archive member included to satisfy reference by file (symbol)

c:/program files (x86)/atmel/studio/7.0/toolchain/avr8/avr8-gnu-toolchain/bin/../lib/gcc/avr/5.4.0/../../../../avr/lib/avrxmega6\libm.a(addsf3.o)
                              src/adc_example1_gfx.o (__addsf3)
c:/program files (x86)/atmel/studio/7.0/toolchain/avr8/avr8-gnu-toolchain/bin/../lib/gcc/avr/5.4.0/../../../../avr/lib/avrxmega6\libm.a(addsf3x.o)
                              c:/program files (x86)/atmel/studio/7.0/toolchain/avr8/avr8-gnu-toolchain/bin/../lib/gcc/avr/5.4.0/../../../../avr/lib/avrxmega6\libm.a(addsf3.o) (__addsf3x)
c:/program files (x86)/atmel/studio/7.0/toolchain/avr8/avr8-gnu-toolchain/bin/../lib/gcc/avr/5.4.0/../../../../avr/lib/avrxmega6\libm.a(fixsfsi.o)
                              src/adc_example1_gfx.o (__fixsfsi)
c:/program files (x86)/atmel/studio/7.0/toolchain/avr8/avr8-gnu-toolchain/bin/../lib/gcc/avr/5.4.0/../../../../avr/lib/avrxmega6\libm.a(fixunssfsi.o)
                              c:/program files (x86)/atmel/studio/7.0/toolchain/avr8/avr8-gnu-toolchain/bin/../lib/gcc/avr/5.4.0/../../../../avr/lib/avrxmega6\libm.a(fixsfsi.o) (__fixunssfsi)
c:/program files (x86)/atmel/studio/7.0/toolchain/avr8/avr8-gnu-toolchain/bin/../lib/gcc/avr/5.4.0/../../../../avr/lib/avrxmega6\libm.a(floatsisf.o)
                              src/adc_example1_gfx.o (__floatunsisf)
c:/program files (x86)/atmel/studio/7.0/toolchain/avr8/avr8-gnu-toolchain/bin/../lib/gcc/avr/5.4.0/../../../../avr/lib/avrxmega6\libm.a(fp_inf.o)
                              c:/program files (x86)/atmel/studio/7.0/toolchain/avr8/avr8-gnu-toolchain/bin/../lib/gcc/avr/5.4.0/../../../../avr/lib/avrxmega6\libm.a(addsf3x.o) (__fp_inf)
c:/program files (x86)/atmel/studio/7.0/toolchain/avr8/avr8-gnu-toolchain/bin/../lib/gcc/avr/5.4.0/../../../../avr/lib/avrxmega6\libm.a(fp_nan.o)
                              c:/program files (x86)/atmel/studio/7.0/toolchain/avr8/avr8-gnu-toolchain/bin/../lib/gcc/avr/5.4.0/../../../../avr/lib/avrxmega6\libm.a(addsf3x.o) (__fp_nan)
c:/program files (x86)/atmel/studio/7.0/toolchain/avr8/avr8-gnu-toolchain/bin/../lib/gcc/avr/5.4.0/../../../../avr/lib/avrxmega6\libm.a(fp_pscA.o)
                              c:/program files (x86)/atmel/studio/7.0/toolchain/avr8/avr8-gnu-toolchain/bin/../lib/gcc/avr/5.4.0/../../../../avr/lib/avrxmega6\libm.a(addsf3x.o) (__fp_pscA)
c:/program files (x86)/atmel/studio/7.0/toolchain/avr8/avr8-gnu-toolchain/bin/../lib/gcc/avr/5.4.0/../../../../avr/lib/avrxmega6\libm.a(fp_pscB.o)
                              c:/program files (x86)/atmel/studio/7.0/toolchain/avr8/avr8-gnu-toolchain/bin/../lib/gcc/avr/5.4.0/../../../../avr/lib/avrxmega6\libm.a(addsf3x.o) (__fp_pscB)
c:/program files (x86)/atmel/studio/7.0/toolchain/avr8/avr8-gnu-toolchain/bin/../lib/gcc/avr/5.4.0/../../../../avr/lib/avrxmega6\libm.a(fp_round.o)
                              c:/program files (x86)/atmel/studio/7.0/toolchain/avr8/avr8-gnu-toolchain/bin/../lib/gcc/avr/5.4.0/../../../../avr/lib/avrxmega6\libm.a(addsf3.o) (__fp_round)
c:/program files (x86)/atmel/studio/7.0/toolchain/avr8/avr8-gnu-toolchain/bin/../lib/gcc/avr/5.4.0/../../../../avr/lib/avrxmega6\libm.a(fp_split3.o)
                              c:/program files (x86)/atmel/studio/7.0/toolchain/avr8/avr8-gnu-toolchain/bin/../lib/gcc/avr/5.4.0/../../../../avr/lib/avrxmega6\libm.a(addsf3x.o) (__fp_split3)
c:/program files (x86)/atmel/studio/7.0/toolchain/avr8/avr8-gnu-toolchain/bin/../lib/gcc/avr/5.4.0/../../../../avr/lib/avrxmega6\libm.a(fp_zero.o)
                              c:/program files (x86)/atmel/studio/7.0/toolchain/avr8/avr8-gnu-toolchain/bin/../lib/gcc/avr/5.4.0/../../../../avr/lib/avrxmega6\libm.a(addsf3x.o) (__fp_zero)
c:/program files (x86)/atmel/studio/7.0/toolchain/avr8/avr8-gnu-toolchain/bin/../lib/gcc/avr/5.4.0/../../../../avr/lib/avrxmega6\libm.a(mulsf3.o)
                              src/adc_example1_gfx.o (__mulsf3)
c:/program files (x86)/atmel/studio/7.0/toolchain/avr8/avr8-gnu-toolchain/bin/../lib/gcc/avr/5.4.0/../../../../avr/lib/avrxmega6\libm.a(mulsf3x.o)
                              c:/program files (x86)/atmel/studio/7.0/toolchain/avr8/avr8-gnu-toolchain/bin/../lib/gcc/avr/5.4.0/../../../../avr/lib/avrxmega6\libm.a(mulsf3.o) (__mulsf3x)
c:/program files (x86)/atmel/studio/7.0/toolchain/avr8/avr8-gnu-toolchain/bin/../lib/gcc/avr/5.4.0/avrxmega6\libgcc.a(_udivmodsi4.o)
                              src/ASF/xmega/services/pwm/pwm.o (__udivmodsi4)
c:/program files (x86)/atmel/studio/7.0/toolchain/avr8/avr8-gnu-toolchain/bin/../lib/gcc/avr/5.4.0/avrxmega6\libgcc.a(_exit.o)
                              C:/Program Files (x86)/Atmel/Studio/7.0/Packs/atmel/XMEGAA_DFP/1.1.68/gcc/dev/atxmega256a3bu/avrxmega6/crtatxmega256a3bu.o (exit)
c:/program files (x86)/atmel/studio/7.0/toolchain/avr8/avr8-gnu-toolchain/bin/../lib/gcc/avr/5.4.0/avrxmega6\libgcc.a(_tablejump2.o)
                              src/ASF/xmega/services/pwm/pwm.o (__tablejump2__)
[...]
Memory Configuration

Name             Origin             Length             Attributes
text             0x00000000         0x00100000         xr
data             0x00802000         0x0000ffa0         rw !x
eeprom           0x00810000         0x00010000         rw !x
fuse             0x00820000         0x00000006         rw !x
lock             0x00830000         0x00000400         rw !x
signature        0x00840000         0x00000400         rw !x
user_signatures  0x00850000         0x00000400         rw !x
*default*        0x00000000         0xffffffff

Linker script and memory map

LOAD C:/Program Files (x86)/Atmel/Studio/7.0/Packs/atmel/XMEGAA_DFP/1.1.68/gcc/dev/atxmega256a3bu/avrxmega6/crtatxmega256a3bu.o
LOAD src/adc_example1_gfx.o
LOAD src/ASF/xmega/drivers/tc/tc.o
LOAD src/ASF/xmega/services/pwm/pwm.o
LOAD src/ASF/common/components/display/st7565r/st7565r.o
LOAD src/ASF/common/services/clock/xmega/sysclk.o
LOAD src/ASF/common/services/gfx_mono/gfx_mono_c12832_a1z.o
LOAD src/ASF/common/services/gfx_mono/gfx_mono_framebuffer.o
LOAD src/ASF/common/services/gfx_mono/gfx_mono_generic.o
LOAD src/ASF/common/services/gfx_mono/gfx_mono_text.o
LOAD src/ASF/common/services/gfx_mono/sysfont.o
LOAD src/ASF/common/services/ioport/xmega/ioport_compat.o
LOAD src/ASF/common/services/sleepmgr/xmega/sleepmgr.o
LOAD src/ASF/common/services/spi/xmega_usart_spi/usart_spi.o
LOAD src/ASF/xmega/boards/xmega_a3bu_xplained/init.o
LOAD src/ASF/xmega/drivers/adc/adc.o
LOAD src/ASF/xmega/drivers/adc/xmega_aau/adc_aau.o
LOAD src/ASF/xmega/drivers/cpu/ccp.o
LOAD src/ASF/xmega/drivers/nvm/nvm.o
LOAD src/ASF/xmega/drivers/nvm/nvm_asm.o
LOAD src/ASF/xmega/drivers/usart/usart.o
START GROUP
LOAD c:/program files (x86)/atmel/studio/7.0/toolchain/avr8/avr8-gnu-toolchain/bin/../lib/gcc/avr/5.4.0/../../../../avr/lib/avrxmega6\libm.a
END GROUP
Address of section .BOOT set to 0x40000
START GROUP
LOAD c:/program files (x86)/atmel/studio/7.0/toolchain/avr8/avr8-gnu-toolchain/bin/../lib/gcc/avr/5.4.0/avrxmega6\libgcc.a
LOAD c:/program files (x86)/atmel/studio/7.0/toolchain/avr8/avr8-gnu-toolchain/bin/../lib/gcc/avr/5.4.0/../../../../avr/lib/avrxmega6\libm.a
LOAD c:/program files (x86)/atmel/studio/7.0/toolchain/avr8/avr8-gnu-toolchain/bin/../lib/gcc/avr/5.4.0/../../../../avr/lib/avrxmega6\libc.a
LOAD C:/Program Files (x86)/Atmel/Studio/7.0/Packs/atmel/XMEGAA_DFP/1.1.68/gcc/dev/atxmega256a3bu/avrxmega6\libatxmega256a3bu.a
END GROUP
                0x00100000                __TEXT_REGION_LENGTH__ = DEFINED (__TEXT_REGION_LENGTH__)?__TEXT_REGION_LENGTH__:0x100000
                0x0000ffa0                __DATA_REGION_LENGTH__ = DEFINED (__DATA_REGION_LENGTH__)?__DATA_REGION_LENGTH__:0xffa0
                0x00010000                __EEPROM_REGION_LENGTH__ = DEFINED (__EEPROM_REGION_LENGTH__)?__EEPROM_REGION_LENGTH__:0x10000
                [0x00000006]                __FUSE_REGION_LENGTH__ = DEFINED (__FUSE_REGION_LENGTH__)?__FUSE_REGION_LENGTH__:0x400
                0x00000400                __LOCK_REGION_LENGTH__ = DEFINED (__LOCK_REGION_LENGTH__)?__LOCK_REGION_LENGTH__:0x400
                0x00000400                __SIGNATURE_REGION_LENGTH__ = DEFINED (__SIGNATURE_REGION_LENGTH__)?__SIGNATURE_REGION_LENGTH__:0x400
                0x00000400                __USER_SIGNATURE_REGION_LENGTH__ = DEFINED (__USER_SIGNATURE_REGION_LENGTH__)?__USER_SIGNATURE_REGION_LENGTH__:0x400

.hash
 *(.hash)

.dynsym
 *(.dynsym)

.dynstr
 *(.dynstr)

.gnu.version
 *(.gnu.version)

.gnu.version_d
 *(.gnu.version_d)

.gnu.version_r
 *(.gnu.version_r)

.rel.init
 *(.rel.init)

.rela.init
 *(.rela.init)

.rel.text
 *(.rel.text)
 *(.rel.text.*)
 *(.rel.gnu.linkonce.t*)

.rela.text
 *(.rela.text)
 *(.rela.text.*)
 *(.rela.gnu.linkonce.t*)

.rel.fini
 *(.rel.fini)

.rela.fini
 *(.rela.fini)

.rel.rodata
 *(.rel.rodata)
 *(.rel.rodata.*)
 *(.rel.gnu.linkonce.r*)

.rela.rodata
 *(.rela.rodata)
 *(.rela.rodata.*)
 *(.rela.gnu.linkonce.r*)

.rel.data
 *(.rel.data)
 *(.rel.data.*)
 *(.rel.gnu.linkonce.d*)

.rela.data
 *(.rela.data)
 *(.rela.data.*)
 *(.rela.gnu.linkonce.d*)

.rel.ctors
 *(.rel.ctors)

.rela.ctors
 *(.rela.ctors)

.rel.dtors
 *(.rel.dtors)

.rela.dtors
 *(.rela.dtors)

.rel.got
 *(.rel.got)

.rela.got
 *(.rela.got)

.rel.bss
 *(.rel.bss)

.rela.bss
 *(.rela.bss)

.rel.plt
 *(.rel.plt)

.rela.plt
 *(.rela.plt)

.text           0x00000000     0x36e0
 *(.vectors)
 .vectors       0x00000000      0x1fc C:/Program Files (x86)/Atmel/Studio/7.0/Packs/atmel/XMEGAA_DFP/1.1.68/gcc/dev/atxmega256a3bu/avrxmega6/crtatxmega256a3bu.o
                0x00000000                __vector_default
                0x00000000                __vectors
 *(.vectors)
 *(.progmem.gcc*)
 .progmem.gcc_sw_table.pwm_init
                0x000001fc        0xe src/ASF/xmega/services/pwm/pwm.o
                0x0000020a                . = ALIGN (0x2)
                0x0000020a                __trampolines_start = .
 *(.trampolines)
 .trampolines   0x0000020a        0x0 linker stubs
 *(.trampolines*)
                0x0000020a                __trampolines_end = .
 *libprintf_flt.a:*(.progmem.data)
 *libc.a:*(.progmem.data)
 *(.progmem*)
 .progmem.data.sysfont_glyphs
                0x0000020a      0x292 src/ASF/common/services/gfx_mono/sysfont.o
                0x0000049c                . = ALIGN (0x2)
 *(.jumptables)
 *(.jumptables*)
 *(.lowtext)
 *(.lowtext*)
                0x0000049c                __ctors_start = .
 *(.ctors)
                0x0000049c                __ctors_end = .
                0x0000049c                __dtors_start = .
 *(.dtors)
                0x0000049c                __dtors_end = .
 SORT(*)(.ctors)
 SORT(*)(.dtors)
 *(.init0)
 .init0         0x0000049c        0x0 C:/Program Files (x86)/Atmel/Studio/7.0/Packs/atmel/XMEGAA_DFP/1.1.68/gcc/dev/atxmega256a3bu/avrxmega6/crtatxmega256a3bu.o
                0x0000049c                __init
 *(.init0)
 *(.init1)
 *(.init1)
 *(.init2)
 .init2         0x0000049c       0x10 C:/Program Files (x86)/Atmel/Studio/7.0/Packs/atmel/XMEGAA_DFP/1.1.68/gcc/dev/atxmega256a3bu/avrxmega6/crtatxmega256a3bu.o
 *(.init2)
 *(.init3)
 *(.init3)
 *(.init4)
 .init4         0x000004ac       0x1a c:/program files (x86)/atmel/studio/7.0/toolchain/avr8/avr8-gnu-toolchain/bin/../lib/gcc/avr/5.4.0/avrxmega6\libgcc.a(_copy_data.o)
                0x000004ac                __do_copy_data
 .init4         0x000004c6       0x10 c:/program files (x86)/atmel/studio/7.0/toolchain/avr8/avr8-gnu-toolchain/bin/../lib/gcc/avr/5.4.0/avrxmega6\libgcc.a(_clear_bss.o)
                0x000004c6                __do_clear_bss
 *(.init4)
 *(.init5)
 *(.init5)
 *(.init6)
 *(.init6)
 *(.init7)
 *(.init7)
 *(.init8)
 *(.init8)
 *(.init9)
 .init9         0x000004d6        0x6 C:/Program Files (x86)/Atmel/Studio/7.0/Packs/atmel/XMEGAA_DFP/1.1.68/gcc/dev/atxmega256a3bu/avrxmega6/crtatxmega256a3bu.o
 *(.init9)
 *(.text)
 .text          0x000004dc        0x2 C:/Program Files (x86)/Atmel/Studio/7.0/Packs/atmel/XMEGAA_DFP/1.1.68/gcc/dev/atxmega256a3bu/avrxmega6/crtatxmega256a3bu.o
                0x000004dc                __vector_38
                0x000004dc                __vector_104
                0x000004dc                __vector_63
                0x000004dc                __vector_28
                0x000004dc                __vector_67
                0x000004dc                __vector_1
                0x000004dc                __vector_119
                0x000004dc                __vector_32
                0x000004dc                __vector_75
                0x000004dc                __vector_91
                0x000004dc                __vector_34
                0x000004dc                __vector_62
                0x000004dc                __vector_102
                0x000004dc                __vector_24
                0x000004dc                __vector_12
                0x000004dc                __vector_69
                0x000004dc                __vector_90
                0x000004dc                __vector_46
                0x000004dc                __bad_interrupt
                0x000004dc                __vector_122
                0x000004dc                __vector_114
                0x000004dc                __vector_6
                0x000004dc                __vector_31
                0x000004dc                __vector_92
                0x000004dc                __vector_35
                0x000004dc                __vector_117
                0x000004dc                __vector_107
                0x000004dc                __vector_3
                0x000004dc                __vector_105
                0x000004dc                __vector_98
                0x000004dc                __vector_68
                0x000004dc                __vector_30
                0x000004dc                __vector_45
                0x000004dc                __vector_25
                0x000004dc                __vector_93
                0x000004dc                __vector_61
                0x000004dc                __vector_11
                0x000004dc                __vector_99
                0x000004dc                __vector_13
                0x000004dc                __vector_7
                0x000004dc                __vector_125
                0x000004dc                __vector_123
                0x000004dc                __vector_100
                0x000004dc                __vector_101
                0x000004dc                __vector_64
                0x000004dc                __vector_88
                0x000004dc                __vector_43
                0x000004dc                __vector_27
                0x000004dc                __vector_5
                0x000004dc                __vector_33
                0x000004dc                __vector_76
                0x000004dc                __vector_115
                0x000004dc                __vector_37
                0x000004dc                __vector_95
                0x000004dc                __vector_103
                0x000004dc                __vector_96
                0x000004dc                __vector_89
                0x000004dc                __vector_4
                0x000004dc                __vector_44
                0x000004dc                __vector_106
                0x000004dc                __vector_118
                0x000004dc                __vector_9
                0x000004dc                __vector_2
                0x000004dc                __vector_66
                0x000004dc                __vector_36
                0x000004dc                __vector_58
                0x000004dc                __vector_70
                0x000004dc                __vector_29
                0x000004dc                __vector_60
                0x000004dc                __vector_121
                0x000004dc                __vector_94
                0x000004dc                __vector_126
                0x000004dc                __vector_8
                0x000004dc                __vector_26
                0x000004dc                __vector_124
                0x000004dc                __vector_116
                0x000004dc                __vector_57
                0x000004dc                __vector_10
                0x000004dc                __vector_59
                0x000004dc                __vector_97
                0x000004dc                __vector_87
                0x000004dc                __vector_65
                0x000004dc                __vector_120
                0x000004de                . = ALIGN (0x2)
 *(.text.*)
 .text.adc_handler
                0x000004de      0x1c4 src/adc_example1_gfx.o
 .text.main     0x000006a2       0xc4 src/adc_example1_gfx.o
                0x000006a2                main
 .text.__vector_14
                0x00000766       0x5a src/ASF/xmega/drivers/tc/tc.o
                0x00000766                __vector_14
 .text.__vector_15
                0x000007c0       0x5a src/ASF/xmega/drivers/tc/tc.o
                0x000007c0                __vector_15
 .text.__vector_16
                0x0000081a       0x5a src/ASF/xmega/drivers/tc/tc.o
                0x0000081a                __vector_16
 .text.__vector_17
                0x00000874       0x5a src/ASF/xmega/drivers/tc/tc.o
                0x00000874                __vector_17
 .text.__vector_18
                0x000008ce       0x5a src/ASF/xmega/drivers/tc/tc.o
                0x000008ce                __vector_18
 .text.__vector_19
                0x00000928       0x5a src/ASF/xmega/drivers/tc/tc.o
                0x00000928                __vector_19
 .text.__vector_20
                0x00000982       0x5a src/ASF/xmega/drivers/tc/tc.o
                0x00000982                __vector_20
 .text.__vector_21
                0x000009dc       0x5a src/ASF/xmega/drivers/tc/tc.o
                0x000009dc                __vector_21
 .text.__vector_22
                0x00000a36       0x5a src/ASF/xmega/drivers/tc/tc.o
                0x00000a36                __vector_22
 .text.__vector_23
                0x00000a90       0x5a src/ASF/xmega/drivers/tc/tc.o
                0x00000a90                __vector_23
 .text.__vector_77
                0x00000aea       0x5a src/ASF/xmega/drivers/tc/tc.o
                0x00000aea                __vector_77
 .text.__vector_78
                0x00000b44       0x5a src/ASF/xmega/drivers/tc/tc.o
                0x00000b44                __vector_78
 .text.__vector_79
                0x00000b9e       0x5a src/ASF/xmega/drivers/tc/tc.o
                0x00000b9e                __vector_79
 .text.__vector_80
                0x00000bf8       0x5a src/ASF/xmega/drivers/tc/tc.o
                0x00000bf8                __vector_80
 .text.__vector_81
                0x00000c52       0x5a src/ASF/xmega/drivers/tc/tc.o
                0x00000c52                __vector_81
 .text.__vector_82
                0x00000cac       0x5a src/ASF/xmega/drivers/tc/tc.o
                0x00000cac                __vector_82
 .text.__vector_83
                0x00000d06       0x5a src/ASF/xmega/drivers/tc/tc.o
                0x00000d06                __vector_83
 .text.__vector_84
                0x00000d60       0x5a src/ASF/xmega/drivers/tc/tc.o
                0x00000d60                __vector_84
 .text.__vector_85
                0x00000dba       0x5a src/ASF/xmega/drivers/tc/tc.o
                0x00000dba                __vector_85
 .text.__vector_86
                0x00000e14       0x5a src/ASF/xmega/drivers/tc/tc.o
                0x00000e14                __vector_86
 .text.__vector_47
                0x00000e6e       0x5a src/ASF/xmega/drivers/tc/tc.o
                0x00000e6e                __vector_47
 .text.__vector_48
                0x00000ec8       0x5a src/ASF/xmega/drivers/tc/tc.o
                0x00000ec8                __vector_48
 .text.__vector_49
                0x00000f22       0x5a src/ASF/xmega/drivers/tc/tc.o
                0x00000f22                __vector_49
 .text.__vector_50
                0x00000f7c       0x5a src/ASF/xmega/drivers/tc/tc.o
                0x00000f7c                __vector_50
 .text.__vector_51
                0x00000fd6       0x5a src/ASF/xmega/drivers/tc/tc.o
                0x00000fd6                __vector_51
 .text.__vector_52
                0x00001030       0x5a src/ASF/xmega/drivers/tc/tc.o
                0x00001030                __vector_52
 .text.__vector_53
                0x0000108a       0x5a src/ASF/xmega/drivers/tc/tc.o
                0x0000108a                __vector_53
 .text.__vector_54
                0x000010e4       0x5a src/ASF/xmega/drivers/tc/tc.o
                0x000010e4                __vector_54
 .text.__vector_55
                0x0000113e       0x5a src/ASF/xmega/drivers/tc/tc.o
                0x0000113e                __vector_55
 .text.__vector_56
                0x00001198       0x5a src/ASF/xmega/drivers/tc/tc.o
                0x00001198                __vector_56
 .text.__vector_108
                0x000011f2       0x5a src/ASF/xmega/drivers/tc/tc.o
                0x000011f2                __vector_108
 .text.__vector_109
                0x0000124c       0x5a src/ASF/xmega/drivers/tc/tc.o
                0x0000124c                __vector_109
 .text.__vector_110
                0x000012a6       0x5a src/ASF/xmega/drivers/tc/tc.o
                0x000012a6                __vector_110
 .text.__vector_111
                0x00001300       0x5a src/ASF/xmega/drivers/tc/tc.o
                0x00001300                __vector_111
 .text.__vector_112
                0x0000135a       0x5a src/ASF/xmega/drivers/tc/tc.o
                0x0000135a                __vector_112
 .text.__vector_113
                0x000013b4       0x5a src/ASF/xmega/drivers/tc/tc.o
                0x000013b4                __vector_113
 .text.tc_enable
                0x0000140e       0xe2 src/ASF/xmega/drivers/tc/tc.o
                0x0000140e                tc_enable
 .text.pwm_set_frequency
                0x000014f0       0xd8 src/ASF/xmega/services/pwm/pwm.o
                0x000014f0                pwm_set_frequency
 .text.pwm_init
                0x000015c8      0x18e src/ASF/xmega/services/pwm/pwm.o
                0x000015c8                pwm_init
 .text.pwm_start
                0x00001756       0xa4 src/ASF/xmega/services/pwm/pwm.o
                0x00001756                pwm_start
 .text.__portable_avr_delay_cycles
                0x000017fa       0x16 src/ASF/common/components/display/st7565r/st7565r.o
 .text.st7565r_init
                0x00001810      0x388 src/ASF/common/components/display/st7565r/st7565r.o
                0x00001810                st7565r_init
 .text.sysclk_init
                0x00001b98       0x72 src/ASF/common/services/clock/xmega/sysclk.o
                0x00001b98                sysclk_init
 .text.sysclk_enable_module
                0x00001c0a       0x2c src/ASF/common/services/clock/xmega/sysclk.o
                0x00001c0a                sysclk_enable_module
 .text.sysclk_disable_module
                0x00001c36       0x2a src/ASF/common/services/clock/xmega/sysclk.o
                0x00001c36                sysclk_disable_module
 .text.gfx_mono_st7565r_put_byte
                0x00001c60      0x14e src/ASF/common/services/gfx_mono/gfx_mono_c12832_a1z.o
                0x00001c60                gfx_mono_st7565r_put_byte
 .text.gfx_mono_st7565r_init
                0x00001dae       0x84 src/ASF/common/services/gfx_mono/gfx_mono_c12832_a1z.o
                0x00001dae                gfx_mono_st7565r_init
 .text.gfx_mono_st7565r_draw_pixel
                0x00001e32       0x6c src/ASF/common/services/gfx_mono/gfx_mono_c12832_a1z.o
                0x00001e32                gfx_mono_st7565r_draw_pixel
 .text.gfx_mono_st7565r_get_byte
                0x00001e9e        0x4 src/ASF/common/services/gfx_mono/gfx_mono_c12832_a1z.o
                0x00001e9e                gfx_mono_st7565r_get_byte
 .text.gfx_mono_set_framebuffer
                0x00001ea2        0xa src/ASF/common/services/gfx_mono/gfx_mono_framebuffer.o
                0x00001ea2                gfx_mono_set_framebuffer
 .text.gfx_mono_framebuffer_put_byte
                0x00001eac       0x1c src/ASF/common/services/gfx_mono/gfx_mono_framebuffer.o
                0x00001eac                gfx_mono_framebuffer_put_byte
 .text.gfx_mono_framebuffer_get_byte
                0x00001ec8       0x1c src/ASF/common/services/gfx_mono/gfx_mono_framebuffer.o
                0x00001ec8                gfx_mono_framebuffer_get_byte
 .text.gfx_mono_generic_draw_horizontal_line
                0x00001ee4       0xc4 src/ASF/common/services/gfx_mono/gfx_mono_generic.o
                0x00001ee4                gfx_mono_generic_draw_horizontal_line
 .text.gfx_mono_generic_draw_filled_rect
                0x00001fa8       0x34 src/ASF/common/services/gfx_mono/gfx_mono_generic.o
                0x00001fa8                gfx_mono_generic_draw_filled_rect
 .text.gfx_mono_draw_char
                0x00001fdc       0xba src/ASF/common/services/gfx_mono/gfx_mono_text.o
                0x00001fdc                gfx_mono_draw_char
 .text.gfx_mono_draw_string
                0x00002096       0x52 src/ASF/common/services/gfx_mono/gfx_mono_text.o
                0x00002096                gfx_mono_draw_string
 .text.ioport_configure_port_pin
                0x000020e8       0x4e src/ASF/common/services/ioport/xmega/ioport_compat.o
                0x000020e8                ioport_configure_port_pin
 .text.usart_spi_init
                0x00002136       0x5e src/ASF/common/services/spi/xmega_usart_spi/usart_spi.o
                0x00002136                usart_spi_init
 .text.usart_spi_setup_device
                0x00002194       0x34 src/ASF/common/services/spi/xmega_usart_spi/usart_spi.o
                0x00002194                usart_spi_setup_device
 .text.usart_spi_select_device
                0x000021c8       0x2c src/ASF/common/services/spi/xmega_usart_spi/usart_spi.o
                0x000021c8                usart_spi_select_device
 .text.usart_spi_deselect_device
                0x000021f4       0x2c src/ASF/common/services/spi/xmega_usart_spi/usart_spi.o
                0x000021f4                usart_spi_deselect_device
 .text.board_init
                0x00002220       0x9e src/ASF/xmega/boards/xmega_a3bu_xplained/init.o
                0x00002220                board_init
 .text.adc_set_callback
                0x000022be       0x40 src/ASF/xmega/drivers/adc/adc.o
                0x000022be                adc_set_callback
 .text.adc_enable_clock
                0x000022fe       0x3e src/ASF/xmega/drivers/adc/adc.o
                0x000022fe                adc_enable_clock
 .text.adc_disable_clock
                0x0000233c       0x3a src/ASF/xmega/drivers/adc/adc.o
                0x0000233c                adc_disable_clock
 .text.adc_enable
                0x00002376       0x58 src/ASF/xmega/drivers/adc/adc.o
                0x00002376                adc_enable
 .text.__vector_71
                0x000023ce       0x64 src/ASF/xmega/drivers/adc/xmega_aau/adc_aau.o
                0x000023ce                __vector_71
 .text.__vector_72
                0x00002432       0x64 src/ASF/xmega/drivers/adc/xmega_aau/adc_aau.o
                0x00002432                __vector_72
 .text.__vector_73
                0x00002496       0x64 src/ASF/xmega/drivers/adc/xmega_aau/adc_aau.o
                0x00002496                __vector_73
 .text.__vector_74
                0x000024fa       0x64 src/ASF/xmega/drivers/adc/xmega_aau/adc_aau.o
                0x000024fa                __vector_74
 .text.__vector_39
                0x0000255e       0x64 src/ASF/xmega/drivers/adc/xmega_aau/adc_aau.o
                0x0000255e                __vector_39
 .text.__vector_40
                0x000025c2       0x64 src/ASF/xmega/drivers/adc/xmega_aau/adc_aau.o
                0x000025c2                __vector_40
 .text.__vector_41
                0x00002626       0x64 src/ASF/xmega/drivers/adc/xmega_aau/adc_aau.o
                0x00002626                __vector_41
 .text.__vector_42
                0x0000268a       0x64 src/ASF/xmega/drivers/adc/xmega_aau/adc_aau.o
                0x0000268a                __vector_42
 .text.adc_write_configuration
                0x000026ee       0xcc src/ASF/xmega/drivers/adc/xmega_aau/adc_aau.o
                0x000026ee                adc_write_configuration
 .text.adc_read_configuration
                0x000027ba       0x72 src/ASF/xmega/drivers/adc/xmega_aau/adc_aau.o
                0x000027ba                adc_read_configuration
 .text.adcch_write_configuration
                0x0000282c       0x96 src/ASF/xmega/drivers/adc/xmega_aau/adc_aau.o
                0x0000282c                adcch_write_configuration
 .text.adcch_read_configuration
                0x000028c2       0x96 src/ASF/xmega/drivers/adc/xmega_aau/adc_aau.o
                0x000028c2                adcch_read_configuration
 .text.ccp_write_io
                0x00002958        0xc src/ASF/xmega/drivers/cpu/ccp.o
                0x00002958                ccp_write_io
 .text.nvm_read_byte
                0x00002964       0x14 src/ASF/xmega/drivers/nvm/nvm_asm.o
                0x00002964                nvm_read_byte
 .text.usart_spi_set_baudrate
                0x00002978       0x62 src/ASF/xmega/drivers/usart/usart.o
                0x00002978                usart_spi_set_baudrate
 .text.usart_init_spi
                0x000029da      0x3c8 src/ASF/xmega/drivers/usart/usart.o
                0x000029da                usart_init_spi
 .text.avr-libc.fplib
                0x00002da2        0xa c:/program files (x86)/atmel/studio/7.0/toolchain/avr8/avr8-gnu-toolchain/bin/../lib/gcc/avr/5.4.0/../../../../avr/lib/avrxmega6\libm.a(addsf3.o)
                0x00002da2                __subsf3
                0x00002da4                __addsf3
 .text.avr-libc.fplib
                0x00002dac       0xc0 c:/program files (x86)/atmel/studio/7.0/toolchain/avr8/avr8-gnu-toolchain/bin/../lib/gcc/avr/5.4.0/../../../../avr/lib/avrxmega6\libm.a(addsf3x.o)
                0x00002dc6                __addsf3x
 .text.avr-libc.fplib
                0x00002e6c        0xa c:/program files (x86)/atmel/studio/7.0/toolchain/avr8/avr8-gnu-toolchain/bin/../lib/gcc/avr/5.4.0/../../../../avr/lib/avrxmega6\libm.a(fixsfsi.o)
                0x00002e6c                __fixsfsi
 .text.avr-libc.fplib
                0x00002e76       0x58 c:/program files (x86)/atmel/studio/7.0/toolchain/avr8/avr8-gnu-toolchain/bin/../lib/gcc/avr/5.4.0/../../../../avr/lib/avrxmega6\libm.a(fixunssfsi.o)
                0x00002e76                __fixunssfsi
 .text.avr-libc.fplib
                0x00002ece       0x7a c:/program files (x86)/atmel/studio/7.0/toolchain/avr8/avr8-gnu-toolchain/bin/../lib/gcc/avr/5.4.0/../../../../avr/lib/avrxmega6\libm.a(floatsisf.o)
                0x00002ece                __floatunsisf
                0x00002ed2                __floatsisf
 .text.avr-libc.fplib
                0x00002f48        0xc c:/program files (x86)/atmel/studio/7.0/toolchain/avr8/avr8-gnu-toolchain/bin/../lib/gcc/avr/5.4.0/../../../../avr/lib/avrxmega6\libm.a(fp_inf.o)
                0x00002f48                __fp_inf
 .text.avr-libc.fplib
                0x00002f54        0x6 c:/program files (x86)/atmel/studio/7.0/toolchain/avr8/avr8-gnu-toolchain/bin/../lib/gcc/avr/5.4.0/../../../../avr/lib/avrxmega6\libm.a(fp_nan.o)
                0x00002f54                __fp_nan
 .text.avr-libc.fplib
                0x00002f5a        0xe c:/program files (x86)/atmel/studio/7.0/toolchain/avr8/avr8-gnu-toolchain/bin/../lib/gcc/avr/5.4.0/../../../../avr/lib/avrxmega6\libm.a(fp_pscA.o)
                0x00002f5a                __fp_pscA
 .text.avr-libc.fplib
                0x00002f68        0xe c:/program files (x86)/atmel/studio/7.0/toolchain/avr8/avr8-gnu-toolchain/bin/../lib/gcc/avr/5.4.0/../../../../avr/lib/avrxmega6\libm.a(fp_pscB.o)
                0x00002f68                __fp_pscB
 .text.avr-libc.fplib
                0x00002f76       0x22 c:/program files (x86)/atmel/studio/7.0/toolchain/avr8/avr8-gnu-toolchain/bin/../lib/gcc/avr/5.4.0/../../../../avr/lib/avrxmega6\libm.a(fp_round.o)
                0x00002f76                __fp_round
 .text.avr-libc.fplib
                0x00002f98       0x44 c:/program files (x86)/atmel/studio/7.0/toolchain/avr8/avr8-gnu-toolchain/bin/../lib/gcc/avr/5.4.0/../../../../avr/lib/avrxmega6\libm.a(fp_split3.o)
                0x00002f98                __fp_split3
                0x00002fa8                __fp_splitA
 .text.avr-libc.fplib
                0x00002fdc        0xe c:/program files (x86)/atmel/studio/7.0/toolchain/avr8/avr8-gnu-toolchain/bin/../lib/gcc/avr/5.4.0/../../../../avr/lib/avrxmega6\libm.a(fp_zero.o)
                0x00002fdc                __fp_zero
                0x00002fde                __fp_szero
 .text.avr-libc.fplib
                0x00002fea        0x4 c:/program files (x86)/atmel/studio/7.0/toolchain/avr8/avr8-gnu-toolchain/bin/../lib/gcc/avr/5.4.0/../../../../avr/lib/avrxmega6\libm.a(mulsf3.o)
                0x00002fea                __mulsf3
 .text.avr-libc.fplib
                0x00002fee       0xc2 c:/program files (x86)/atmel/studio/7.0/toolchain/avr8/avr8-gnu-toolchain/bin/../lib/gcc/avr/5.4.0/../../../../avr/lib/avrxmega6\libm.a(mulsf3x.o)
                0x00003002                __mulsf3x
                0x00003006                __mulsf3_pse
 .text.libgcc.div
                0x000030b0       0x44 c:/program files (x86)/atmel/studio/7.0/toolchain/avr8/avr8-gnu-toolchain/bin/../lib/gcc/avr/5.4.0/avrxmega6\libgcc.a(_udivmodsi4.o)
                0x000030b0                __udivmodsi4
 .text.libgcc   0x000030f4       0x10 c:/program files (x86)/atmel/studio/7.0/toolchain/avr8/avr8-gnu-toolchain/bin/../lib/gcc/avr/5.4.0/avrxmega6\libgcc.a(_tablejump2.o)
                0x000030f4                __tablejump2__
 .text.libgcc.mul
                0x00003104       0x1e c:/program files (x86)/atmel/studio/7.0/toolchain/avr8/avr8-gnu-toolchain/bin/../lib/gcc/avr/5.4.0/avrxmega6\libgcc.a(_umulhisi3.o)
                0x00003104                __umulhisi3
 .text.avr-libc
                0x00003122       0x6c c:/program files (x86)/atmel/studio/7.0/toolchain/avr8/avr8-gnu-toolchain/bin/../lib/gcc/avr/5.4.0/../../../../avr/lib/avrxmega6\libc.a(snprintf.o)
                0x00003122                snprintf
 .text.avr-libc
                0x0000318e      0x3ee c:/program files (x86)/atmel/studio/7.0/toolchain/avr8/avr8-gnu-toolchain/bin/../lib/gcc/avr/5.4.0/../../../../avr/lib/avrxmega6\libc.a(vfprintf_std.o)
                0x0000318e                vfprintf
 .text.avr-libc
                0x0000357c       0x16 c:/program files (x86)/atmel/studio/7.0/toolchain/avr8/avr8-gnu-toolchain/bin/../lib/gcc/avr/5.4.0/../../../../avr/lib/avrxmega6\libc.a(strnlen_P.o)
                0x0000357c                strnlen_P
 .text.avr-libc
                0x00003592       0x16 c:/program files (x86)/atmel/studio/7.0/toolchain/avr8/avr8-gnu-toolchain/bin/../lib/gcc/avr/5.4.0/../../../../avr/lib/avrxmega6\libc.a(strnlen.o)
                0x00003592                strnlen
 .text.avr-libc
                0x000035a8       0x78 c:/program files (x86)/atmel/studio/7.0/toolchain/avr8/avr8-gnu-toolchain/bin/../lib/gcc/avr/5.4.0/../../../../avr/lib/avrxmega6\libc.a(fputc.o)
                0x000035a8                fputc
 .text.avr-libc
                0x00003620       0xbc c:/program files (x86)/atmel/studio/7.0/toolchain/avr8/avr8-gnu-toolchain/bin/../lib/gcc/avr/5.4.0/../../../../avr/lib/avrxmega6\libc.a(ultoa_invert.o)
                0x00003620                __ultoa_invert
                0x000036dc                . = ALIGN (0x2)
 *(.fini9)
 .fini9         0x000036dc        0x0 c:/program files (x86)/atmel/studio/7.0/toolchain/avr8/avr8-gnu-toolchain/bin/../lib/gcc/avr/5.4.0/avrxmega6\libgcc.a(_exit.o)
                0x000036dc                _exit
                0x000036dc                exit
 *(.fini9)
 *(.fini8)
 *(.fini8)
 *(.fini7)
 *(.fini7)
 *(.fini6)
 *(.fini6)
 *(.fini5)
 *(.fini5)
 *(.fini4)
 *(.fini4)
 *(.fini3)
 *(.fini3)
 *(.fini2)
 *(.fini2)
 *(.fini1)
 *(.fini1)
 *(.fini0)
 .fini0         0x000036dc        0x4 c:/program files (x86)/atmel/studio/7.0/toolchain/avr8/avr8-gnu-toolchain/bin/../lib/gcc/avr/5.4.0/avrxmega6\libgcc.a(_exit.o)
 *(.fini0)
                0x000036e0                _etext = .

.data           0x00802000       0x3e load address 0x000036e0
                0x00802000                PROVIDE (__data_start, .)
 *(.data)
 *(.data*)
 .data.sysfont  0x00802000        0x7 src/ASF/common/services/gfx_mono/sysfont.o
                0x00802000                sysfont
 *(.gnu.linkonce.d*)
 *(.rodata)
 *(.rodata*)
 .rodata.str1.1
                0x00802007       0x37 src/adc_example1_gfx.o
 *(.gnu.linkonce.r*)
                0x0080203e                . = ALIGN (0x2)
                0x0080203e                _edata = .
                0x0080203e                PROVIDE (__data_end, .)

.bss            0x0080203e      0x25a
                0x0080203e                PROVIDE (__bss_start, .)
 *(.bss)
 *(.bss*)
 .bss.last_temperaturef
                0x0080203e        0x2 src/adc_example1_gfx.o
 .bss.last_temperaturec
                0x00802040        0x2 src/adc_example1_gfx.o
 .bss.tc_tcf0_ccd_callback
                0x00802042        0x2 src/ASF/xmega/drivers/tc/tc.o
 .bss.tc_tcf0_ccc_callback
                0x00802044        0x2 src/ASF/xmega/drivers/tc/tc.o
 .bss.tc_tcf0_ccb_callback
                0x00802046        0x2 src/ASF/xmega/drivers/tc/tc.o
 .bss.tc_tcf0_cca_callback
                0x00802048        0x2 src/ASF/xmega/drivers/tc/tc.o
 .bss.tc_tcf0_err_callback
                0x0080204a        0x2 src/ASF/xmega/drivers/tc/tc.o
 .bss.tc_tcf0_ovf_callback
                0x0080204c        0x2 src/ASF/xmega/drivers/tc/tc.o
 .bss.tc_tce1_ccb_callback
                0x0080204e        0x2 src/ASF/xmega/drivers/tc/tc.o
 .bss.tc_tce1_cca_callback
                0x00802050        0x2 src/ASF/xmega/drivers/tc/tc.o
 .bss.tc_tce1_err_callback
                0x00802052        0x2 src/ASF/xmega/drivers/tc/tc.o
 .bss.tc_tce1_ovf_callback
                0x00802054        0x2 src/ASF/xmega/drivers/tc/tc.o
 .bss.tc_tce0_ccd_callback
                0x00802056        0x2 src/ASF/xmega/drivers/tc/tc.o
 .bss.tc_tce0_ccc_callback
                0x00802058        0x2 src/ASF/xmega/drivers/tc/tc.o
 .bss.tc_tce0_ccb_callback
                0x0080205a        0x2 src/ASF/xmega/drivers/tc/tc.o
 .bss.tc_tce0_cca_callback
                0x0080205c        0x2 src/ASF/xmega/drivers/tc/tc.o
 .bss.tc_tce0_err_callback
                0x0080205e        0x2 src/ASF/xmega/drivers/tc/tc.o
 .bss.tc_tce0_ovf_callback
                0x00802060        0x2 src/ASF/xmega/drivers/tc/tc.o
 .bss.tc_tcd1_ccb_callback
                0x00802062        0x2 src/ASF/xmega/drivers/tc/tc.o
 .bss.tc_tcd1_cca_callback
                0x00802064        0x2 src/ASF/xmega/drivers/tc/tc.o
 .bss.tc_tcd1_err_callback
                0x00802066        0x2 src/ASF/xmega/drivers/tc/tc.o
 .bss.tc_tcd1_ovf_callback
                0x00802068        0x2 src/ASF/xmega/drivers/tc/tc.o
 .bss.tc_tcd0_ccd_callback
                0x0080206a        0x2 src/ASF/xmega/drivers/tc/tc.o
 .bss.tc_tcd0_ccc_callback
                0x0080206c        0x2 src/ASF/xmega/drivers/tc/tc.o
 .bss.tc_tcd0_ccb_callback
                0x0080206e        0x2 src/ASF/xmega/drivers/tc/tc.o
 .bss.tc_tcd0_cca_callback
                0x00802070        0x2 src/ASF/xmega/drivers/tc/tc.o
 .bss.tc_tcd0_err_callback
                0x00802072        0x2 src/ASF/xmega/drivers/tc/tc.o
 .bss.tc_tcd0_ovf_callback
                0x00802074        0x2 src/ASF/xmega/drivers/tc/tc.o
 .bss.tc_tcc1_ccb_callback
                0x00802076        0x2 src/ASF/xmega/drivers/tc/tc.o
 .bss.tc_tcc1_cca_callback
                0x00802078        0x2 src/ASF/xmega/drivers/tc/tc.o
 .bss.tc_tcc1_err_callback
                0x0080207a        0x2 src/ASF/xmega/drivers/tc/tc.o
 .bss.tc_tcc1_ovf_callback
                0x0080207c        0x2 src/ASF/xmega/drivers/tc/tc.o
 .bss.tc_tcc0_ccd_callback
                0x0080207e        0x2 src/ASF/xmega/drivers/tc/tc.o
 .bss.tc_tcc0_ccc_callback
                0x00802080        0x2 src/ASF/xmega/drivers/tc/tc.o
 .bss.tc_tcc0_ccb_callback
                0x00802082        0x2 src/ASF/xmega/drivers/tc/tc.o
 .bss.tc_tcc0_cca_callback
                0x00802084        0x2 src/ASF/xmega/drivers/tc/tc.o
 .bss.tc_tcc0_err_callback
                0x00802086        0x2 src/ASF/xmega/drivers/tc/tc.o
 .bss.tc_tcc0_ovf_callback
                0x00802088        0x2 src/ASF/xmega/drivers/tc/tc.o
 .bss.framebuffer
                0x0080208a      0x200 src/ASF/common/services/gfx_mono/gfx_mono_c12832_a1z.o
 .bss.fbpointer
                0x0080228a        0x2 src/ASF/common/services/gfx_mono/gfx_mono_framebuffer.o
 .bss.adcb_enable_count
                0x0080228c        0x1 src/ASF/xmega/drivers/adc/adc.o
 .bss.adca_enable_count
                0x0080228d        0x1 src/ASF/xmega/drivers/adc/adc.o
 *(COMMON)
 COMMON         0x0080228e        0x6 src/ASF/common/services/sleepmgr/xmega/sleepmgr.o
                0x0080228e                sleepmgr_locks
 COMMON         0x00802294        0x4 src/ASF/xmega/drivers/adc/adc.o
                0x00802294                adcb_callback
                0x00802296                adca_callback
                0x00802298                PROVIDE (__bss_end, .)
                0x000036e0                __data_load_start = LOADADDR (.data)
                0x0000371e                __data_load_end = (__data_load_start + SIZEOF (.data))

.noinit         0x00802298        0x0
                [!provide]                PROVIDE (__noinit_start, .)
 *(.noinit*)
                [!provide]                PROVIDE (__noinit_end, .)
                0x00802298                _end = .
                [!provide]                PROVIDE (__heap_start, .)

.eeprom         0x00810000        0x0
 *(.eeprom*)
                0x00810000                __eeprom_end = .

.fuse
 *(.fuse)
 *(.lfuse)
 *(.hfuse)
 *(.efuse)

.lock
 *(.lock*)

.signature
 *(.signature*)

.user_signatures
 *(.user_signatures*)

.stab
 *(.stab)

.stabstr
 *(.stabstr)

.stab.excl
 *(.stab.excl)

.stab.exclstr
 *(.stab.exclstr)

.stab.index
 *(.stab.index)

.stab.indexstr
 *(.stab.indexstr)

.comment        0x00000000       0x5c
 *(.comment)
 .comment       0x00000000       0x30 src/adc_example1_gfx.o
                                 0x31 (size before relaxing)
 .comment       0x00000030       0x31 src/ASF/xmega/drivers/tc/tc.o
 .comment       0x00000030       0x31 src/ASF/xmega/services/pwm/pwm.o
 .comment       0x00000030       0x31 src/ASF/common/components/display/st7565r/st7565r.o
 .comment       0x00000030       0x31 src/ASF/common/services/clock/xmega/sysclk.o
 .comment       0x00000030       0x31 src/ASF/common/services/gfx_mono/gfx_mono_c12832_a1z.o
 .comment       0x00000030       0x31 src/ASF/common/services/gfx_mono/gfx_mono_framebuffer.o
 .comment       0x00000030       0x31 src/ASF/common/services/gfx_mono/gfx_mono_generic.o
 .comment       0x00000030       0x31 src/ASF/common/services/gfx_mono/gfx_mono_text.o
 .comment       0x00000030       0x31 src/ASF/common/services/gfx_mono/sysfont.o
 .comment       0x00000030       0x31 src/ASF/common/services/ioport/xmega/ioport_compat.o
 .comment       0x00000030       0x31 src/ASF/common/services/sleepmgr/xmega/sleepmgr.o
 .comment       0x00000030       0x31 src/ASF/common/services/spi/xmega_usart_spi/usart_spi.o
 .comment       0x00000030       0x31 src/ASF/xmega/boards/xmega_a3bu_xplained/init.o
 .comment       0x00000030       0x31 src/ASF/xmega/drivers/adc/adc.o
 .comment       0x00000030       0x31 src/ASF/xmega/drivers/adc/xmega_aau/adc_aau.o
 .comment       0x00000030       0x31 src/ASF/xmega/drivers/usart/usart.o
 .comment       0x00000030       0x31 c:/program files (x86)/atmel/studio/7.0/toolchain/avr8/avr8-gnu-toolchain/bin/../lib/gcc/avr/5.4.0/../../../../avr/lib/avrxmega6\libc.a(snprintf.o)
 .comment       0x00000030       0x2c c:/program files (x86)/atmel/studio/7.0/toolchain/avr8/avr8-gnu-toolchain/bin/../lib/gcc/avr/5.4.0/../../../../avr/lib/avrxmega6\libc.a(vfprintf_std.o)
                                 0x2d (size before relaxing)
 .comment       0x0000005c       0x31 c:/program files (x86)/atmel/studio/7.0/toolchain/avr8/avr8-gnu-toolchain/bin/../lib/gcc/avr/5.4.0/../../../../avr/lib/avrxmega6\libc.a(fputc.o)

.note.gnu.avr.deviceinfo
                0x00000000       0x44
 .note.gnu.avr.deviceinfo
                0x00000000       0x44 C:/Program Files (x86)/Atmel/Studio/7.0/Packs/atmel/XMEGAA_DFP/1.1.68/gcc/dev/atxmega256a3bu/avrxmega6/crtatxmega256a3bu.o

.note.gnu.build-id
 *(.note.gnu.build-id)

.debug
 *(.debug)

.line
 *(.line)

.debug_srcinfo
 *(.debug_srcinfo)

.debug_sfnames
 *(.debug_sfnames)

.debug_aranges  0x00000000      0x5a0
 *(.debug_aranges)
 .debug_aranges
                0x00000000       0x28 src/adc_example1_gfx.o
 .debug_aranges
                0x00000028      0x178 src/ASF/xmega/drivers/tc/tc.o
 .debug_aranges
                0x000001a0       0x30 src/ASF/xmega/services/pwm/pwm.o
 .debug_aranges
                0x000001d0       0x28 src/ASF/common/components/display/st7565r/st7565r.o
 .debug_aranges
                0x000001f8       0x40 src/ASF/common/services/clock/xmega/sysclk.o
 .debug_aranges
                0x00000238       0x60 src/ASF/common/services/gfx_mono/gfx_mono_c12832_a1z.o
 .debug_aranges
                0x00000298       0x58 src/ASF/common/services/gfx_mono/gfx_mono_framebuffer.o
 .debug_aranges
                0x000002f0       0x58 src/ASF/common/services/gfx_mono/gfx_mono_generic.o
 .debug_aranges
                0x00000348       0x40 src/ASF/common/services/gfx_mono/gfx_mono_text.o
 .debug_aranges
                0x00000388       0x18 src/ASF/common/services/gfx_mono/sysfont.o
 .debug_aranges
                0x000003a0       0x20 src/ASF/common/services/ioport/xmega/ioport_compat.o
 .debug_aranges
                0x000003c0       0x18 src/ASF/common/services/sleepmgr/xmega/sleepmgr.o
 .debug_aranges
                0x000003d8       0x48 src/ASF/common/services/spi/xmega_usart_spi/usart_spi.o
 .debug_aranges
                0x00000420       0x20 src/ASF/xmega/boards/xmega_a3bu_xplained/init.o
 .debug_aranges
                0x00000440       0x48 src/ASF/xmega/drivers/adc/adc.o
 .debug_aranges
                0x00000488       0x78 src/ASF/xmega/drivers/adc/xmega_aau/adc_aau.o
 .debug_aranges
                0x00000500       0x20 src/ASF/xmega/drivers/cpu/ccp.o
 .debug_aranges
                0x00000520       0x28 src/ASF/xmega/drivers/nvm/nvm_asm.o
 .debug_aranges
                0x00000548       0x58 src/ASF/xmega/drivers/usart/usart.o

.debug_pubnames
 *(.debug_pubnames)

.debug_info     0x00000000    0x12e7f
 *(.debug_info .gnu.linkonce.wi.*)
 .debug_info    0x00000000     0x3379 C:/Program Files (x86)/Atmel/Studio/7.0/Packs/atmel/XMEGAA_DFP/1.1.68/gcc/dev/atxmega256a3bu/avrxmega6/crtatxmega256a3bu.o
 .debug_info    0x00003379     0x1897 src/adc_example1_gfx.o
 .debug_info    0x00004c10     0x1935 src/ASF/xmega/drivers/tc/tc.o
 .debug_info    0x00006545     0x13d4 src/ASF/xmega/services/pwm/pwm.o
 .debug_info    0x00007919     0x1945 src/ASF/common/components/display/st7565r/st7565r.o
 .debug_info    0x0000925e      0x8ad src/ASF/common/services/clock/xmega/sysclk.o
 .debug_info    0x00009b0b     0x1de2 src/ASF/common/services/gfx_mono/gfx_mono_c12832_a1z.o
 .debug_info    0x0000b8ed      0x487 src/ASF/common/services/gfx_mono/gfx_mono_framebuffer.o
 .debug_info    0x0000bd74      0xc10 src/ASF/common/services/gfx_mono/gfx_mono_generic.o
 .debug_info    0x0000c984      0x71b src/ASF/common/services/gfx_mono/gfx_mono_text.o
 .debug_info    0x0000d09f      0x1af src/ASF/common/services/gfx_mono/sysfont.o
 .debug_info    0x0000d24e      0x121 src/ASF/common/services/ioport/xmega/ioport_compat.o
 .debug_info    0x0000d36f      0x129 src/ASF/common/services/sleepmgr/xmega/sleepmgr.o
 .debug_info    0x0000d498      0xb7e src/ASF/common/services/spi/xmega_usart_spi/usart_spi.o
 .debug_info    0x0000e016      0x71c src/ASF/xmega/boards/xmega_a3bu_xplained/init.o
 .debug_info    0x0000e732      0xa91 src/ASF/xmega/drivers/adc/adc.o
 .debug_info    0x0000f1c3      0xe99 src/ASF/xmega/drivers/adc/xmega_aau/adc_aau.o
 .debug_info    0x0001005c       0x9f src/ASF/xmega/drivers/cpu/ccp.o
 .debug_info    0x000100fb       0x9f src/ASF/xmega/drivers/nvm/nvm_asm.o
 .debug_info    0x0001019a     0x2ce5 src/ASF/xmega/drivers/usart/usart.o

.debug_abbrev   0x00000000     0x5784
 *(.debug_abbrev)
 .debug_abbrev  0x00000000     0x30c4 C:/Program Files (x86)/Atmel/Studio/7.0/Packs/atmel/XMEGAA_DFP/1.1.68/gcc/dev/atxmega256a3bu/avrxmega6/crtatxmega256a3bu.o
 .debug_abbrev  0x000030c4      0x3b5 src/adc_example1_gfx.o
 .debug_abbrev  0x00003479      0x29b src/ASF/xmega/drivers/tc/tc.o
 .debug_abbrev  0x00003714      0x297 src/ASF/xmega/services/pwm/pwm.o
 .debug_abbrev  0x000039ab      0x2a0 src/ASF/common/components/display/st7565r/st7565r.o
 .debug_abbrev  0x00003c4b      0x24e src/ASF/common/services/clock/xmega/sysclk.o
 .debug_abbrev  0x00003e99      0x385 src/ASF/common/services/gfx_mono/gfx_mono_c12832_a1z.o
 .debug_abbrev  0x0000421e      0x174 src/ASF/common/services/gfx_mono/gfx_mono_framebuffer.o
 .debug_abbrev  0x00004392      0x1ac src/ASF/common/services/gfx_mono/gfx_mono_generic.o
 .debug_abbrev  0x0000453e      0x21c src/ASF/common/services/gfx_mono/gfx_mono_text.o
 .debug_abbrev  0x0000475a       0xe2 src/ASF/common/services/gfx_mono/sysfont.o
 .debug_abbrev  0x0000483c       0x95 src/ASF/common/services/ioport/xmega/ioport_compat.o
 .debug_abbrev  0x000048d1       0x84 src/ASF/common/services/sleepmgr/xmega/sleepmgr.o
 .debug_abbrev  0x00004955      0x2d8 src/ASF/common/services/spi/xmega_usart_spi/usart_spi.o
 .debug_abbrev  0x00004c2d      0x14a src/ASF/xmega/boards/xmega_a3bu_xplained/init.o
 .debug_abbrev  0x00004d77      0x2d2 src/ASF/xmega/drivers/adc/adc.o
 .debug_abbrev  0x00005049      0x320 src/ASF/xmega/drivers/adc/xmega_aau/adc_aau.o
 .debug_abbrev  0x00005369       0x14 src/ASF/xmega/drivers/cpu/ccp.o
 .debug_abbrev  0x0000537d       0x12 src/ASF/xmega/drivers/nvm/nvm_asm.o
 .debug_abbrev  0x0000538f      0x3f5 src/ASF/xmega/drivers/usart/usart.o

.debug_line     0x00000000     0xa486
 *(.debug_line .debug_line.* .debug_line_end)
 .debug_line    0x00000000      0x39d C:/Program Files (x86)/Atmel/Studio/7.0/Packs/atmel/XMEGAA_DFP/1.1.68/gcc/dev/atxmega256a3bu/avrxmega6/crtatxmega256a3bu.o
 .debug_line    0x0000039d      0xb59 src/adc_example1_gfx.o
 .debug_line    0x00000ef6      0xed2 src/ASF/xmega/drivers/tc/tc.o
 .debug_line    0x00001dc8      0xbfb src/ASF/xmega/services/pwm/pwm.o
 .debug_line    0x000029c3      0xac3 src/ASF/common/components/display/st7565r/st7565r.o
 .debug_line    0x00003486      0x6b4 src/ASF/common/services/clock/xmega/sysclk.o
 .debug_line    0x00003b3a      0xda7 src/ASF/common/services/gfx_mono/gfx_mono_c12832_a1z.o
 .debug_line    0x000048e1      0x918 src/ASF/common/services/gfx_mono/gfx_mono_framebuffer.o
 .debug_line    0x000051f9      0xc05 src/ASF/common/services/gfx_mono/gfx_mono_generic.o
 .debug_line    0x00005dfe      0x9a2 src/ASF/common/services/gfx_mono/gfx_mono_text.o
 .debug_line    0x000067a0      0x7c2 src/ASF/common/services/gfx_mono/sysfont.o
 .debug_line    0x00006f62      0x4b4 src/ASF/common/services/ioport/xmega/ioport_compat.o
 .debug_line    0x00007416      0x457 src/ASF/common/services/sleepmgr/xmega/sleepmgr.o
 .debug_line    0x0000786d      0x7d6 src/ASF/common/services/spi/xmega_usart_spi/usart_spi.o
 .debug_line    0x00008043      0x4df src/ASF/xmega/boards/xmega_a3bu_xplained/init.o
 .debug_line    0x00008522      0x7c5 src/ASF/xmega/drivers/adc/adc.o
 .debug_line    0x00008ce7      0x975 src/ASF/xmega/drivers/adc/xmega_aau/adc_aau.o
 .debug_line    0x0000965c       0x6e src/ASF/xmega/drivers/cpu/ccp.o
 .debug_line    0x000096ca      0x11f src/ASF/xmega/drivers/nvm/nvm_asm.o
 .debug_line    0x000097e9      0xc9d src/ASF/xmega/drivers/usart/usart.o

.debug_frame    0x00000000     0x1b98
 *(.debug_frame)
 .debug_frame   0x00000000       0x7c src/adc_example1_gfx.o
 .debug_frame   0x0000007c      0xd24 src/ASF/xmega/drivers/tc/tc.o
 .debug_frame   0x00000da0       0x84 src/ASF/xmega/services/pwm/pwm.o
 .debug_frame   0x00000e24       0x68 src/ASF/common/components/display/st7565r/st7565r.o
 .debug_frame   0x00000e8c       0xa4 src/ASF/common/services/clock/xmega/sysclk.o
 .debug_frame   0x00000f30      0x1b4 src/ASF/common/services/gfx_mono/gfx_mono_c12832_a1z.o
 .debug_frame   0x000010e4       0xd0 src/ASF/common/services/gfx_mono/gfx_mono_framebuffer.o
 .debug_frame   0x000011b4      0x214 src/ASF/common/services/gfx_mono/gfx_mono_generic.o
 .debug_frame   0x000013c8      0x100 src/ASF/common/services/gfx_mono/gfx_mono_text.o
 .debug_frame   0x000014c8       0x30 src/ASF/common/services/ioport/xmega/ioport_compat.o
 .debug_frame   0x000014f8       0x90 src/ASF/common/services/spi/xmega_usart_spi/usart_spi.o
 .debug_frame   0x00001588       0x24 src/ASF/xmega/boards/xmega_a3bu_xplained/init.o
 .debug_frame   0x000015ac       0xbc src/ASF/xmega/drivers/adc/adc.o
 .debug_frame   0x00001668      0x3e4 src/ASF/xmega/drivers/adc/xmega_aau/adc_aau.o
 .debug_frame   0x00001a4c      0x14c src/ASF/xmega/drivers/usart/usart.o

.debug_str      0x00000000    0x33ca9
 *(.debug_str)
 .debug_str     0x00000000     0x21e4 C:/Program Files (x86)/Atmel/Studio/7.0/Packs/atmel/XMEGAA_DFP/1.1.68/gcc/dev/atxmega256a3bu/avrxmega6/crtatxmega256a3bu.o
 .debug_str     0x000021e4    0x2f32e src/adc_example1_gfx.o
                              0x2fc56 (size before relaxing)
 .debug_str     0x00031512      0x91f src/ASF/xmega/drivers/tc/tc.o
                              0x2b865 (size before relaxing)
 .debug_str     0x00031e31      0x1ab src/ASF/xmega/services/pwm/pwm.o
                              0x2ece4 (size before relaxing)
 .debug_str     0x00031fdc      0x232 src/ASF/common/components/display/st7565r/st7565r.o
                              0x2c0a7 (size before relaxing)
 .debug_str     0x0003220e      0x241 src/ASF/common/services/clock/xmega/sysclk.o
                              0x2aeb4 (size before relaxing)
 .debug_str     0x0003244f      0x2a9 src/ASF/common/services/gfx_mono/gfx_mono_c12832_a1z.o
                              0x2c9a8 (size before relaxing)
 .debug_str     0x000326f8       0xba src/ASF/common/services/gfx_mono/gfx_mono_framebuffer.o
                              0x2c5c3 (size before relaxing)
 .debug_str     0x000327b2      0x225 src/ASF/common/services/gfx_mono/gfx_mono_generic.o
                              0x2c706 (size before relaxing)
 .debug_str     0x000329d7      0x1cf src/ASF/common/services/gfx_mono/gfx_mono_text.o
                              0x2c69a (size before relaxing)
 .debug_str     0x00032ba6       0x3d src/ASF/common/services/gfx_mono/sysfont.o
                              0x2d4f7 (size before relaxing)
 .debug_str     0x00032be3       0xab src/ASF/common/services/ioport/xmega/ioport_compat.o
                              0x28b8b (size before relaxing)
 .debug_str     0x00032c8e       0x35 src/ASF/common/services/sleepmgr/xmega/sleepmgr.o
                              0x288d4 (size before relaxing)
 .debug_str     0x00032cc3      0x1d1 src/ASF/common/services/spi/xmega_usart_spi/usart_spi.o
                              0x2b67c (size before relaxing)
 .debug_str     0x00032e94       0x6c src/ASF/xmega/boards/xmega_a3bu_xplained/init.o
                              0x2a73c (size before relaxing)
 .debug_str     0x00032f00      0x1e5 src/ASF/xmega/drivers/adc/adc.o
                              0x2b8a2 (size before relaxing)
 .debug_str     0x000330e5      0x4fa src/ASF/xmega/drivers/adc/xmega_aau/adc_aau.o
                              0x2bb35 (size before relaxing)
 .debug_str     0x000335df      0x6ca src/ASF/xmega/drivers/usart/usart.o
                              0x2c1c4 (size before relaxing)

.debug_loc      0x00000000     0x8d74
 *(.debug_loc)
 .debug_loc     0x00000000      0x3e9 src/adc_example1_gfx.o
 .debug_loc     0x000003e9     0x1df6 src/ASF/xmega/drivers/tc/tc.o
 .debug_loc     0x000021df      0x5c5 src/ASF/xmega/services/pwm/pwm.o
 .debug_loc     0x000027a4      0x7ca src/ASF/common/components/display/st7565r/st7565r.o
 .debug_loc     0x00002f6e      0x329 src/ASF/common/services/clock/xmega/sysclk.o
 .debug_loc     0x00003297     0x1382 src/ASF/common/services/gfx_mono/gfx_mono_c12832_a1z.o
 .debug_loc     0x00004619      0x61c src/ASF/common/services/gfx_mono/gfx_mono_framebuffer.o
 .debug_loc     0x00004c35     0x11c5 src/ASF/common/services/gfx_mono/gfx_mono_generic.o
 .debug_loc     0x00005dfa      0x9a2 src/ASF/common/services/gfx_mono/gfx_mono_text.o
 .debug_loc     0x0000679c       0x66 src/ASF/common/services/ioport/xmega/ioport_compat.o
 .debug_loc     0x00006802      0x56c src/ASF/common/services/spi/xmega_usart_spi/usart_spi.o
 .debug_loc     0x00006d6e      0x203 src/ASF/xmega/boards/xmega_a3bu_xplained/init.o
 .debug_loc     0x00006f71      0x2b3 src/ASF/xmega/drivers/adc/adc.o
 .debug_loc     0x00007224      0xd3c src/ASF/xmega/drivers/adc/xmega_aau/adc_aau.o
 .debug_loc     0x00007f60      0xe14 src/ASF/xmega/drivers/usart/usart.o

.debug_macinfo
 *(.debug_macinfo)

.debug_weaknames
 *(.debug_weaknames)

.debug_funcnames
 *(.debug_funcnames)

.debug_typenames
 *(.debug_typenames)

.debug_varnames
 *(.debug_varnames)

.debug_pubtypes
 *(.debug_pubtypes)

.debug_ranges   0x00000000      0x628
 *(.debug_ranges)
 .debug_ranges  0x00000000       0x18 src/adc_example1_gfx.o
 .debug_ranges  0x00000018      0x168 src/ASF/xmega/drivers/tc/tc.o
 .debug_ranges  0x00000180       0x20 src/ASF/xmega/services/pwm/pwm.o
 .debug_ranges  0x000001a0       0x18 src/ASF/common/components/display/st7565r/st7565r.o
 .debug_ranges  0x000001b8       0x30 src/ASF/common/services/clock/xmega/sysclk.o
 .debug_ranges  0x000001e8      0x188 src/ASF/common/services/gfx_mono/gfx_mono_c12832_a1z.o
 .debug_ranges  0x00000370       0x48 src/ASF/common/services/gfx_mono/gfx_mono_framebuffer.o
 .debug_ranges  0x000003b8       0x48 src/ASF/common/services/gfx_mono/gfx_mono_generic.o
 .debug_ranges  0x00000400       0x30 src/ASF/common/services/gfx_mono/gfx_mono_text.o
 .debug_ranges  0x00000430       0x10 src/ASF/common/services/ioport/xmega/ioport_compat.o
 .debug_ranges  0x00000440       0x98 src/ASF/common/services/spi/xmega_usart_spi/usart_spi.o
 .debug_ranges  0x000004d8       0x10 src/ASF/xmega/boards/xmega_a3bu_xplained/init.o
 .debug_ranges  0x000004e8       0x38 src/ASF/xmega/drivers/adc/adc.o
 .debug_ranges  0x00000520       0x68 src/ASF/xmega/drivers/adc/xmega_aau/adc_aau.o
 .debug_ranges  0x00000588       0x20 src/ASF/xmega/drivers/nvm/nvm_asm.o
 .debug_ranges  0x000005a8       0x80 src/ASF/xmega/drivers/usart/usart.o

.debug_macro    0x00000000     0xcb0c
 *(.debug_macro)
 .debug_macro   0x00000000      0x3af src/adc_example1_gfx.o
 .debug_macro   0x000003af      0xa9c src/adc_example1_gfx.o
 .debug_macro   0x00000e4b       0x10 src/adc_example1_gfx.o
 .debug_macro   0x00000e5b      0x1c9 src/adc_example1_gfx.o
 .debug_macro   0x00001024      0x2fc src/adc_example1_gfx.o
 .debug_macro   0x00001320       0x9e src/adc_example1_gfx.o
 .debug_macro   0x000013be     0x6271 src/adc_example1_gfx.o
 .debug_macro   0x0000762f       0x9a src/adc_example1_gfx.o
 .debug_macro   0x000076c9       0xf1 src/adc_example1_gfx.o
 .debug_macro   0x000077ba       0x34 src/adc_example1_gfx.o
 .debug_macro   0x000077ee       0x16 src/adc_example1_gfx.o
 .debug_macro   0x00007804       0x18 src/adc_example1_gfx.o
 .debug_macro   0x0000781c       0x5e src/adc_example1_gfx.o
 .debug_macro   0x0000787a       0x10 src/adc_example1_gfx.o
 .debug_macro   0x0000788a       0x22 src/adc_example1_gfx.o
 .debug_macro   0x000078ac      0x16d src/adc_example1_gfx.o
 .debug_macro   0x00007a19       0x1c src/adc_example1_gfx.o
 .debug_macro   0x00007a35       0x35 src/adc_example1_gfx.o
 .debug_macro   0x00007a6a       0x66 src/adc_example1_gfx.o
 .debug_macro   0x00007ad0      0x64b src/adc_example1_gfx.o
 .debug_macro   0x0000811b       0x97 src/adc_example1_gfx.o
 .debug_macro   0x000081b2       0x17 src/adc_example1_gfx.o
 .debug_macro   0x000081c9      0x250 src/adc_example1_gfx.o
 .debug_macro   0x00008419       0x76 src/adc_example1_gfx.o
 .debug_macro   0x0000848f       0x16 src/adc_example1_gfx.o
 .debug_macro   0x000084a5      0x6e3 src/adc_example1_gfx.o
 .debug_macro   0x00008b88       0x10 src/adc_example1_gfx.o
 .debug_macro   0x00008b98      0x175 src/adc_example1_gfx.o
 .debug_macro   0x00008d0d       0x40 src/adc_example1_gfx.o
 .debug_macro   0x00008d4d       0x69 src/adc_example1_gfx.o
 .debug_macro   0x00008db6       0x32 src/adc_example1_gfx.o
 .debug_macro   0x00008de8       0xe4 src/adc_example1_gfx.o
 .debug_macro   0x00008ecc       0x10 src/adc_example1_gfx.o
 .debug_macro   0x00008edc       0x20 src/adc_example1_gfx.o
 .debug_macro   0x00008efc       0x10 src/adc_example1_gfx.o
 .debug_macro   0x00008f0c       0x42 src/adc_example1_gfx.o
 .debug_macro   0x00008f4e       0x1c src/adc_example1_gfx.o
 .debug_macro   0x00008f6a      0x2c6 src/adc_example1_gfx.o
 .debug_macro   0x00009230      0x303 src/adc_example1_gfx.o
 .debug_macro   0x00009533       0x7d src/adc_example1_gfx.o
 .debug_macro   0x000095b0       0x2f src/adc_example1_gfx.o
 .debug_macro   0x000095df      0x15b src/adc_example1_gfx.o
 .debug_macro   0x0000973a       0xe3 src/adc_example1_gfx.o
 .debug_macro   0x0000981d       0x34 src/adc_example1_gfx.o
 .debug_macro   0x00009851       0x28 src/adc_example1_gfx.o
 .debug_macro   0x00009879       0x23 src/adc_example1_gfx.o
 .debug_macro   0x0000989c       0x82 src/adc_example1_gfx.o
 .debug_macro   0x0000991e      0x109 src/adc_example1_gfx.o
 .debug_macro   0x00009a27       0x3a src/adc_example1_gfx.o
 .debug_macro   0x00009a61      0x100 src/adc_example1_gfx.o
 .debug_macro   0x00009b61       0x34 src/adc_example1_gfx.o
 .debug_macro   0x00009b95       0x2e src/adc_example1_gfx.o
 .debug_macro   0x00009bc3       0x89 src/adc_example1_gfx.o
 .debug_macro   0x00009c4c       0x7a src/adc_example1_gfx.o
 .debug_macro   0x00009cc6       0x3a src/adc_example1_gfx.o
 .debug_macro   0x00009d00       0x46 src/adc_example1_gfx.o
 .debug_macro   0x00009d46       0x18 src/adc_example1_gfx.o
 .debug_macro   0x00009d5e       0x1c src/adc_example1_gfx.o
 .debug_macro   0x00009d7a       0x58 src/adc_example1_gfx.o
 .debug_macro   0x00009dd2       0x10 src/adc_example1_gfx.o
 .debug_macro   0x00009de2       0xf2 src/adc_example1_gfx.o
 .debug_macro   0x00009ed4       0x16 src/adc_example1_gfx.o
 .debug_macro   0x00009eea      0x225 src/ASF/xmega/drivers/tc/tc.o
 .debug_macro   0x0000a10f      0x302 src/ASF/xmega/drivers/tc/tc.o
 .debug_macro   0x0000a411       0x12 src/ASF/xmega/drivers/tc/tc.o
 .debug_macro   0x0000a423      0x380 src/ASF/xmega/services/pwm/pwm.o
 .debug_macro   0x0000a7a3      0x278 src/ASF/common/components/display/st7565r/st7565r.o
 .debug_macro   0x0000aa1b      0x1db src/ASF/common/services/clock/xmega/sysclk.o
 .debug_macro   0x0000abf6       0x26 src/ASF/common/services/clock/xmega/sysclk.o
 .debug_macro   0x0000ac1c      0x2bc src/ASF/common/services/gfx_mono/gfx_mono_c12832_a1z.o
 .debug_macro   0x0000aed8      0x2b0 src/ASF/common/services/gfx_mono/gfx_mono_framebuffer.o
 .debug_macro   0x0000b188      0x2b0 src/ASF/common/services/gfx_mono/gfx_mono_generic.o
 .debug_macro   0x0000b438      0x2d7 src/ASF/common/services/gfx_mono/gfx_mono_text.o
 .debug_macro   0x0000b70f       0xaa src/ASF/common/services/gfx_mono/gfx_mono_text.o
 .debug_macro   0x0000b7b9      0x2dd src/ASF/common/services/gfx_mono/sysfont.o
 .debug_macro   0x0000ba96      0x195 src/ASF/common/services/ioport/xmega/ioport_compat.o
 .debug_macro   0x0000bc2b      0x1a3 src/ASF/common/services/sleepmgr/xmega/sleepmgr.o
 .debug_macro   0x0000bdce      0x236 src/ASF/common/services/spi/xmega_usart_spi/usart_spi.o
 .debug_macro   0x0000c004      0x1b7 src/ASF/xmega/boards/xmega_a3bu_xplained/init.o
 .debug_macro   0x0000c1bb       0x10 src/ASF/xmega/boards/xmega_a3bu_xplained/init.o
 .debug_macro   0x0000c1cb      0x2c0 src/ASF/xmega/boards/xmega_a3bu_xplained/init.o
 .debug_macro   0x0000c48b      0x22f src/ASF/xmega/drivers/adc/adc.o
 .debug_macro   0x0000c6ba      0x22f src/ASF/xmega/drivers/adc/xmega_aau/adc_aau.o
 .debug_macro   0x0000c8e9      0x223 src/ASF/xmega/drivers/usart/usart.o
OUTPUT(ADC_EXAMPLE1_GFX4.elf elf32-avr)
LOAD linker stubs

.BOOT           0x00040000        0x0
