Archive member included to satisfy reference by file (symbol)

c:/program files (x86)/atmel/studio/7.0/toolchain/avr8/avr8-gnu-toolchain/bin/../lib/gcc/avr/5.4.0/../../../../avr/lib/avrxmega6\libm.a(addsf3.o)
                              src/main.o (__addsf3)
c:/program files (x86)/atmel/studio/7.0/toolchain/avr8/avr8-gnu-toolchain/bin/../lib/gcc/avr/5.4.0/../../../../avr/lib/avrxmega6\libm.a(addsf3x.o)
                              c:/program files (x86)/atmel/studio/7.0/toolchain/avr8/avr8-gnu-toolchain/bin/../lib/gcc/avr/5.4.0/../../../../avr/lib/avrxmega6\libm.a(addsf3.o) (__addsf3x)
c:/program files (x86)/atmel/studio/7.0/toolchain/avr8/avr8-gnu-toolchain/bin/../lib/gcc/avr/5.4.0/../../../../avr/lib/avrxmega6\libm.a(fixsfsi.o)
                              src/main.o (__fixsfsi)
c:/program files (x86)/atmel/studio/7.0/toolchain/avr8/avr8-gnu-toolchain/bin/../lib/gcc/avr/5.4.0/../../../../avr/lib/avrxmega6\libm.a(fixunssfsi.o)
                              c:/program files (x86)/atmel/studio/7.0/toolchain/avr8/avr8-gnu-toolchain/bin/../lib/gcc/avr/5.4.0/../../../../avr/lib/avrxmega6\libm.a(fixsfsi.o) (__fixunssfsi)
c:/program files (x86)/atmel/studio/7.0/toolchain/avr8/avr8-gnu-toolchain/bin/../lib/gcc/avr/5.4.0/../../../../avr/lib/avrxmega6\libm.a(floatsisf.o)
                              src/main.o (__floatunsisf)
c:/program files (x86)/atmel/studio/7.0/toolchain/avr8/avr8-gnu-toolchain/bin/../lib/gcc/avr/5.4.0/../../../../avr/lib/avrxmega6\libm.a(fp_inf.o)
                              c:/program files (x86)/atmel/studio/7.0/toolchain/avr8/avr8-gnu-toolchain/bin/../lib/gcc/avr/5.4.0/../../../../avr/lib/avrxmega6\libm.a(addsf3x.o) (__fp_inf)
c:/program files (x86)/atmel/studio/7.0/toolchain/avr8/avr8-gnu-toolchain/bin/../lib/gcc/avr/5.4.0/../../../../avr/lib/avrxmega6\libm.a(fp_nan.o)
                              c:/program files (x86)/atmel/studio/7.0/toolchain/avr8/avr8-gnu-toolchain/bin/../lib/gcc/avr/5.4.0/../../../../avr/lib/avrxmega6\libm.a(addsf3x.o) (__fp_nan)
c:/program files (x86)/atmel/studio/7.0/toolchain/avr8/avr8-gnu-toolchain/bin/../lib/gcc/avr/5.4.0/../../../../avr/lib/avrxmega6\libm.a(fp_pscA.o)
                              c:/program files (x86)/atmel/studio/7.0/toolchain/avr8/avr8-gnu-toolchain/bin/../lib/gcc/avr/5.4.0/../../../../avr/lib/avrxmega6\libm.a(addsf3x.o) (__fp_pscA)
c:/program files (x86)/atmel/studio/7.0/toolchain/avr8/avr8-gnu-toolchain/bin/../lib/gcc/avr/5.4.0/../../../../avr/lib/avrxmega6\libm.a(fp_pscB.o)
                              c:/program files (x86)/atmel/studio/7.0/toolchain/avr8/avr8-gnu-toolchain/bin/../lib/gcc/avr/5.4.0/../../../../avr/lib/avrxmega6\libm.a(addsf3x.o) (__fp_pscB)
c:/program files (x86)/atmel/studio/7.0/toolchain/avr8/avr8-gnu-toolchain/bin/../lib/gcc/avr/5.4.0/../../../../avr/lib/avrxmega6\libm.a(fp_round.o)
                              c:/program files (x86)/atmel/studio/7.0/toolchain/avr8/avr8-gnu-toolchain/bin/../lib/gcc/avr/5.4.0/../../../../avr/lib/avrxmega6\libm.a(addsf3.o) (__fp_round)
c:/program files (x86)/atmel/studio/7.0/toolchain/avr8/avr8-gnu-toolchain/bin/../lib/gcc/avr/5.4.0/../../../../avr/lib/avrxmega6\libm.a(fp_split3.o)
                              c:/program files (x86)/atmel/studio/7.0/toolchain/avr8/avr8-gnu-toolchain/bin/../lib/gcc/avr/5.4.0/../../../../avr/lib/avrxmega6\libm.a(addsf3x.o) (__fp_split3)
c:/program files (x86)/atmel/studio/7.0/toolchain/avr8/avr8-gnu-toolchain/bin/../lib/gcc/avr/5.4.0/../../../../avr/lib/avrxmega6\libm.a(fp_zero.o)
                              c:/program files (x86)/atmel/studio/7.0/toolchain/avr8/avr8-gnu-toolchain/bin/../lib/gcc/avr/5.4.0/../../../../avr/lib/avrxmega6\libm.a(addsf3x.o) (__fp_zero)
c:/program files (x86)/atmel/studio/7.0/toolchain/avr8/avr8-gnu-toolchain/bin/../lib/gcc/avr/5.4.0/../../../../avr/lib/avrxmega6\libm.a(mulsf3.o)
                              src/main.o (__mulsf3)
c:/program files (x86)/atmel/studio/7.0/toolchain/avr8/avr8-gnu-toolchain/bin/../lib/gcc/avr/5.4.0/../../../../avr/lib/avrxmega6\libm.a(mulsf3x.o)
                              c:/program files (x86)/atmel/studio/7.0/toolchain/avr8/avr8-gnu-toolchain/bin/../lib/gcc/avr/5.4.0/../../../../avr/lib/avrxmega6\libm.a(mulsf3.o) (__mulsf3x)
c:/program files (x86)/atmel/studio/7.0/toolchain/avr8/avr8-gnu-toolchain/bin/../lib/gcc/avr/5.4.0/avrxmega6\libgcc.a(_udivmodsi4.o)
                              src/ASF/xmega/drivers/usart/usart.o (__udivmodsi4)
c:/program files (x86)/atmel/studio/7.0/toolchain/avr8/avr8-gnu-toolchain/bin/../lib/gcc/avr/5.4.0/avrxmega6\libgcc.a(_exit.o)
                              C:/Program Files (x86)/Atmel/Studio/7.0/Packs/atmel/XMEGAA_DFP/1.1.68/gcc/dev/atxmega256a3bu/avrxmega6/crtatxmega256a3bu.o (exit)
c:/program files (x86)/atmel/studio/7.0/toolchain/avr8/avr8-gnu-toolchain/bin/../lib/gcc/avr/5.4.0/avrxmega6\libgcc.a(_tablejump2.o)
                              src/ASF/xmega/services/pwm/pwm.o (__tablejump2__)
[...]
Memory Configuration

Name             Origin             Length             Attributes
text             0x00000000         0x00100000         xr
data             0x00802000         0x0000ffa0         rw !x
eeprom           0x00810000         0x00010000         rw !x
fuse             0x00820000         0x00000006         rw !x
lock             0x00830000         0x00000400         rw !x
signature        0x00840000         0x00000400         rw !x
user_signatures  0x00850000         0x00000400         rw !x
*default*        0x00000000         0xffffffff

Linker script and memory map

LOAD C:/Program Files (x86)/Atmel/Studio/7.0/Packs/atmel/XMEGAA_DFP/1.1.68/gcc/dev/atxmega256a3bu/avrxmega6/crtatxmega256a3bu.o
LOAD src/ASF/common/components/display/st7565r/st7565r.o
LOAD src/ASF/common/services/gfx_mono/gfx_mono_c12832_a1z.o
LOAD src/ASF/xmega/drivers/adc/adc.o
LOAD src/ASF/xmega/drivers/usart/usart.o
LOAD src/ASF/xmega/drivers/adc/xmega_aau/adc_aau.o
LOAD src/ASF/common/services/spi/xmega_usart_spi/usart_spi.o
LOAD src/ASF/common/services/spi/xmega_spi/spi_master.o
LOAD src/ASF/common/services/sleepmgr/xmega/sleepmgr.o
LOAD src/ASF/common/services/gfx_mono/gfx_mono_framebuffer.o
LOAD src/ASF/common/services/gfx_mono/gfx_mono_generic.o
LOAD src/ASF/common/services/clock/xmega/sysclk.o
LOAD src/ASF/common/services/gfx_mono/gfx_mono_text.o
LOAD src/ASF/xmega/drivers/nvm/nvm.o
LOAD src/ASF/xmega/drivers/spi/spi.o
LOAD src/ASF/xmega/drivers/tc/tc.o
LOAD src/ASF/xmega/services/pwm/pwm.o
LOAD src/ASF/xmega/drivers/nvm/nvm_asm.o
LOAD src/ASF/xmega/drivers/cpu/ccp.o
LOAD src/ASF/common/services/gfx_mono/sysfont.o
LOAD src/ASF/common/services/ioport/xmega/ioport_compat.o
LOAD src/ASF/xmega/boards/xmega_a3bu_xplained/init.o
LOAD src/main.o
START GROUP
LOAD c:/program files (x86)/atmel/studio/7.0/toolchain/avr8/avr8-gnu-toolchain/bin/../lib/gcc/avr/5.4.0/../../../../avr/lib/avrxmega6\libm.a
END GROUP
Address of section .BOOT set to 0x40000
START GROUP
LOAD c:/program files (x86)/atmel/studio/7.0/toolchain/avr8/avr8-gnu-toolchain/bin/../lib/gcc/avr/5.4.0/avrxmega6\libgcc.a
LOAD c:/program files (x86)/atmel/studio/7.0/toolchain/avr8/avr8-gnu-toolchain/bin/../lib/gcc/avr/5.4.0/../../../../avr/lib/avrxmega6\libm.a
LOAD c:/program files (x86)/atmel/studio/7.0/toolchain/avr8/avr8-gnu-toolchain/bin/../lib/gcc/avr/5.4.0/../../../../avr/lib/avrxmega6\libc.a
LOAD C:/Program Files (x86)/Atmel/Studio/7.0/Packs/atmel/XMEGAA_DFP/1.1.68/gcc/dev/atxmega256a3bu/avrxmega6\libatxmega256a3bu.a
END GROUP
                0x00100000                __TEXT_REGION_LENGTH__ = DEFINED (__TEXT_REGION_LENGTH__)?__TEXT_REGION_LENGTH__:0x100000
                0x0000ffa0                __DATA_REGION_LENGTH__ = DEFINED (__DATA_REGION_LENGTH__)?__DATA_REGION_LENGTH__:0xffa0
                0x00010000                __EEPROM_REGION_LENGTH__ = DEFINED (__EEPROM_REGION_LENGTH__)?__EEPROM_REGION_LENGTH__:0x10000
                [0x00000006]                __FUSE_REGION_LENGTH__ = DEFINED (__FUSE_REGION_LENGTH__)?__FUSE_REGION_LENGTH__:0x400
                0x00000400                __LOCK_REGION_LENGTH__ = DEFINED (__LOCK_REGION_LENGTH__)?__LOCK_REGION_LENGTH__:0x400
                0x00000400                __SIGNATURE_REGION_LENGTH__ = DEFINED (__SIGNATURE_REGION_LENGTH__)?__SIGNATURE_REGION_LENGTH__:0x400
                0x00000400                __USER_SIGNATURE_REGION_LENGTH__ = DEFINED (__USER_SIGNATURE_REGION_LENGTH__)?__USER_SIGNATURE_REGION_LENGTH__:0x400

.hash
 *(.hash)

.dynsym
 *(.dynsym)

.dynstr
 *(.dynstr)

.gnu.version
 *(.gnu.version)

.gnu.version_d
 *(.gnu.version_d)

.gnu.version_r
 *(.gnu.version_r)

.rel.init
 *(.rel.init)

.rela.init
 *(.rela.init)

.rel.text
 *(.rel.text)
 *(.rel.text.*)
 *(.rel.gnu.linkonce.t*)

.rela.text
 *(.rela.text)
 *(.rela.text.*)
 *(.rela.gnu.linkonce.t*)

.rel.fini
 *(.rel.fini)

.rela.fini
 *(.rela.fini)

.rel.rodata
 *(.rel.rodata)
 *(.rel.rodata.*)
 *(.rel.gnu.linkonce.r*)

.rela.rodata
 *(.rela.rodata)
 *(.rela.rodata.*)
 *(.rela.gnu.linkonce.r*)

.rel.data
 *(.rel.data)
 *(.rel.data.*)
 *(.rel.gnu.linkonce.d*)

.rela.data
 *(.rela.data)
 *(.rela.data.*)
 *(.rela.gnu.linkonce.d*)

.rel.ctors
 *(.rel.ctors)

.rela.ctors
 *(.rela.ctors)

.rel.dtors
 *(.rel.dtors)

.rela.dtors
 *(.rela.dtors)

.rel.got
 *(.rel.got)

.rela.got
 *(.rela.got)

.rel.bss
 *(.rel.bss)

.rela.bss
 *(.rela.bss)

.rel.plt
 *(.rel.plt)

.rela.plt
 *(.rela.plt)

.text           0x00000000     0x3c4a
 *(.vectors)
 .vectors       0x00000000      0x1fc C:/Program Files (x86)/Atmel/Studio/7.0/Packs/atmel/XMEGAA_DFP/1.1.68/gcc/dev/atxmega256a3bu/avrxmega6/crtatxmega256a3bu.o
                0x00000000                __vector_default
                0x00000000                __vectors
 *(.vectors)
 *(.progmem.gcc*)
 .progmem.gcc_sw_table.pwm_init
                0x000001fc        0xe src/ASF/xmega/services/pwm/pwm.o
                0x0000020a                . = ALIGN (0x2)
                0x0000020a                __trampolines_start = .
 *(.trampolines)
 .trampolines   0x0000020a        0x0 linker stubs
 *(.trampolines*)
                0x0000020a                __trampolines_end = .
 *libprintf_flt.a:*(.progmem.data)
 *libc.a:*(.progmem.data)
 *(.progmem*)
 .progmem.data.sysfont_glyphs
                0x0000020a      0x292 src/ASF/common/services/gfx_mono/sysfont.o
                0x0000049c                . = ALIGN (0x2)
 *(.jumptables)
 *(.jumptables*)
 *(.lowtext)
 *(.lowtext*)
                0x0000049c                __ctors_start = .
 *(.ctors)
                0x0000049c                __ctors_end = .
                0x0000049c                __dtors_start = .
 *(.dtors)
                0x0000049c                __dtors_end = .
 SORT(*)(.ctors)
 SORT(*)(.dtors)
 *(.init0)
 .init0         0x0000049c        0x0 C:/Program Files (x86)/Atmel/Studio/7.0/Packs/atmel/XMEGAA_DFP/1.1.68/gcc/dev/atxmega256a3bu/avrxmega6/crtatxmega256a3bu.o
                0x0000049c                __init
 *(.init0)
 *(.init1)
 *(.init1)
 *(.init2)
 .init2         0x0000049c       0x10 C:/Program Files (x86)/Atmel/Studio/7.0/Packs/atmel/XMEGAA_DFP/1.1.68/gcc/dev/atxmega256a3bu/avrxmega6/crtatxmega256a3bu.o
 *(.init2)
 *(.init3)
 *(.init3)
 *(.init4)
 .init4         0x000004ac       0x1a c:/program files (x86)/atmel/studio/7.0/toolchain/avr8/avr8-gnu-toolchain/bin/../lib/gcc/avr/5.4.0/avrxmega6\libgcc.a(_copy_data.o)
                0x000004ac                __do_copy_data
 .init4         0x000004c6       0x10 c:/program files (x86)/atmel/studio/7.0/toolchain/avr8/avr8-gnu-toolchain/bin/../lib/gcc/avr/5.4.0/avrxmega6\libgcc.a(_clear_bss.o)
                0x000004c6                __do_clear_bss
 *(.init4)
 *(.init5)
 *(.init5)
 *(.init6)
 *(.init6)
 *(.init7)
 *(.init7)
 *(.init8)
 *(.init8)
 *(.init9)
 .init9         0x000004d6        0x8 C:/Program Files (x86)/Atmel/Studio/7.0/Packs/atmel/XMEGAA_DFP/1.1.68/gcc/dev/atxmega256a3bu/avrxmega6/crtatxmega256a3bu.o
 *(.init9)
 *(.text)
 .text          0x000004de        0x2 C:/Program Files (x86)/Atmel/Studio/7.0/Packs/atmel/XMEGAA_DFP/1.1.68/gcc/dev/atxmega256a3bu/avrxmega6/crtatxmega256a3bu.o
                0x000004de                __vector_38
                0x000004de                __vector_104
                0x000004de                __vector_63
                0x000004de                __vector_28
                0x000004de                __vector_67
                0x000004de                __vector_1
                0x000004de                __vector_119
                0x000004de                __vector_32
                0x000004de                __vector_75
                0x000004de                __vector_91
                0x000004de                __vector_34
                0x000004de                __vector_62
                0x000004de                __vector_102
                0x000004de                __vector_24
                0x000004de                __vector_12
                0x000004de                __vector_69
                0x000004de                __vector_90
                0x000004de                __vector_46
                0x000004de                __bad_interrupt
                0x000004de                __vector_122
                0x000004de                __vector_114
                0x000004de                __vector_6
                0x000004de                __vector_31
                0x000004de                __vector_92
                0x000004de                __vector_35
                0x000004de                __vector_117
                0x000004de                __vector_107
                0x000004de                __vector_3
                0x000004de                __vector_105
                0x000004de                __vector_98
                0x000004de                __vector_68
                0x000004de                __vector_30
                0x000004de                __vector_45
                0x000004de                __vector_25
                0x000004de                __vector_93
                0x000004de                __vector_61
                0x000004de                __vector_11
                0x000004de                __vector_99
                0x000004de                __vector_13
                0x000004de                __vector_7
                0x000004de                __vector_125
                0x000004de                __vector_123
                0x000004de                __vector_100
                0x000004de                __vector_101
                0x000004de                __vector_64
                0x000004de                __vector_88
                0x000004de                __vector_43
                0x000004de                __vector_27
                0x000004de                __vector_5
                0x000004de                __vector_33
                0x000004de                __vector_76
                0x000004de                __vector_115
                0x000004de                __vector_37
                0x000004de                __vector_95
                0x000004de                __vector_103
                0x000004de                __vector_96
                0x000004de                __vector_89
                0x000004de                __vector_4
                0x000004de                __vector_44
                0x000004de                __vector_106
                0x000004de                __vector_118
                0x000004de                __vector_9
                0x000004de                __vector_2
                0x000004de                __vector_66
                0x000004de                __vector_36
                0x000004de                __vector_58
                0x000004de                __vector_70
                0x000004de                __vector_29
                0x000004de                __vector_60
                0x000004de                __vector_121
                0x000004de                __vector_94
                0x000004de                __vector_126
                0x000004de                __vector_8
                0x000004de                __vector_26
                0x000004de                __vector_124
                0x000004de                __vector_116
                0x000004de                __vector_57
                0x000004de                __vector_10
                0x000004de                __vector_59
                0x000004de                __vector_97
                0x000004de                __vector_87
                0x000004de                __vector_65
                0x000004de                __vector_120
                0x000004e0                . = ALIGN (0x2)
 *(.text.*)
 .text.__portable_avr_delay_cycles
                0x000004e0       0x16 src/ASF/common/components/display/st7565r/st7565r.o
 .text.st7565r_init
                0x000004f6      0x3b8 src/ASF/common/components/display/st7565r/st7565r.o
                0x000004f6                st7565r_init
 .text.gfx_mono_st7565r_put_byte
                0x000008ae      0x160 src/ASF/common/services/gfx_mono/gfx_mono_c12832_a1z.o
                0x000008ae                gfx_mono_st7565r_put_byte
 .text.gfx_mono_st7565r_init
                0x00000a0e       0x8a src/ASF/common/services/gfx_mono/gfx_mono_c12832_a1z.o
                0x00000a0e                gfx_mono_st7565r_init
 .text.gfx_mono_st7565r_draw_pixel
                0x00000a98       0x6e src/ASF/common/services/gfx_mono/gfx_mono_c12832_a1z.o
                0x00000a98                gfx_mono_st7565r_draw_pixel
 .text.gfx_mono_st7565r_get_byte
                0x00000b06        0x6 src/ASF/common/services/gfx_mono/gfx_mono_c12832_a1z.o
                0x00000b06                gfx_mono_st7565r_get_byte
 .text.adc_set_callback
                0x00000b0c       0x40 src/ASF/xmega/drivers/adc/adc.o
                0x00000b0c                adc_set_callback
 .text.adc_enable_clock
                0x00000b4c       0x42 src/ASF/xmega/drivers/adc/adc.o
                0x00000b4c                adc_enable_clock
 .text.adc_disable_clock
                0x00000b8e       0x3e src/ASF/xmega/drivers/adc/adc.o
                0x00000b8e                adc_disable_clock
 .text.adc_enable
                0x00000bcc       0x58 src/ASF/xmega/drivers/adc/adc.o
                0x00000bcc                adc_enable
 .text.usart_putchar
                0x00000c24       0x10 src/ASF/xmega/drivers/usart/usart.o
                0x00000c24                usart_putchar
 .text.usart_set_baudrate
                0x00000c34      0x226 src/ASF/xmega/drivers/usart/usart.o
                0x00000c34                usart_set_baudrate
 .text.usart_init_rs232
                0x00000e5a      0x222 src/ASF/xmega/drivers/usart/usart.o
                0x00000e5a                usart_init_rs232
 .text.usart_spi_set_baudrate
                0x0000107c       0x64 src/ASF/xmega/drivers/usart/usart.o
                0x0000107c                usart_spi_set_baudrate
 .text.usart_init_spi
                0x000010e0      0x3c8 src/ASF/xmega/drivers/usart/usart.o
                0x000010e0                usart_init_spi
 .text.__vector_71
                0x000014a8       0x64 src/ASF/xmega/drivers/adc/xmega_aau/adc_aau.o
                0x000014a8                __vector_71
 .text.__vector_72
                0x0000150c       0x64 src/ASF/xmega/drivers/adc/xmega_aau/adc_aau.o
                0x0000150c                __vector_72
 .text.__vector_73
                0x00001570       0x64 src/ASF/xmega/drivers/adc/xmega_aau/adc_aau.o
                0x00001570                __vector_73
 .text.__vector_74
                0x000015d4       0x64 src/ASF/xmega/drivers/adc/xmega_aau/adc_aau.o
                0x000015d4                __vector_74
 .text.__vector_39
                0x00001638       0x64 src/ASF/xmega/drivers/adc/xmega_aau/adc_aau.o
                0x00001638                __vector_39
 .text.__vector_40
                0x0000169c       0x64 src/ASF/xmega/drivers/adc/xmega_aau/adc_aau.o
                0x0000169c                __vector_40
 .text.__vector_41
                0x00001700       0x64 src/ASF/xmega/drivers/adc/xmega_aau/adc_aau.o
                0x00001700                __vector_41
 .text.__vector_42
                0x00001764       0x64 src/ASF/xmega/drivers/adc/xmega_aau/adc_aau.o
                0x00001764                __vector_42
 .text.adc_write_configuration
                0x000017c8       0xd4 src/ASF/xmega/drivers/adc/xmega_aau/adc_aau.o
                0x000017c8                adc_write_configuration
 .text.adc_read_configuration
                0x0000189c       0x72 src/ASF/xmega/drivers/adc/xmega_aau/adc_aau.o
                0x0000189c                adc_read_configuration
 .text.adcch_write_configuration
                0x0000190e       0x96 src/ASF/xmega/drivers/adc/xmega_aau/adc_aau.o
                0x0000190e                adcch_write_configuration
 .text.adcch_read_configuration
                0x000019a4       0x96 src/ASF/xmega/drivers/adc/xmega_aau/adc_aau.o
                0x000019a4                adcch_read_configuration
 .text.usart_spi_init
                0x00001a3a       0x5e src/ASF/common/services/spi/xmega_usart_spi/usart_spi.o
                0x00001a3a                usart_spi_init
 .text.usart_spi_setup_device
                0x00001a98       0x34 src/ASF/common/services/spi/xmega_usart_spi/usart_spi.o
                0x00001a98                usart_spi_setup_device
 .text.usart_spi_select_device
                0x00001acc       0x2c src/ASF/common/services/spi/xmega_usart_spi/usart_spi.o
                0x00001acc                usart_spi_select_device
 .text.usart_spi_deselect_device
                0x00001af8       0x2c src/ASF/common/services/spi/xmega_usart_spi/usart_spi.o
                0x00001af8                usart_spi_deselect_device
 .text.gfx_mono_set_framebuffer
                0x00001b24        0xa src/ASF/common/services/gfx_mono/gfx_mono_framebuffer.o
                0x00001b24                gfx_mono_set_framebuffer
 .text.gfx_mono_framebuffer_put_byte
                0x00001b2e       0x1c src/ASF/common/services/gfx_mono/gfx_mono_framebuffer.o
                0x00001b2e                gfx_mono_framebuffer_put_byte
 .text.gfx_mono_framebuffer_get_byte
                0x00001b4a       0x1c src/ASF/common/services/gfx_mono/gfx_mono_framebuffer.o
                0x00001b4a                gfx_mono_framebuffer_get_byte
 .text.gfx_mono_generic_draw_horizontal_line
                0x00001b66       0xd0 src/ASF/common/services/gfx_mono/gfx_mono_generic.o
                0x00001b66                gfx_mono_generic_draw_horizontal_line
 .text.gfx_mono_generic_draw_filled_rect
                0x00001c36       0x34 src/ASF/common/services/gfx_mono/gfx_mono_generic.o
                0x00001c36                gfx_mono_generic_draw_filled_rect
 .text.sysclk_init
                0x00001c6a       0x20 src/ASF/common/services/clock/xmega/sysclk.o
                0x00001c6a                sysclk_init
 .text.sysclk_enable_module
                0x00001c8a       0x2c src/ASF/common/services/clock/xmega/sysclk.o
                0x00001c8a                sysclk_enable_module
 .text.sysclk_disable_module
                0x00001cb6       0x2a src/ASF/common/services/clock/xmega/sysclk.o
                0x00001cb6                sysclk_disable_module
 .text.gfx_mono_draw_char
                0x00001ce0       0xbc src/ASF/common/services/gfx_mono/gfx_mono_text.o
                0x00001ce0                gfx_mono_draw_char
 .text.gfx_mono_draw_string
                0x00001d9c       0x52 src/ASF/common/services/gfx_mono/gfx_mono_text.o
                0x00001d9c                gfx_mono_draw_string
 .text.__vector_14
                0x00001dee       0x5a src/ASF/xmega/drivers/tc/tc.o
                0x00001dee                __vector_14
 .text.__vector_15
                0x00001e48       0x5a src/ASF/xmega/drivers/tc/tc.o
                0x00001e48                __vector_15
 .text.__vector_16
                0x00001ea2       0x5a src/ASF/xmega/drivers/tc/tc.o
                0x00001ea2                __vector_16
 .text.__vector_17
                0x00001efc       0x5a src/ASF/xmega/drivers/tc/tc.o
                0x00001efc                __vector_17
 .text.__vector_18
                0x00001f56       0x5a src/ASF/xmega/drivers/tc/tc.o
                0x00001f56                __vector_18
 .text.__vector_19
                0x00001fb0       0x5a src/ASF/xmega/drivers/tc/tc.o
                0x00001fb0                __vector_19
 .text.__vector_20
                0x0000200a       0x5a src/ASF/xmega/drivers/tc/tc.o
                0x0000200a                __vector_20
 .text.__vector_21
                0x00002064       0x5a src/ASF/xmega/drivers/tc/tc.o
                0x00002064                __vector_21
 .text.__vector_22
                0x000020be       0x5a src/ASF/xmega/drivers/tc/tc.o
                0x000020be                __vector_22
 .text.__vector_23
                0x00002118       0x5a src/ASF/xmega/drivers/tc/tc.o
                0x00002118                __vector_23
 .text.__vector_77
                0x00002172       0x5a src/ASF/xmega/drivers/tc/tc.o
                0x00002172                __vector_77
 .text.__vector_78
                0x000021cc       0x5a src/ASF/xmega/drivers/tc/tc.o
                0x000021cc                __vector_78
 .text.__vector_79
                0x00002226       0x5a src/ASF/xmega/drivers/tc/tc.o
                0x00002226                __vector_79
 .text.__vector_80
                0x00002280       0x5a src/ASF/xmega/drivers/tc/tc.o
                0x00002280                __vector_80
 .text.__vector_81
                0x000022da       0x5a src/ASF/xmega/drivers/tc/tc.o
                0x000022da                __vector_81
 .text.__vector_82
                0x00002334       0x5a src/ASF/xmega/drivers/tc/tc.o
                0x00002334                __vector_82
 .text.__vector_83
                0x0000238e       0x5a src/ASF/xmega/drivers/tc/tc.o
                0x0000238e                __vector_83
 .text.__vector_84
                0x000023e8       0x5a src/ASF/xmega/drivers/tc/tc.o
                0x000023e8                __vector_84
 .text.__vector_85
                0x00002442       0x5a src/ASF/xmega/drivers/tc/tc.o
                0x00002442                __vector_85
 .text.__vector_86
                0x0000249c       0x5a src/ASF/xmega/drivers/tc/tc.o
                0x0000249c                __vector_86
 .text.__vector_47
                0x000024f6       0x5a src/ASF/xmega/drivers/tc/tc.o
                0x000024f6                __vector_47
 .text.__vector_48
                0x00002550       0x5a src/ASF/xmega/drivers/tc/tc.o
                0x00002550                __vector_48
 .text.__vector_49
                0x000025aa       0x5a src/ASF/xmega/drivers/tc/tc.o
                0x000025aa                __vector_49
 .text.__vector_50
                0x00002604       0x5a src/ASF/xmega/drivers/tc/tc.o
                0x00002604                __vector_50
 .text.__vector_51
                0x0000265e       0x5a src/ASF/xmega/drivers/tc/tc.o
                0x0000265e                __vector_51
 .text.__vector_52
                0x000026b8       0x5a src/ASF/xmega/drivers/tc/tc.o
                0x000026b8                __vector_52
 .text.__vector_53
                0x00002712       0x5a src/ASF/xmega/drivers/tc/tc.o
                0x00002712                __vector_53
 .text.__vector_54
                0x0000276c       0x5a src/ASF/xmega/drivers/tc/tc.o
                0x0000276c                __vector_54
 .text.__vector_55
                0x000027c6       0x5a src/ASF/xmega/drivers/tc/tc.o
                0x000027c6                __vector_55
 .text.__vector_56
                0x00002820       0x5a src/ASF/xmega/drivers/tc/tc.o
                0x00002820                __vector_56
 .text.__vector_108
                0x0000287a       0x5a src/ASF/xmega/drivers/tc/tc.o
                0x0000287a                __vector_108
 .text.__vector_109
                0x000028d4       0x5a src/ASF/xmega/drivers/tc/tc.o
                0x000028d4                __vector_109
 .text.__vector_110
                0x0000292e       0x5a src/ASF/xmega/drivers/tc/tc.o
                0x0000292e                __vector_110
 .text.__vector_111
                0x00002988       0x5a src/ASF/xmega/drivers/tc/tc.o
                0x00002988                __vector_111
 .text.__vector_112
                0x000029e2       0x5a src/ASF/xmega/drivers/tc/tc.o
                0x000029e2                __vector_112
 .text.__vector_113
                0x00002a3c       0x5a src/ASF/xmega/drivers/tc/tc.o
                0x00002a3c                __vector_113
 .text.tc_enable
                0x00002a96       0xe2 src/ASF/xmega/drivers/tc/tc.o
                0x00002a96                tc_enable
 .text.pwm_set_frequency
                0x00002b78       0xd0 src/ASF/xmega/services/pwm/pwm.o
                0x00002b78                pwm_set_frequency
 .text.pwm_init
                0x00002c48      0x18c src/ASF/xmega/services/pwm/pwm.o
                0x00002c48                pwm_init
 .text.pwm_start
                0x00002dd4       0xa0 src/ASF/xmega/services/pwm/pwm.o
                0x00002dd4                pwm_start
 .text.nvm_read_byte
                0x00002e74       0x14 src/ASF/xmega/drivers/nvm/nvm_asm.o
                0x00002e74                nvm_read_byte
 .text.ioport_configure_port_pin
                0x00002e88       0x4e src/ASF/common/services/ioport/xmega/ioport_compat.o
                0x00002e88                ioport_configure_port_pin
 .text.board_init
                0x00002ed6      0x13a src/ASF/xmega/boards/xmega_a3bu_xplained/init.o
                0x00002ed6                board_init
 .text.adc_handler
                0x00003010      0x1de src/main.o
 .text.main     0x000031ee       0xce src/main.o
                0x000031ee                main
 .text.avr-libc.fplib
                0x000032bc        0xa c:/program files (x86)/atmel/studio/7.0/toolchain/avr8/avr8-gnu-toolchain/bin/../lib/gcc/avr/5.4.0/../../../../avr/lib/avrxmega6\libm.a(addsf3.o)
                0x000032bc                __subsf3
                0x000032be                __addsf3
 .text.avr-libc.fplib
                0x000032c6       0xc0 c:/program files (x86)/atmel/studio/7.0/toolchain/avr8/avr8-gnu-toolchain/bin/../lib/gcc/avr/5.4.0/../../../../avr/lib/avrxmega6\libm.a(addsf3x.o)
                0x000032e0                __addsf3x
 .text.avr-libc.fplib
                0x00003386        0xa c:/program files (x86)/atmel/studio/7.0/toolchain/avr8/avr8-gnu-toolchain/bin/../lib/gcc/avr/5.4.0/../../../../avr/lib/avrxmega6\libm.a(fixsfsi.o)
                0x00003386                __fixsfsi
 .text.avr-libc.fplib
                0x00003390       0x58 c:/program files (x86)/atmel/studio/7.0/toolchain/avr8/avr8-gnu-toolchain/bin/../lib/gcc/avr/5.4.0/../../../../avr/lib/avrxmega6\libm.a(fixunssfsi.o)
                0x00003390                __fixunssfsi
 .text.avr-libc.fplib
                0x000033e8       0x7a c:/program files (x86)/atmel/studio/7.0/toolchain/avr8/avr8-gnu-toolchain/bin/../lib/gcc/avr/5.4.0/../../../../avr/lib/avrxmega6\libm.a(floatsisf.o)
                0x000033e8                __floatunsisf
                0x000033ec                __floatsisf
 .text.avr-libc.fplib
                0x00003462        0xc c:/program files (x86)/atmel/studio/7.0/toolchain/avr8/avr8-gnu-toolchain/bin/../lib/gcc/avr/5.4.0/../../../../avr/lib/avrxmega6\libm.a(fp_inf.o)
                0x00003462                __fp_inf
 .text.avr-libc.fplib
                0x0000346e        0x6 c:/program files (x86)/atmel/studio/7.0/toolchain/avr8/avr8-gnu-toolchain/bin/../lib/gcc/avr/5.4.0/../../../../avr/lib/avrxmega6\libm.a(fp_nan.o)
                0x0000346e                __fp_nan
 .text.avr-libc.fplib
                0x00003474        0xe c:/program files (x86)/atmel/studio/7.0/toolchain/avr8/avr8-gnu-toolchain/bin/../lib/gcc/avr/5.4.0/../../../../avr/lib/avrxmega6\libm.a(fp_pscA.o)
                0x00003474                __fp_pscA
 .text.avr-libc.fplib
                0x00003482        0xe c:/program files (x86)/atmel/studio/7.0/toolchain/avr8/avr8-gnu-toolchain/bin/../lib/gcc/avr/5.4.0/../../../../avr/lib/avrxmega6\libm.a(fp_pscB.o)
                0x00003482                __fp_pscB
 .text.avr-libc.fplib
                0x00003490       0x22 c:/program files (x86)/atmel/studio/7.0/toolchain/avr8/avr8-gnu-toolchain/bin/../lib/gcc/avr/5.4.0/../../../../avr/lib/avrxmega6\libm.a(fp_round.o)
                0x00003490                __fp_round
 .text.avr-libc.fplib
                0x000034b2       0x44 c:/program files (x86)/atmel/studio/7.0/toolchain/avr8/avr8-gnu-toolchain/bin/../lib/gcc/avr/5.4.0/../../../../avr/lib/avrxmega6\libm.a(fp_split3.o)
                0x000034b2                __fp_split3
                0x000034c2                __fp_splitA
 .text.avr-libc.fplib
                0x000034f6        0xe c:/program files (x86)/atmel/studio/7.0/toolchain/avr8/avr8-gnu-toolchain/bin/../lib/gcc/avr/5.4.0/../../../../avr/lib/avrxmega6\libm.a(fp_zero.o)
                0x000034f6                __fp_zero
                0x000034f8                __fp_szero
 .text.avr-libc.fplib
                0x00003504        0x4 c:/program files (x86)/atmel/studio/7.0/toolchain/avr8/avr8-gnu-toolchain/bin/../lib/gcc/avr/5.4.0/../../../../avr/lib/avrxmega6\libm.a(mulsf3.o)
                0x00003504                __mulsf3
 .text.avr-libc.fplib
                0x00003508       0xc2 c:/program files (x86)/atmel/studio/7.0/toolchain/avr8/avr8-gnu-toolchain/bin/../lib/gcc/avr/5.4.0/../../../../avr/lib/avrxmega6\libm.a(mulsf3x.o)
                0x0000351c                __mulsf3x
                0x00003520                __mulsf3_pse
 .text.libgcc.div
                0x000035ca       0x44 c:/program files (x86)/atmel/studio/7.0/toolchain/avr8/avr8-gnu-toolchain/bin/../lib/gcc/avr/5.4.0/avrxmega6\libgcc.a(_udivmodsi4.o)
                0x000035ca                __udivmodsi4
 .text.libgcc   0x0000360e       0x10 c:/program files (x86)/atmel/studio/7.0/toolchain/avr8/avr8-gnu-toolchain/bin/../lib/gcc/avr/5.4.0/avrxmega6\libgcc.a(_tablejump2.o)
                0x0000360e                __tablejump2__
 .text.libgcc.mul
                0x0000361e       0x1e c:/program files (x86)/atmel/studio/7.0/toolchain/avr8/avr8-gnu-toolchain/bin/../lib/gcc/avr/5.4.0/avrxmega6\libgcc.a(_umulhisi3.o)
                0x0000361e                __umulhisi3
 .text.avr-libc
                0x0000363c       0x6c c:/program files (x86)/atmel/studio/7.0/toolchain/avr8/avr8-gnu-toolchain/bin/../lib/gcc/avr/5.4.0/../../../../avr/lib/avrxmega6\libc.a(snprintf.o)
                0x0000363c                snprintf
 .text.avr-libc
                0x000036a8       0x50 c:/program files (x86)/atmel/studio/7.0/toolchain/avr8/avr8-gnu-toolchain/bin/../lib/gcc/avr/5.4.0/../../../../avr/lib/avrxmega6\libc.a(sprintf.o)
                0x000036a8                sprintf
 .text.avr-libc
                0x000036f8      0x3ee c:/program files (x86)/atmel/studio/7.0/toolchain/avr8/avr8-gnu-toolchain/bin/../lib/gcc/avr/5.4.0/../../../../avr/lib/avrxmega6\libc.a(vfprintf_std.o)
                0x000036f8                vfprintf
 .text.avr-libc
                0x00003ae6       0x16 c:/program files (x86)/atmel/studio/7.0/toolchain/avr8/avr8-gnu-toolchain/bin/../lib/gcc/avr/5.4.0/../../../../avr/lib/avrxmega6\libc.a(strnlen_P.o)
                0x00003ae6                strnlen_P
 .text.avr-libc
                0x00003afc       0x16 c:/program files (x86)/atmel/studio/7.0/toolchain/avr8/avr8-gnu-toolchain/bin/../lib/gcc/avr/5.4.0/../../../../avr/lib/avrxmega6\libc.a(strnlen.o)
                0x00003afc                strnlen
 .text.avr-libc
                0x00003b12       0x78 c:/program files (x86)/atmel/studio/7.0/toolchain/avr8/avr8-gnu-toolchain/bin/../lib/gcc/avr/5.4.0/../../../../avr/lib/avrxmega6\libc.a(fputc.o)
                0x00003b12                fputc
 .text.avr-libc
                0x00003b8a       0xbc c:/program files (x86)/atmel/studio/7.0/toolchain/avr8/avr8-gnu-toolchain/bin/../lib/gcc/avr/5.4.0/../../../../avr/lib/avrxmega6\libc.a(ultoa_invert.o)
                0x00003b8a                __ultoa_invert
                0x00003c46                . = ALIGN (0x2)
 *(.fini9)
 .fini9         0x00003c46        0x0 c:/program files (x86)/atmel/studio/7.0/toolchain/avr8/avr8-gnu-toolchain/bin/../lib/gcc/avr/5.4.0/avrxmega6\libgcc.a(_exit.o)
                0x00003c46                _exit
                0x00003c46                exit
 *(.fini9)
 *(.fini8)
 *(.fini8)
 *(.fini7)
 *(.fini7)
 *(.fini6)
 *(.fini6)
 *(.fini5)
 *(.fini5)
 *(.fini4)
 *(.fini4)
 *(.fini3)
 *(.fini3)
 *(.fini2)
 *(.fini2)
 *(.fini1)
 *(.fini1)
 *(.fini0)
 .fini0         0x00003c46        0x4 c:/program files (x86)/atmel/studio/7.0/toolchain/avr8/avr8-gnu-toolchain/bin/../lib/gcc/avr/5.4.0/avrxmega6\libgcc.a(_exit.o)
 *(.fini0)
                0x00003c4a                _etext = .

.data           0x00802000       0x48 load address 0x00003c4a
                0x00802000                PROVIDE (__data_start, .)
 *(.data)
 *(.data*)
 .data.sysfont  0x00802000        0x7 src/ASF/common/services/gfx_mono/sysfont.o
                0x00802000                sysfont
 .data.USART_SERIAL_OPTIONS.6499
                0x00802007        0x7 src/main.o
 *(.gnu.linkonce.d*)
 *(.rodata)
 *(.rodata*)
 .rodata.str1.1
                0x0080200e       0x3a src/main.o
 *(.gnu.linkonce.r*)
                0x00802048                . = ALIGN (0x2)
                0x00802048                _edata = .
                0x00802048                PROVIDE (__data_end, .)

.bss            0x00802048      0x25a
                0x00802048                PROVIDE (__bss_start, .)
 *(.bss)
 *(.bss*)
 .bss.framebuffer
                0x00802048      0x200 src/ASF/common/services/gfx_mono/gfx_mono_c12832_a1z.o
 .bss.adcb_enable_count
                0x00802248        0x1 src/ASF/xmega/drivers/adc/adc.o
 .bss.adca_enable_count
                0x00802249        0x1 src/ASF/xmega/drivers/adc/adc.o
 .bss.fbpointer
                0x0080224a        0x2 src/ASF/common/services/gfx_mono/gfx_mono_framebuffer.o
 .bss.tc_tcf0_ccd_callback
                0x0080224c        0x2 src/ASF/xmega/drivers/tc/tc.o
 .bss.tc_tcf0_ccc_callback
                0x0080224e        0x2 src/ASF/xmega/drivers/tc/tc.o
 .bss.tc_tcf0_ccb_callback
                0x00802250        0x2 src/ASF/xmega/drivers/tc/tc.o
 .bss.tc_tcf0_cca_callback
                0x00802252        0x2 src/ASF/xmega/drivers/tc/tc.o
 .bss.tc_tcf0_err_callback
                0x00802254        0x2 src/ASF/xmega/drivers/tc/tc.o
 .bss.tc_tcf0_ovf_callback
                0x00802256        0x2 src/ASF/xmega/drivers/tc/tc.o
 .bss.tc_tce1_ccb_callback
                0x00802258        0x2 src/ASF/xmega/drivers/tc/tc.o
 .bss.tc_tce1_cca_callback
                0x0080225a        0x2 src/ASF/xmega/drivers/tc/tc.o
 .bss.tc_tce1_err_callback
                0x0080225c        0x2 src/ASF/xmega/drivers/tc/tc.o
 .bss.tc_tce1_ovf_callback
                0x0080225e        0x2 src/ASF/xmega/drivers/tc/tc.o
 .bss.tc_tce0_ccd_callback
                0x00802260        0x2 src/ASF/xmega/drivers/tc/tc.o
 .bss.tc_tce0_ccc_callback
                0x00802262        0x2 src/ASF/xmega/drivers/tc/tc.o
 .bss.tc_tce0_ccb_callback
                0x00802264        0x2 src/ASF/xmega/drivers/tc/tc.o
 .bss.tc_tce0_cca_callback
                0x00802266        0x2 src/ASF/xmega/drivers/tc/tc.o
 .bss.tc_tce0_err_callback
                0x00802268        0x2 src/ASF/xmega/drivers/tc/tc.o
 .bss.tc_tce0_ovf_callback
                0x0080226a        0x2 src/ASF/xmega/drivers/tc/tc.o
 .bss.tc_tcd1_ccb_callback
                0x0080226c        0x2 src/ASF/xmega/drivers/tc/tc.o
 .bss.tc_tcd1_cca_callback
                0x0080226e        0x2 src/ASF/xmega/drivers/tc/tc.o
 .bss.tc_tcd1_err_callback
                0x00802270        0x2 src/ASF/xmega/drivers/tc/tc.o
 .bss.tc_tcd1_ovf_callback
                0x00802272        0x2 src/ASF/xmega/drivers/tc/tc.o
 .bss.tc_tcd0_ccd_callback
                0x00802274        0x2 src/ASF/xmega/drivers/tc/tc.o
 .bss.tc_tcd0_ccc_callback
                0x00802276        0x2 src/ASF/xmega/drivers/tc/tc.o
 .bss.tc_tcd0_ccb_callback
                0x00802278        0x2 src/ASF/xmega/drivers/tc/tc.o
 .bss.tc_tcd0_cca_callback
                0x0080227a        0x2 src/ASF/xmega/drivers/tc/tc.o
 .bss.tc_tcd0_err_callback
                0x0080227c        0x2 src/ASF/xmega/drivers/tc/tc.o
 .bss.tc_tcd0_ovf_callback
                0x0080227e        0x2 src/ASF/xmega/drivers/tc/tc.o
 .bss.tc_tcc1_ccb_callback
                0x00802280        0x2 src/ASF/xmega/drivers/tc/tc.o
 .bss.tc_tcc1_cca_callback
                0x00802282        0x2 src/ASF/xmega/drivers/tc/tc.o
 .bss.tc_tcc1_err_callback
                0x00802284        0x2 src/ASF/xmega/drivers/tc/tc.o
 .bss.tc_tcc1_ovf_callback
                0x00802286        0x2 src/ASF/xmega/drivers/tc/tc.o
 .bss.tc_tcc0_ccd_callback
                0x00802288        0x2 src/ASF/xmega/drivers/tc/tc.o
 .bss.tc_tcc0_ccc_callback
                0x0080228a        0x2 src/ASF/xmega/drivers/tc/tc.o
 .bss.tc_tcc0_ccb_callback
                0x0080228c        0x2 src/ASF/xmega/drivers/tc/tc.o
 .bss.tc_tcc0_cca_callback
                0x0080228e        0x2 src/ASF/xmega/drivers/tc/tc.o
 .bss.tc_tcc0_err_callback
                0x00802290        0x2 src/ASF/xmega/drivers/tc/tc.o
 .bss.tc_tcc0_ovf_callback
                0x00802292        0x2 src/ASF/xmega/drivers/tc/tc.o
 *(COMMON)
 COMMON         0x00802294        0x4 src/ASF/xmega/drivers/adc/adc.o
                0x00802294                adcb_callback
                0x00802296                adca_callback
 COMMON         0x00802298        0x6 src/ASF/common/services/sleepmgr/xmega/sleepmgr.o
                0x00802298                sleepmgr_locks
 COMMON         0x0080229e        0x4 src/main.o
                0x0080229e                last_temperaturec
                0x008022a0                last_temperaturef
                0x008022a2                PROVIDE (__bss_end, .)
                0x00003c4a                __data_load_start = LOADADDR (.data)
                0x00003c92                __data_load_end = (__data_load_start + SIZEOF (.data))

.noinit         0x008022a2        0x0
                [!provide]                PROVIDE (__noinit_start, .)
 *(.noinit*)
                [!provide]                PROVIDE (__noinit_end, .)
                0x008022a2                _end = .
                [!provide]                PROVIDE (__heap_start, .)

.eeprom         0x00810000        0x0
 *(.eeprom*)
                0x00810000                __eeprom_end = .

.fuse
 *(.fuse)
 *(.lfuse)
 *(.hfuse)
 *(.efuse)

.lock
 *(.lock*)

.signature
 *(.signature*)

.user_signatures
 *(.user_signatures*)

.stab
 *(.stab)

.stabstr
 *(.stabstr)

.stab.excl
 *(.stab.excl)

.stab.exclstr
 *(.stab.exclstr)

.stab.index
 *(.stab.index)

.stab.indexstr
 *(.stab.indexstr)

.comment        0x00000000       0x5c
 *(.comment)
 .comment       0x00000000       0x30 src/ASF/common/components/display/st7565r/st7565r.o
                                 0x31 (size before relaxing)
 .comment       0x00000030       0x31 src/ASF/common/services/gfx_mono/gfx_mono_c12832_a1z.o
 .comment       0x00000030       0x31 src/ASF/xmega/drivers/adc/adc.o
 .comment       0x00000030       0x31 src/ASF/xmega/drivers/usart/usart.o
 .comment       0x00000030       0x31 src/ASF/xmega/drivers/adc/xmega_aau/adc_aau.o
 .comment       0x00000030       0x31 src/ASF/common/services/spi/xmega_usart_spi/usart_spi.o
 .comment       0x00000030       0x31 src/ASF/common/services/sleepmgr/xmega/sleepmgr.o
 .comment       0x00000030       0x31 src/ASF/common/services/gfx_mono/gfx_mono_framebuffer.o
 .comment       0x00000030       0x31 src/ASF/common/services/gfx_mono/gfx_mono_generic.o
 .comment       0x00000030       0x31 src/ASF/common/services/clock/xmega/sysclk.o
 .comment       0x00000030       0x31 src/ASF/common/services/gfx_mono/gfx_mono_text.o
 .comment       0x00000030       0x31 src/ASF/xmega/drivers/tc/tc.o
 .comment       0x00000030       0x31 src/ASF/xmega/services/pwm/pwm.o
 .comment       0x00000030       0x31 src/ASF/common/services/gfx_mono/sysfont.o
 .comment       0x00000030       0x31 src/ASF/common/services/ioport/xmega/ioport_compat.o
 .comment       0x00000030       0x31 src/ASF/xmega/boards/xmega_a3bu_xplained/init.o
 .comment       0x00000030       0x31 src/main.o
 .comment       0x00000030       0x31 c:/program files (x86)/atmel/studio/7.0/toolchain/avr8/avr8-gnu-toolchain/bin/../lib/gcc/avr/5.4.0/../../../../avr/lib/avrxmega6\libc.a(snprintf.o)
 .comment       0x00000030       0x31 c:/program files (x86)/atmel/studio/7.0/toolchain/avr8/avr8-gnu-toolchain/bin/../lib/gcc/avr/5.4.0/../../../../avr/lib/avrxmega6\libc.a(sprintf.o)
 .comment       0x00000030       0x2c c:/program files (x86)/atmel/studio/7.0/toolchain/avr8/avr8-gnu-toolchain/bin/../lib/gcc/avr/5.4.0/../../../../avr/lib/avrxmega6\libc.a(vfprintf_std.o)
                                 0x2d (size before relaxing)
 .comment       0x0000005c       0x31 c:/program files (x86)/atmel/studio/7.0/toolchain/avr8/avr8-gnu-toolchain/bin/../lib/gcc/avr/5.4.0/../../../../avr/lib/avrxmega6\libc.a(fputc.o)

.note.gnu.avr.deviceinfo
                0x00000000       0x44
 .note.gnu.avr.deviceinfo
                0x00000000       0x44 C:/Program Files (x86)/Atmel/Studio/7.0/Packs/atmel/XMEGAA_DFP/1.1.68/gcc/dev/atxmega256a3bu/avrxmega6/crtatxmega256a3bu.o

.note.gnu.build-id
 *(.note.gnu.build-id)

.debug
 *(.debug)

.line
 *(.line)

.debug_srcinfo
 *(.debug_srcinfo)

.debug_sfnames
 *(.debug_sfnames)

.debug_aranges  0x00000000      0x580
 *(.debug_aranges)
 .debug_aranges
                0x00000000       0x28 src/ASF/common/components/display/st7565r/st7565r.o
 .debug_aranges
                0x00000028       0x60 src/ASF/common/services/gfx_mono/gfx_mono_c12832_a1z.o
 .debug_aranges
                0x00000088       0x48 src/ASF/xmega/drivers/adc/adc.o
 .debug_aranges
                0x000000d0       0x58 src/ASF/xmega/drivers/usart/usart.o
 .debug_aranges
                0x00000128       0x78 src/ASF/xmega/drivers/adc/xmega_aau/adc_aau.o
 .debug_aranges
                0x000001a0       0x48 src/ASF/common/services/spi/xmega_usart_spi/usart_spi.o
 .debug_aranges
                0x000001e8       0x18 src/ASF/common/services/sleepmgr/xmega/sleepmgr.o
 .debug_aranges
                0x00000200       0x58 src/ASF/common/services/gfx_mono/gfx_mono_framebuffer.o
 .debug_aranges
                0x00000258       0x58 src/ASF/common/services/gfx_mono/gfx_mono_generic.o
 .debug_aranges
                0x000002b0       0x40 src/ASF/common/services/clock/xmega/sysclk.o
 .debug_aranges
                0x000002f0       0x40 src/ASF/common/services/gfx_mono/gfx_mono_text.o
 .debug_aranges
                0x00000330      0x178 src/ASF/xmega/drivers/tc/tc.o
 .debug_aranges
                0x000004a8       0x30 src/ASF/xmega/services/pwm/pwm.o
 .debug_aranges
                0x000004d8       0x28 src/ASF/xmega/drivers/nvm/nvm_asm.o
 .debug_aranges
                0x00000500       0x18 src/ASF/common/services/gfx_mono/sysfont.o
 .debug_aranges
                0x00000518       0x20 src/ASF/common/services/ioport/xmega/ioport_compat.o
 .debug_aranges
                0x00000538       0x20 src/ASF/xmega/boards/xmega_a3bu_xplained/init.o
 .debug_aranges
                0x00000558       0x28 src/main.o

.debug_pubnames
 *(.debug_pubnames)

.debug_info     0x00000000    0x13219
 *(.debug_info .gnu.linkonce.wi.*)
 .debug_info    0x00000000     0x3379 C:/Program Files (x86)/Atmel/Studio/7.0/Packs/atmel/XMEGAA_DFP/1.1.68/gcc/dev/atxmega256a3bu/avrxmega6/crtatxmega256a3bu.o
 .debug_info    0x00003379     0x1945 src/ASF/common/components/display/st7565r/st7565r.o
 .debug_info    0x00004cbe     0x1de2 src/ASF/common/services/gfx_mono/gfx_mono_c12832_a1z.o
 .debug_info    0x00006aa0      0xa91 src/ASF/xmega/drivers/adc/adc.o
 .debug_info    0x00007531     0x2ce5 src/ASF/xmega/drivers/usart/usart.o
 .debug_info    0x0000a216      0xe99 src/ASF/xmega/drivers/adc/xmega_aau/adc_aau.o
 .debug_info    0x0000b0af      0xb7e src/ASF/common/services/spi/xmega_usart_spi/usart_spi.o
 .debug_info    0x0000bc2d      0x129 src/ASF/common/services/sleepmgr/xmega/sleepmgr.o
 .debug_info    0x0000bd56      0x487 src/ASF/common/services/gfx_mono/gfx_mono_framebuffer.o
 .debug_info    0x0000c1dd      0xc10 src/ASF/common/services/gfx_mono/gfx_mono_generic.o
 .debug_info    0x0000cded      0x71c src/ASF/common/services/clock/xmega/sysclk.o
 .debug_info    0x0000d509      0x71b src/ASF/common/services/gfx_mono/gfx_mono_text.o
 .debug_info    0x0000dc24     0x1935 src/ASF/xmega/drivers/tc/tc.o
 .debug_info    0x0000f559     0x13d4 src/ASF/xmega/services/pwm/pwm.o
 .debug_info    0x0001092d       0x9d src/ASF/xmega/drivers/nvm/nvm_asm.o
 .debug_info    0x000109ca      0x1af src/ASF/common/services/gfx_mono/sysfont.o
 .debug_info    0x00010b79      0x121 src/ASF/common/services/ioport/xmega/ioport_compat.o
 .debug_info    0x00010c9a      0xaeb src/ASF/xmega/boards/xmega_a3bu_xplained/init.o
 .debug_info    0x00011785     0x1a94 src/main.o

.debug_abbrev   0x00000000     0x575a
 *(.debug_abbrev)
 .debug_abbrev  0x00000000     0x30c4 C:/Program Files (x86)/Atmel/Studio/7.0/Packs/atmel/XMEGAA_DFP/1.1.68/gcc/dev/atxmega256a3bu/avrxmega6/crtatxmega256a3bu.o
 .debug_abbrev  0x000030c4      0x2a0 src/ASF/common/components/display/st7565r/st7565r.o
 .debug_abbrev  0x00003364      0x385 src/ASF/common/services/gfx_mono/gfx_mono_c12832_a1z.o
 .debug_abbrev  0x000036e9      0x2d2 src/ASF/xmega/drivers/adc/adc.o
 .debug_abbrev  0x000039bb      0x3f5 src/ASF/xmega/drivers/usart/usart.o
 .debug_abbrev  0x00003db0      0x320 src/ASF/xmega/drivers/adc/xmega_aau/adc_aau.o
 .debug_abbrev  0x000040d0      0x2d8 src/ASF/common/services/spi/xmega_usart_spi/usart_spi.o
 .debug_abbrev  0x000043a8       0x84 src/ASF/common/services/sleepmgr/xmega/sleepmgr.o
 .debug_abbrev  0x0000442c      0x174 src/ASF/common/services/gfx_mono/gfx_mono_framebuffer.o
 .debug_abbrev  0x000045a0      0x1ac src/ASF/common/services/gfx_mono/gfx_mono_generic.o
 .debug_abbrev  0x0000474c      0x218 src/ASF/common/services/clock/xmega/sysclk.o
 .debug_abbrev  0x00004964      0x21c src/ASF/common/services/gfx_mono/gfx_mono_text.o
 .debug_abbrev  0x00004b80      0x29b src/ASF/xmega/drivers/tc/tc.o
 .debug_abbrev  0x00004e1b      0x297 src/ASF/xmega/services/pwm/pwm.o
 .debug_abbrev  0x000050b2       0x12 src/ASF/xmega/drivers/nvm/nvm_asm.o
 .debug_abbrev  0x000050c4       0xe2 src/ASF/common/services/gfx_mono/sysfont.o
 .debug_abbrev  0x000051a6       0x95 src/ASF/common/services/ioport/xmega/ioport_compat.o
 .debug_abbrev  0x0000523b      0x14a src/ASF/xmega/boards/xmega_a3bu_xplained/init.o
 .debug_abbrev  0x00005385      0x3d5 src/main.o

.debug_line     0x00000000     0xa4c6
 *(.debug_line .debug_line.* .debug_line_end)
 .debug_line    0x00000000      0x39d C:/Program Files (x86)/Atmel/Studio/7.0/Packs/atmel/XMEGAA_DFP/1.1.68/gcc/dev/atxmega256a3bu/avrxmega6/crtatxmega256a3bu.o
 .debug_line    0x0000039d      0xaca src/ASF/common/components/display/st7565r/st7565r.o
 .debug_line    0x00000e67      0xdae src/ASF/common/services/gfx_mono/gfx_mono_c12832_a1z.o
 .debug_line    0x00001c15      0x7c5 src/ASF/xmega/drivers/adc/adc.o
 .debug_line    0x000023da      0xc9d src/ASF/xmega/drivers/usart/usart.o
 .debug_line    0x00003077      0x975 src/ASF/xmega/drivers/adc/xmega_aau/adc_aau.o
 .debug_line    0x000039ec      0x7d6 src/ASF/common/services/spi/xmega_usart_spi/usart_spi.o
 .debug_line    0x000041c2      0x457 src/ASF/common/services/sleepmgr/xmega/sleepmgr.o
 .debug_line    0x00004619      0x91f src/ASF/common/services/gfx_mono/gfx_mono_framebuffer.o
 .debug_line    0x00004f38      0xc0c src/ASF/common/services/gfx_mono/gfx_mono_generic.o
 .debug_line    0x00005b44      0x630 src/ASF/common/services/clock/xmega/sysclk.o
 .debug_line    0x00006174      0x9a9 src/ASF/common/services/gfx_mono/gfx_mono_text.o
 .debug_line    0x00006b1d      0xed2 src/ASF/xmega/drivers/tc/tc.o
 .debug_line    0x000079ef      0xc6f src/ASF/xmega/services/pwm/pwm.o
 .debug_line    0x0000865e      0x11f src/ASF/xmega/drivers/nvm/nvm_asm.o
 .debug_line    0x0000877d      0x7c9 src/ASF/common/services/gfx_mono/sysfont.o
 .debug_line    0x00008f46      0x4b4 src/ASF/common/services/ioport/xmega/ioport_compat.o
 .debug_line    0x000093fa      0x4df src/ASF/xmega/boards/xmega_a3bu_xplained/init.o
 .debug_line    0x000098d9      0xbed src/main.o

.debug_frame    0x00000000     0x1b88
 *(.debug_frame)
 .debug_frame   0x00000000       0x68 src/ASF/common/components/display/st7565r/st7565r.o
 .debug_frame   0x00000068      0x1b4 src/ASF/common/services/gfx_mono/gfx_mono_c12832_a1z.o
 .debug_frame   0x0000021c       0xbc src/ASF/xmega/drivers/adc/adc.o
 .debug_frame   0x000002d8      0x14c src/ASF/xmega/drivers/usart/usart.o
 .debug_frame   0x00000424      0x3e4 src/ASF/xmega/drivers/adc/xmega_aau/adc_aau.o
 .debug_frame   0x00000808       0x90 src/ASF/common/services/spi/xmega_usart_spi/usart_spi.o
 .debug_frame   0x00000898       0xd0 src/ASF/common/services/gfx_mono/gfx_mono_framebuffer.o
 .debug_frame   0x00000968      0x214 src/ASF/common/services/gfx_mono/gfx_mono_generic.o
 .debug_frame   0x00000b7c       0x94 src/ASF/common/services/clock/xmega/sysclk.o
 .debug_frame   0x00000c10      0x100 src/ASF/common/services/gfx_mono/gfx_mono_text.o
 .debug_frame   0x00000d10      0xd24 src/ASF/xmega/drivers/tc/tc.o
 .debug_frame   0x00001a34       0x84 src/ASF/xmega/services/pwm/pwm.o
 .debug_frame   0x00001ab8       0x30 src/ASF/common/services/ioport/xmega/ioport_compat.o
 .debug_frame   0x00001ae8       0x24 src/ASF/xmega/boards/xmega_a3bu_xplained/init.o
 .debug_frame   0x00001b0c       0x7c src/main.o

.debug_str      0x00000000    0x33d9e
 *(.debug_str)
 .debug_str     0x00000000     0x21e4 C:/Program Files (x86)/Atmel/Studio/7.0/Packs/atmel/XMEGAA_DFP/1.1.68/gcc/dev/atxmega256a3bu/avrxmega6/crtatxmega256a3bu.o
 .debug_str     0x000021e4    0x2b851 src/ASF/common/components/display/st7565r/st7565r.o
                              0x2c0ad (size before relaxing)
 .debug_str     0x0002da35      0xc05 src/ASF/common/services/gfx_mono/gfx_mono_c12832_a1z.o
                              0x2c9ae (size before relaxing)
 .debug_str     0x0002e63a      0xede src/ASF/xmega/drivers/adc/adc.o
                              0x2b89f (size before relaxing)
 .debug_str     0x0002f518      0xab6 src/ASF/xmega/drivers/usart/usart.o
                              0x2c1c1 (size before relaxing)
 .debug_str     0x0002ffce      0x5bc src/ASF/xmega/drivers/adc/xmega_aau/adc_aau.o
                              0x2bb32 (size before relaxing)
 .debug_str     0x0003058a       0x87 src/ASF/common/services/spi/xmega_usart_spi/usart_spi.o
                              0x2b682 (size before relaxing)
 .debug_str     0x00030611       0x35 src/ASF/common/services/sleepmgr/xmega/sleepmgr.o
                              0x288d2 (size before relaxing)
 .debug_str     0x00030646       0xba src/ASF/common/services/gfx_mono/gfx_mono_framebuffer.o
                              0x2c5c9 (size before relaxing)
 .debug_str     0x00030700      0x213 src/ASF/common/services/gfx_mono/gfx_mono_generic.o
                              0x2c70c (size before relaxing)
 .debug_str     0x00030913      0x228 src/ASF/common/services/clock/xmega/sysclk.o
                              0x2ae8c (size before relaxing)
 .debug_str     0x00030b3b      0x233 src/ASF/common/services/gfx_mono/gfx_mono_text.o
                              0x2c6a0 (size before relaxing)
 .debug_str     0x00030d6e      0x6ef src/ASF/xmega/drivers/tc/tc.o
                              0x2b862 (size before relaxing)
 .debug_str     0x0003145d     0x194a src/ASF/xmega/services/pwm/pwm.o
                              0x2ed3c (size before relaxing)
 .debug_str     0x00032da7       0x45 src/ASF/common/services/gfx_mono/sysfont.o
                              0x2d4fd (size before relaxing)
 .debug_str     0x00032dec       0x77 src/ASF/common/services/ioport/xmega/ioport_compat.o
                              0x28b89 (size before relaxing)
 .debug_str     0x00032e63       0xf7 src/ASF/xmega/boards/xmega_a3bu_xplained/init.o
                              0x2a7ba (size before relaxing)
 .debug_str     0x00032f5a      0xe44 src/main.o
                              0x2ff73 (size before relaxing)

.debug_loc      0x00000000     0x8f4f
 *(.debug_loc)
 .debug_loc     0x00000000      0x7c9 src/ASF/common/components/display/st7565r/st7565r.o
 .debug_loc     0x000007c9     0x1382 src/ASF/common/services/gfx_mono/gfx_mono_c12832_a1z.o
 .debug_loc     0x00001b4b      0x2b3 src/ASF/xmega/drivers/adc/adc.o
 .debug_loc     0x00001dfe      0xe14 src/ASF/xmega/drivers/usart/usart.o
 .debug_loc     0x00002c12      0xd3c src/ASF/xmega/drivers/adc/xmega_aau/adc_aau.o
 .debug_loc     0x0000394e      0x56c src/ASF/common/services/spi/xmega_usart_spi/usart_spi.o
 .debug_loc     0x00003eba      0x61c src/ASF/common/services/gfx_mono/gfx_mono_framebuffer.o
 .debug_loc     0x000044d6     0x11c5 src/ASF/common/services/gfx_mono/gfx_mono_generic.o
 .debug_loc     0x0000569b      0x2c5 src/ASF/common/services/clock/xmega/sysclk.o
 .debug_loc     0x00005960      0x9a2 src/ASF/common/services/gfx_mono/gfx_mono_text.o
 .debug_loc     0x00006302     0x1df6 src/ASF/xmega/drivers/tc/tc.o
 .debug_loc     0x000080f8      0x5c5 src/ASF/xmega/services/pwm/pwm.o
 .debug_loc     0x000086bd       0x66 src/ASF/common/services/ioport/xmega/ioport_compat.o
 .debug_loc     0x00008723      0x3fa src/ASF/xmega/boards/xmega_a3bu_xplained/init.o
 .debug_loc     0x00008b1d      0x432 src/main.o

.debug_macinfo
 *(.debug_macinfo)

.debug_weaknames
 *(.debug_weaknames)

.debug_funcnames
 *(.debug_funcnames)

.debug_typenames
 *(.debug_typenames)

.debug_varnames
 *(.debug_varnames)

.debug_pubtypes
 *(.debug_pubtypes)

.debug_ranges   0x00000000      0x628
 *(.debug_ranges)
 .debug_ranges  0x00000000       0x18 src/ASF/common/components/display/st7565r/st7565r.o
 .debug_ranges  0x00000018      0x188 src/ASF/common/services/gfx_mono/gfx_mono_c12832_a1z.o
 .debug_ranges  0x000001a0       0x38 src/ASF/xmega/drivers/adc/adc.o
 .debug_ranges  0x000001d8       0x80 src/ASF/xmega/drivers/usart/usart.o
 .debug_ranges  0x00000258       0x68 src/ASF/xmega/drivers/adc/xmega_aau/adc_aau.o
 .debug_ranges  0x000002c0       0x98 src/ASF/common/services/spi/xmega_usart_spi/usart_spi.o
 .debug_ranges  0x00000358       0x48 src/ASF/common/services/gfx_mono/gfx_mono_framebuffer.o
 .debug_ranges  0x000003a0       0x48 src/ASF/common/services/gfx_mono/gfx_mono_generic.o
 .debug_ranges  0x000003e8       0x30 src/ASF/common/services/clock/xmega/sysclk.o
 .debug_ranges  0x00000418       0x30 src/ASF/common/services/gfx_mono/gfx_mono_text.o
 .debug_ranges  0x00000448      0x168 src/ASF/xmega/drivers/tc/tc.o
 .debug_ranges  0x000005b0       0x20 src/ASF/xmega/services/pwm/pwm.o
 .debug_ranges  0x000005d0       0x20 src/ASF/xmega/drivers/nvm/nvm_asm.o
 .debug_ranges  0x000005f0       0x10 src/ASF/common/services/ioport/xmega/ioport_compat.o
 .debug_ranges  0x00000600       0x10 src/ASF/xmega/boards/xmega_a3bu_xplained/init.o
 .debug_ranges  0x00000610       0x18 src/main.o

.debug_macro    0x00000000     0xcb88
 *(.debug_macro)
 .debug_macro   0x00000000      0x278 src/ASF/common/components/display/st7565r/st7565r.o
 .debug_macro   0x00000278      0xa9c src/ASF/common/components/display/st7565r/st7565r.o
 .debug_macro   0x00000d14       0x10 src/ASF/common/components/display/st7565r/st7565r.o
 .debug_macro   0x00000d24      0x1c9 src/ASF/common/components/display/st7565r/st7565r.o
 .debug_macro   0x00000eed      0x2fc src/ASF/common/components/display/st7565r/st7565r.o
 .debug_macro   0x000011e9       0x9e src/ASF/common/components/display/st7565r/st7565r.o
 .debug_macro   0x00001287     0x6271 src/ASF/common/components/display/st7565r/st7565r.o
 .debug_macro   0x000074f8       0x9a src/ASF/common/components/display/st7565r/st7565r.o
 .debug_macro   0x00007592       0xf1 src/ASF/common/components/display/st7565r/st7565r.o
 .debug_macro   0x00007683       0x34 src/ASF/common/components/display/st7565r/st7565r.o
 .debug_macro   0x000076b7       0x16 src/ASF/common/components/display/st7565r/st7565r.o
 .debug_macro   0x000076cd       0x18 src/ASF/common/components/display/st7565r/st7565r.o
 .debug_macro   0x000076e5       0x5e src/ASF/common/components/display/st7565r/st7565r.o
 .debug_macro   0x00007743       0x10 src/ASF/common/components/display/st7565r/st7565r.o
 .debug_macro   0x00007753       0x22 src/ASF/common/components/display/st7565r/st7565r.o
 .debug_macro   0x00007775      0x16d src/ASF/common/components/display/st7565r/st7565r.o
 .debug_macro   0x000078e2       0x1c src/ASF/common/components/display/st7565r/st7565r.o
 .debug_macro   0x000078fe       0x35 src/ASF/common/components/display/st7565r/st7565r.o
 .debug_macro   0x00007933       0x66 src/ASF/common/components/display/st7565r/st7565r.o
 .debug_macro   0x00007999      0x64b src/ASF/common/components/display/st7565r/st7565r.o
 .debug_macro   0x00007fe4       0x97 src/ASF/common/components/display/st7565r/st7565r.o
 .debug_macro   0x0000807b       0x17 src/ASF/common/components/display/st7565r/st7565r.o
 .debug_macro   0x00008092      0x250 src/ASF/common/components/display/st7565r/st7565r.o
 .debug_macro   0x000082e2       0x76 src/ASF/common/components/display/st7565r/st7565r.o
 .debug_macro   0x00008358       0x16 src/ASF/common/components/display/st7565r/st7565r.o
 .debug_macro   0x0000836e      0x6e3 src/ASF/common/components/display/st7565r/st7565r.o
 .debug_macro   0x00008a51       0x10 src/ASF/common/components/display/st7565r/st7565r.o
 .debug_macro   0x00008a61      0x175 src/ASF/common/components/display/st7565r/st7565r.o
 .debug_macro   0x00008bd6       0x40 src/ASF/common/components/display/st7565r/st7565r.o
 .debug_macro   0x00008c16       0x69 src/ASF/common/components/display/st7565r/st7565r.o
 .debug_macro   0x00008c7f       0x32 src/ASF/common/components/display/st7565r/st7565r.o
 .debug_macro   0x00008cb1       0xe4 src/ASF/common/components/display/st7565r/st7565r.o
 .debug_macro   0x00008d95       0x22 src/ASF/common/components/display/st7565r/st7565r.o
 .debug_macro   0x00008db7      0x2c6 src/ASF/common/components/display/st7565r/st7565r.o
 .debug_macro   0x0000907d      0x303 src/ASF/common/components/display/st7565r/st7565r.o
 .debug_macro   0x00009380       0x7d src/ASF/common/components/display/st7565r/st7565r.o
 .debug_macro   0x000093fd       0x2f src/ASF/common/components/display/st7565r/st7565r.o
 .debug_macro   0x0000942c      0x154 src/ASF/common/components/display/st7565r/st7565r.o
 .debug_macro   0x00009580       0x82 src/ASF/common/components/display/st7565r/st7565r.o
 .debug_macro   0x00009602      0x109 src/ASF/common/components/display/st7565r/st7565r.o
 .debug_macro   0x0000970b       0x28 src/ASF/common/components/display/st7565r/st7565r.o
 .debug_macro   0x00009733       0x23 src/ASF/common/components/display/st7565r/st7565r.o
 .debug_macro   0x00009756       0x3a src/ASF/common/components/display/st7565r/st7565r.o
 .debug_macro   0x00009790      0x100 src/ASF/common/components/display/st7565r/st7565r.o
 .debug_macro   0x00009890       0x34 src/ASF/common/components/display/st7565r/st7565r.o
 .debug_macro   0x000098c4       0x2e src/ASF/common/components/display/st7565r/st7565r.o
 .debug_macro   0x000098f2      0x2bc src/ASF/common/services/gfx_mono/gfx_mono_c12832_a1z.o
 .debug_macro   0x00009bae       0x7a src/ASF/common/services/gfx_mono/gfx_mono_c12832_a1z.o
 .debug_macro   0x00009c28       0x89 src/ASF/common/services/gfx_mono/gfx_mono_c12832_a1z.o
 .debug_macro   0x00009cb1      0x22f src/ASF/xmega/drivers/adc/adc.o
 .debug_macro   0x00009ee0       0x10 src/ASF/xmega/drivers/adc/adc.o
 .debug_macro   0x00009ef0       0x20 src/ASF/xmega/drivers/adc/adc.o
 .debug_macro   0x00009f10       0x10 src/ASF/xmega/drivers/adc/adc.o
 .debug_macro   0x00009f20       0x42 src/ASF/xmega/drivers/adc/adc.o
 .debug_macro   0x00009f62       0xe3 src/ASF/xmega/drivers/adc/adc.o
 .debug_macro   0x0000a045      0x223 src/ASF/xmega/drivers/usart/usart.o
 .debug_macro   0x0000a268      0x302 src/ASF/xmega/drivers/usart/usart.o
 .debug_macro   0x0000a56a      0x22f src/ASF/xmega/drivers/adc/xmega_aau/adc_aau.o
 .debug_macro   0x0000a799      0x236 src/ASF/common/services/spi/xmega_usart_spi/usart_spi.o
 .debug_macro   0x0000a9cf      0x1a3 src/ASF/common/services/sleepmgr/xmega/sleepmgr.o
 .debug_macro   0x0000ab72      0x2b0 src/ASF/common/services/gfx_mono/gfx_mono_framebuffer.o
 .debug_macro   0x0000ae22      0x2b0 src/ASF/common/services/gfx_mono/gfx_mono_generic.o
 .debug_macro   0x0000b0d2      0x1db src/ASF/common/services/clock/xmega/sysclk.o
 .debug_macro   0x0000b2ad       0x26 src/ASF/common/services/clock/xmega/sysclk.o
 .debug_macro   0x0000b2d3      0x2d7 src/ASF/common/services/gfx_mono/gfx_mono_text.o
 .debug_macro   0x0000b5aa       0xaa src/ASF/common/services/gfx_mono/gfx_mono_text.o
 .debug_macro   0x0000b654      0x225 src/ASF/xmega/drivers/tc/tc.o
 .debug_macro   0x0000b879       0x12 src/ASF/xmega/drivers/tc/tc.o
 .debug_macro   0x0000b88b      0x39f src/ASF/xmega/services/pwm/pwm.o
 .debug_macro   0x0000bc2a       0x34 src/ASF/xmega/services/pwm/pwm.o
 .debug_macro   0x0000bc5e       0x3a src/ASF/xmega/services/pwm/pwm.o
 .debug_macro   0x0000bc98       0x46 src/ASF/xmega/services/pwm/pwm.o
 .debug_macro   0x0000bcde       0x18 src/ASF/xmega/services/pwm/pwm.o
 .debug_macro   0x0000bcf6       0x1c src/ASF/xmega/services/pwm/pwm.o
 .debug_macro   0x0000bd12      0x2dd src/ASF/common/services/gfx_mono/sysfont.o
 .debug_macro   0x0000bfef      0x195 src/ASF/common/services/ioport/xmega/ioport_compat.o
 .debug_macro   0x0000c184      0x1b7 src/ASF/xmega/boards/xmega_a3bu_xplained/init.o
 .debug_macro   0x0000c33b       0x2e src/ASF/xmega/boards/xmega_a3bu_xplained/init.o
 .debug_macro   0x0000c369      0x2c0 src/ASF/xmega/boards/xmega_a3bu_xplained/init.o
 .debug_macro   0x0000c629      0x3e3 src/main.o
 .debug_macro   0x0000ca0c       0x58 src/main.o
 .debug_macro   0x0000ca64       0x10 src/main.o
 .debug_macro   0x0000ca74       0xf2 src/main.o
 .debug_macro   0x0000cb66       0x22 src/main.o
OUTPUT(GccBoardProject2.elf elf32-avr)
LOAD linker stubs

.BOOT           0x00040000        0x0
